Archive member included to satisfy reference by file (symbol)

C:\Users\Kartik Chakravarty\Documents\MCUXpressoIDE_10.3.0_2200\workspace3\lpc_board_nxp_lpcxpresso_1769\Debug\liblpc_board_nxp_lpcxpresso_1769.a(board.o)
                              ./freertos/src/FreeRTOSCommonHooks.o (Board_UARTPutSTR)
C:\Users\Kartik Chakravarty\Documents\MCUXpressoIDE_10.3.0_2200\workspace3\lpc_board_nxp_lpcxpresso_1769\Debug\liblpc_board_nxp_lpcxpresso_1769.a(board_sysinit.o)
                              ./example/src/sysinit.o (Board_SystemInit)
C:\Users\Kartik Chakravarty\Documents\MCUXpressoIDE_10.3.0_2200\workspace3\lpc_chip_175x_6x\Debug\liblpc_chip_175x_6x.a(chip_17xx_40xx.o)
                              ./freertos/src/port.o (SystemCoreClock)
C:\Users\Kartik Chakravarty\Documents\MCUXpressoIDE_10.3.0_2200\workspace3\lpc_chip_175x_6x\Debug\liblpc_chip_175x_6x.a(clock_17xx_40xx.o)
                              C:\Users\Kartik Chakravarty\Documents\MCUXpressoIDE_10.3.0_2200\workspace3\lpc_chip_175x_6x\Debug\liblpc_chip_175x_6x.a(chip_17xx_40xx.o) (Chip_Clock_EnablePLL)
C:\Users\Kartik Chakravarty\Documents\MCUXpressoIDE_10.3.0_2200\workspace3\lpc_chip_175x_6x\Debug\liblpc_chip_175x_6x.a(i2s_17xx_40xx.o)
                              C:\Users\Kartik Chakravarty\Documents\MCUXpressoIDE_10.3.0_2200\workspace3\lpc_board_nxp_lpcxpresso_1769\Debug\liblpc_board_nxp_lpcxpresso_1769.a(board.o) (Chip_I2S_Init)
C:\Users\Kartik Chakravarty\Documents\MCUXpressoIDE_10.3.0_2200\workspace3\lpc_chip_175x_6x\Debug\liblpc_chip_175x_6x.a(iocon_17xx_40xx.o)
                              C:\Users\Kartik Chakravarty\Documents\MCUXpressoIDE_10.3.0_2200\workspace3\lpc_board_nxp_lpcxpresso_1769\Debug\liblpc_board_nxp_lpcxpresso_1769.a(board.o) (Chip_IOCON_PinMux)
C:\Users\Kartik Chakravarty\Documents\MCUXpressoIDE_10.3.0_2200\workspace3\lpc_chip_175x_6x\Debug\liblpc_chip_175x_6x.a(sysinit_17xx_40xx.o)
                              C:\Users\Kartik Chakravarty\Documents\MCUXpressoIDE_10.3.0_2200\workspace3\lpc_board_nxp_lpcxpresso_1769\Debug\liblpc_board_nxp_lpcxpresso_1769.a(board_sysinit.o) (Chip_SetupXtalClocking)
C:\Users\Kartik Chakravarty\Documents\MCUXpressoIDE_10.3.0_2200\workspace3\lpc_chip_175x_6x\Debug\liblpc_chip_175x_6x.a(uart_17xx_40xx.o)
                              C:\Users\Kartik Chakravarty\Documents\MCUXpressoIDE_10.3.0_2200\workspace3\lpc_board_nxp_lpcxpresso_1769\Debug\liblpc_board_nxp_lpcxpresso_1769.a(board.o) (Chip_UART_Init)
C:\Users\Kartik Chakravarty\Documents\MCUXpressoIDE_10.3.0_2200\workspace3\lpc_chip_175x_6x\Debug\liblpc_chip_175x_6x.a(ring_buffer.o)
                              C:\Users\Kartik Chakravarty\Documents\MCUXpressoIDE_10.3.0_2200\workspace3\lpc_chip_175x_6x\Debug\liblpc_chip_175x_6x.a(uart_17xx_40xx.o) (RingBuffer_Insert)
c:/nxp/mcuxpressoide_10.3.0_2200/ide/plugins/com.nxp.mcuxpresso.tools.win32_10.3.0.201811011841/tools/bin/../lib/gcc/arm-none-eabi/7.3.1/../../../../arm-none-eabi/lib/thumb/v7-m\libcr_nohost.a(_cr__main.o)
                              ./example/src/cr_startup_lpc175x_6x.o (__main)
c:/nxp/mcuxpressoide_10.3.0_2200/ide/plugins/com.nxp.mcuxpresso.tools.win32_10.3.0.201811011841/tools/bin/../lib/gcc/arm-none-eabi/7.3.1/../../../../arm-none-eabi/lib/thumb/v7-m\libcr_c.a(memcpy.o)
                              ./freertos/src/queue.o (memcpy)
c:/nxp/mcuxpressoide_10.3.0_2200/ide/plugins/com.nxp.mcuxpresso.tools.win32_10.3.0.201811011841/tools/bin/../lib/gcc/arm-none-eabi/7.3.1/../../../../arm-none-eabi/lib/thumb/v7-m\libcr_c.a(memset.o)
                              ./freertos/src/tasks.o (memset)
c:/nxp/mcuxpressoide_10.3.0_2200/ide/plugins/com.nxp.mcuxpresso.tools.win32_10.3.0.201811011841/tools/bin/../lib/gcc/arm-none-eabi/7.3.1/../../../../arm-none-eabi/lib/thumb/v7-m\libcr_c.a(alloc.o)
                              ./freertos/src/heap_3.o (malloc)
c:/nxp/mcuxpressoide_10.3.0_2200/ide/plugins/com.nxp.mcuxpresso.tools.win32_10.3.0.201811011841/tools/bin/../lib/gcc/arm-none-eabi/7.3.1/../../../../arm-none-eabi/lib/thumb/v7-m\libcr_c.a(cos.o)
                              ./example/src/3d_utilities.o (cos)
c:/nxp/mcuxpressoide_10.3.0_2200/ide/plugins/com.nxp.mcuxpresso.tools.win32_10.3.0.201811011841/tools/bin/../lib/gcc/arm-none-eabi/7.3.1/../../../../arm-none-eabi/lib/thumb/v7-m\libcr_c.a(cr_time.o)
                              ./example/src/3d_utilities.o (time)
c:/nxp/mcuxpressoide_10.3.0_2200/ide/plugins/com.nxp.mcuxpresso.tools.win32_10.3.0.201811011841/tools/bin/../lib/gcc/arm-none-eabi/7.3.1/../../../../arm-none-eabi/lib/thumb/v7-m\libcr_c.a(floor.o)
                              ./example/src/3d_utilities.o (floor)
c:/nxp/mcuxpressoide_10.3.0_2200/ide/plugins/com.nxp.mcuxpresso.tools.win32_10.3.0.201811011841/tools/bin/../lib/gcc/arm-none-eabi/7.3.1/../../../../arm-none-eabi/lib/thumb/v7-m\libcr_c.a(fpprintf.o)
                              ./freertos/src/FreeRTOSCommonHooks.o (printf)
[...]
Memory Configuration

Name             Origin             Length             Attributes
MFlash512        0x00000000         0x00080000         xr
RamLoc32         0x10000000         0x00008000         xrw
RamAHB32         0x2007c000         0x00008000         xrw
*default*        0x00000000         0xffffffff

Linker script and memory map

LOAD ./freertos/src/FreeRTOSCommonHooks.o
LOAD ./freertos/src/heap_3.o
LOAD ./freertos/src/list.o
LOAD ./freertos/src/port.o
LOAD ./freertos/src/queue.o
LOAD ./freertos/src/tasks.o
LOAD ./example/src/3d_utilities.o
LOAD ./example/src/cr_startup_lpc175x_6x.o
LOAD ./example/src/freertos_blinky.o
LOAD ./example/src/lcd_utilities.o
LOAD ./example/src/ssp.o
LOAD ./example/src/sysinit.o
LOAD ./example/inc/co_ordinate.o
LOAD C:\Users\Kartik Chakravarty\Documents\MCUXpressoIDE_10.3.0_2200\workspace3\lpc_board_nxp_lpcxpresso_1769\Debug\liblpc_board_nxp_lpcxpresso_1769.a
LOAD C:\Users\Kartik Chakravarty\Documents\MCUXpressoIDE_10.3.0_2200\workspace3\lpc_chip_175x_6x\Debug\liblpc_chip_175x_6x.a
START GROUP
LOAD c:/nxp/mcuxpressoide_10.3.0_2200/ide/plugins/com.nxp.mcuxpresso.tools.win32_10.3.0.201811011841/tools/bin/../lib/gcc/arm-none-eabi/7.3.1/../../../../arm-none-eabi/lib/thumb/v7-m\libcr_nohost.a
LOAD c:/nxp/mcuxpressoide_10.3.0_2200/ide/plugins/com.nxp.mcuxpresso.tools.win32_10.3.0.201811011841/tools/bin/../lib/gcc/arm-none-eabi/7.3.1/../../../../arm-none-eabi/lib/thumb/v7-m\libcr_c.a
LOAD c:/nxp/mcuxpressoide_10.3.0_2200/ide/plugins/com.nxp.mcuxpresso.tools.win32_10.3.0.201811011841/tools/bin/../lib/gcc/arm-none-eabi/7.3.1/thumb/v7-m\libcr_eabihelpers.a
END GROUP
                0x00000000                __base_MFlash512 = 0x0
                0x00000000                __base_Flash = 0x0
                0x00080000                __top_MFlash512 = 0x80000
                0x00080000                __top_Flash = 0x80000
                0x10000000                __base_RamLoc32 = 0x10000000
                0x10000000                __base_RAM = 0x10000000
                0x10008000                __top_RamLoc32 = 0x10008000
                0x10008000                __top_RAM = 0x10008000
                0x2007c000                __base_RamAHB32 = 0x2007c000
                0x2007c000                __base_RAM2 = 0x2007c000
                0x20084000                __top_RamAHB32 = 0x20084000
                0x20084000                __top_RAM2 = 0x20084000

.text           0x00000000     0x9304
 FILL mask 0xff
                0x00000000                __vectors_start__ = ABSOLUTE (.)
 *(.isr_vector)
 .isr_vector    0x00000000       0xcc ./example/src/cr_startup_lpc175x_6x.o
                0x00000000                g_pfnVectors
                0x000000cc                . = ALIGN (0x4)
                0x000000cc                __section_table_start = .
                0x000000cc                __data_section_table = .
                0x000000cc        0x4 LONG 0x9304 LOADADDR (.data)
                0x000000d0        0x4 LONG 0x10000000 ADDR (.data)
                0x000000d4        0x4 LONG 0x400 SIZEOF (.data)
                0x000000d8        0x4 LONG 0x9304 LOADADDR (.data_RAM2)
                0x000000dc        0x4 LONG 0x2007c000 ADDR (.data_RAM2)
                0x000000e0        0x4 LONG 0x0 SIZEOF (.data_RAM2)
                0x000000e4                __data_section_table_end = .
                0x000000e4                __bss_section_table = .
                0x000000e4        0x4 LONG 0x10000400 ADDR (.bss)
                0x000000e8        0x4 LONG 0x838 SIZEOF (.bss)
                0x000000ec        0x4 LONG 0x2007c000 ADDR (.bss_RAM2)
                0x000000f0        0x4 LONG 0x0 SIZEOF (.bss_RAM2)
                0x000000f4                __bss_section_table_end = .
                0x000000f4                __section_table_end = .
 *(.after_vectors*)
 .after_vectors
                0x000000f4      0x12c ./example/src/cr_startup_lpc175x_6x.o
                0x000000f4                data_init
                0x00000136                bss_init
                0x0000016c                ResetISR
                0x000001e4                NMI_Handler
                0x000001ea                HardFault_Handler
                0x000001f0                MemManage_Handler
                0x000001f6                BusFault_Handler
                0x000001fc                UsageFault_Handler
                0x00000208                DebugMon_Handler
                0x0000021a                UART1_IRQHandler
                0x0000021a                EINT3_IRQHandler
                0x0000021a                I2C1_IRQHandler
                0x0000021a                TIMER3_IRQHandler
                0x0000021a                UART0_IRQHandler
                0x0000021a                USBActivity_IRQHandler
                0x0000021a                CANActivity_IRQHandler
                0x0000021a                EINT2_IRQHandler
                0x0000021a                IntDefaultHandler
                0x0000021a                PLL0_IRQHandler
                0x0000021a                I2C0_IRQHandler
                0x0000021a                PLL1_IRQHandler
                0x0000021a                I2S_IRQHandler
                0x0000021a                I2C2_IRQHandler
                0x0000021a                RTC_IRQHandler
                0x0000021a                TIMER0_IRQHandler
                0x0000021a                SPI_IRQHandler
                0x0000021a                RIT_IRQHandler
                0x0000021a                EINT1_IRQHandler
                0x0000021a                TIMER1_IRQHandler
                0x0000021a                UART2_IRQHandler
                0x0000021a                ADC_IRQHandler
                0x0000021a                USB_IRQHandler
                0x0000021a                BOD_IRQHandler
                0x0000021a                PWM1_IRQHandler
                0x0000021a                WDT_IRQHandler
                0x0000021a                QEI_IRQHandler
                0x0000021a                EINT0_IRQHandler
                0x0000021a                ETH_IRQHandler
                0x0000021a                CAN_IRQHandler
                0x0000021a                DMA_IRQHandler
                0x0000021a                TIMER2_IRQHandler
                0x0000021a                UART3_IRQHandler
                0x0000021a                MCPWM_IRQHandler
 *(.text*)
 .text.vApplicationIdleHook
                0x00000220        0xe ./freertos/src/FreeRTOSCommonHooks.o
                0x00000220                vApplicationIdleHook
 .text.pvPortMalloc
                0x0000022e       0x22 ./freertos/src/heap_3.o
                0x0000022e                pvPortMalloc
 .text.vPortFree
                0x00000250       0x24 ./freertos/src/heap_3.o
                0x00000250                vPortFree
 .text.vListInitialise
                0x00000274       0x3e ./freertos/src/list.o
                0x00000274                vListInitialise
 .text.vListInitialiseItem
                0x000002b2       0x18 ./freertos/src/list.o
                0x000002b2                vListInitialiseItem
 .text.vListInsertEnd
                0x000002ca       0x46 ./freertos/src/list.o
                0x000002ca                vListInsertEnd
 .text.uxListRemove
                0x00000310       0x52 ./freertos/src/list.o
                0x00000310                uxListRemove
 *fill*         0x00000362        0x2 ff
 .text.pxPortInitialiseStack
                0x00000364       0x54 ./freertos/src/port.o
                0x00000364                pxPortInitialiseStack
 .text.prvTaskExitError
                0x000003b8        0xa ./freertos/src/port.o
 *fill*         0x000003c2        0x2 ff
 .text.SVC_Handler
                0x000003c4       0x24 ./freertos/src/port.o
                0x000003c4                SVC_Handler
 .text.prvPortStartFirstTask
                0x000003e8       0x18 ./freertos/src/port.o
 .text.xPortStartScheduler
                0x00000400       0x38 ./freertos/src/port.o
                0x00000400                xPortStartScheduler
 .text.vPortYield
                0x00000438       0x20 ./freertos/src/port.o
                0x00000438                vPortYield
 .text.vPortEnterCritical
                0x00000458       0x24 ./freertos/src/port.o
                0x00000458                vPortEnterCritical
 .text.vPortExitCritical
                0x0000047c       0x24 ./freertos/src/port.o
                0x0000047c                vPortExitCritical
 .text.ulPortSetInterruptMask
                0x000004a0       0x12 ./freertos/src/port.o
                0x000004a0                ulPortSetInterruptMask
 .text.vPortClearInterruptMask
                0x000004b2        0x8 ./freertos/src/port.o
                0x000004b2                vPortClearInterruptMask
 *fill*         0x000004ba        0x2 ff
 .text.PendSV_Handler
                0x000004bc       0x40 ./freertos/src/port.o
                0x000004bc                PendSV_Handler
 .text.SysTick_Handler
                0x000004fc       0x28 ./freertos/src/port.o
                0x000004fc                SysTick_Handler
 .text.vPortSuppressTicksAndSleep
                0x00000524      0x15c ./freertos/src/port.o
                0x00000524                vPortSuppressTicksAndSleep
 .text.vPortSetupTimerInterrupt
                0x00000680       0x68 ./freertos/src/port.o
                0x00000680                vPortSetupTimerInterrupt
 .text.xTaskGenericCreate
                0x000006e8      0x140 ./freertos/src/tasks.o
                0x000006e8                xTaskGenericCreate
 .text.vTaskStartScheduler
                0x00000828       0x58 ./freertos/src/tasks.o
                0x00000828                vTaskStartScheduler
 .text.vTaskSuspendAll
                0x00000880       0x1c ./freertos/src/tasks.o
                0x00000880                vTaskSuspendAll
 .text.prvGetExpectedIdleTime
                0x0000089c       0x4c ./freertos/src/tasks.o
 .text.xTaskResumeAll
                0x000008e8       0xfc ./freertos/src/tasks.o
                0x000008e8                xTaskResumeAll
 .text.vTaskStepTick
                0x000009e4       0x24 ./freertos/src/tasks.o
                0x000009e4                vTaskStepTick
 .text.xTaskIncrementTick
                0x00000a08      0x18c ./freertos/src/tasks.o
                0x00000a08                xTaskIncrementTick
 .text.vTaskSwitchContext
                0x00000b94       0x98 ./freertos/src/tasks.o
                0x00000b94                vTaskSwitchContext
 .text.prvIdleTask
                0x00000c2c       0x48 ./freertos/src/tasks.o
 .text.eTaskConfirmSleepModeStatus
                0x00000c74       0x5c ./freertos/src/tasks.o
                0x00000c74                eTaskConfirmSleepModeStatus
 .text.prvInitialiseTCBVariables
                0x00000cd0       0x98 ./freertos/src/tasks.o
 .text.prvInitialiseTaskLists
                0x00000d68       0x80 ./freertos/src/tasks.o
 .text.prvCheckTasksWaitingTermination
                0x00000de8       0x78 ./freertos/src/tasks.o
 .text.prvAllocateTCBAndStack
                0x00000e60       0x62 ./freertos/src/tasks.o
 .text.prvDeleteTCB
                0x00000ec2       0x20 ./freertos/src/tasks.o
 *fill*         0x00000ee2        0x6 ff
 .text.world_to_viewer_coord
                0x00000ee8      0x330 ./example/src/3d_utilities.o
                0x00000ee8                world_to_viewer_coord
 .text.viewer_to_2d_coord
                0x00001218       0x70 ./example/src/3d_utilities.o
                0x00001218                viewer_to_2d_coord
 .text.conv_3D_to_2D
                0x00001288       0x36 ./example/src/3d_utilities.o
                0x00001288                conv_3D_to_2D
 *fill*         0x000012be        0x2 ff
 .text.all3Dto2D
                0x000012c0       0x78 ./example/src/3d_utilities.o
                0x000012c0                all3Dto2D
 .text.allVirtualtoNative
                0x00001338       0x88 ./example/src/3d_utilities.o
                0x00001338                allVirtualtoNative
 .text.rotate   0x000013c0      0xbcc ./example/src/3d_utilities.o
                0x000013c0                rotate
 *fill*         0x00001f8c        0x4 ff
 .text.drawcube
                0x00001f90      0xd68 ./example/src/3d_utilities.o
                0x00001f90                drawcube
 .text.fillShadow
                0x00002cf8      0x2cc ./example/src/3d_utilities.o
                0x00002cf8                fillShadow
 .text.drawInitial
                0x00002fc4       0x3c ./example/src/3d_utilities.o
                0x00002fc4                drawInitial
 .text.draw3D   0x00003000      0x4c8 ./example/src/3d_utilities.o
                0x00003000                draw3D
 .text.get_leaf_colour
                0x000034c8       0x98 ./example/src/3d_utilities.o
                0x000034c8                get_leaf_colour
 .text.draw_trees
                0x00003560      0xc10 ./example/src/3d_utilities.o
                0x00003560                draw_trees
 .text.shrinkingSquaresScreenSaver_Cube
                0x00004170       0xe6 ./example/src/3d_utilities.o
                0x00004170                shrinkingSquaresScreenSaver_Cube
 *fill*         0x00004256        0x2 ff
 .text.drawShrinkingSquares_Cube
                0x00004258      0x288 ./example/src/3d_utilities.o
                0x00004258                drawShrinkingSquares_Cube
 .text.drawSquare_Cube
                0x000044e0       0x5e ./example/src/3d_utilities.o
                0x000044e0                drawSquare_Cube
 .text.prvSetupHardware
                0x0000453e       0x10 ./example/src/freertos_blinky.o
 *fill*         0x0000454e        0x2 ff
 .text.vThreeDTask
                0x00004550       0x34 ./example/src/freertos_blinky.o
 .text.main     0x00004584       0x58 ./example/src/freertos_blinky.o
                0x00004584                main
 .text.spiwrite
                0x000045dc       0x40 ./example/src/lcd_utilities.o
                0x000045dc                spiwrite
 .text.writecommand
                0x0000461c       0x2c ./example/src/lcd_utilities.o
                0x0000461c                writecommand
 .text.writedata
                0x00004648       0x2c ./example/src/lcd_utilities.o
                0x00004648                writedata
 .text.writeword
                0x00004674       0x2e ./example/src/lcd_utilities.o
                0x00004674                writeword
 .text.write888
                0x000046a2       0x4e ./example/src/lcd_utilities.o
                0x000046a2                write888
 .text.setAddrWindow
                0x000046f0       0x52 ./example/src/lcd_utilities.o
                0x000046f0                setAddrWindow
 .text.fillrect
                0x00004742       0x68 ./example/src/lcd_utilities.o
                0x00004742                fillrect
 .text.lcddelay
                0x000047aa       0x2e ./example/src/lcd_utilities.o
                0x000047aa                lcddelay
 .text.lcd_init
                0x000047d8       0xd0 ./example/src/lcd_utilities.o
                0x000047d8                lcd_init
 .text.drawPixel
                0x000048a8       0x6c ./example/src/lcd_utilities.o
                0x000048a8                drawPixel
 .text.drawLine
                0x00004914      0x18e ./example/src/lcd_utilities.o
                0x00004914                drawLine
 .text.drawLineWithPoint
                0x00004aa2      0x20a ./example/src/lcd_utilities.o
                0x00004aa2                drawLineWithPoint
 .text.NVIC_EnableIRQ
                0x00004cac       0x30 ./example/src/ssp.o
 .text.SSP0_IRQHandler
                0x00004cdc       0x70 ./example/src/ssp.o
                0x00004cdc                SSP0_IRQHandler
 .text.SSP1_IRQHandler
                0x00004d4c       0x70 ./example/src/ssp.o
                0x00004d4c                SSP1_IRQHandler
 .text.SSP_SSELToggle
                0x00004dbc       0x68 ./example/src/ssp.o
                0x00004dbc                SSP_SSELToggle
 .text.SSP0Init
                0x00004e24       0xc0 ./example/src/ssp.o
                0x00004e24                SSP0Init
 .text.SSPSend  0x00004ee4       0xa0 ./example/src/ssp.o
                0x00004ee4                SSPSend
 .text.SystemInit
                0x00004f84       0x24 ./example/src/sysinit.o
                0x00004f84                SystemInit
 .text.virtualToNativeCoord
                0x00004fa8       0x4a ./example/inc/co_ordinate.o
                0x00004fa8                virtualToNativeCoord
 .text.generate_random_in_range
                0x00004ff2       0x2e ./example/inc/co_ordinate.o
                0x00004ff2                generate_random_in_range
 .text.Chip_IOCON_Init
                0x00005020       0x16 C:\Users\Kartik Chakravarty\Documents\MCUXpressoIDE_10.3.0_2200\workspace3\lpc_board_nxp_lpcxpresso_1769\Debug\liblpc_board_nxp_lpcxpresso_1769.a(board.o)
 .text.Chip_GPIO_Init
                0x00005036       0x16 C:\Users\Kartik Chakravarty\Documents\MCUXpressoIDE_10.3.0_2200\workspace3\lpc_board_nxp_lpcxpresso_1769\Debug\liblpc_board_nxp_lpcxpresso_1769.a(board.o)
 .text.Chip_GPIO_SetPinDIROutput
                0x0000504c       0x36 C:\Users\Kartik Chakravarty\Documents\MCUXpressoIDE_10.3.0_2200\workspace3\lpc_board_nxp_lpcxpresso_1769\Debug\liblpc_board_nxp_lpcxpresso_1769.a(board.o)
 .text.Chip_GPIO_SetPinDIRInput
                0x00005082       0x3a C:\Users\Kartik Chakravarty\Documents\MCUXpressoIDE_10.3.0_2200\workspace3\lpc_board_nxp_lpcxpresso_1769\Debug\liblpc_board_nxp_lpcxpresso_1769.a(board.o)
 .text.Chip_GPIO_SetPinDIR
                0x000050bc       0x42 C:\Users\Kartik Chakravarty\Documents\MCUXpressoIDE_10.3.0_2200\workspace3\lpc_board_nxp_lpcxpresso_1769\Debug\liblpc_board_nxp_lpcxpresso_1769.a(board.o)
 .text.Chip_GPIO_WriteDirBit
                0x000050fe       0x2e C:\Users\Kartik Chakravarty\Documents\MCUXpressoIDE_10.3.0_2200\workspace3\lpc_board_nxp_lpcxpresso_1769\Debug\liblpc_board_nxp_lpcxpresso_1769.a(board.o)
 .text.Chip_UART_SendByte
                0x0000512c       0x1c C:\Users\Kartik Chakravarty\Documents\MCUXpressoIDE_10.3.0_2200\workspace3\lpc_board_nxp_lpcxpresso_1769\Debug\liblpc_board_nxp_lpcxpresso_1769.a(board.o)
 .text.Chip_UART_ConfigData
                0x00005148       0x1a C:\Users\Kartik Chakravarty\Documents\MCUXpressoIDE_10.3.0_2200\workspace3\lpc_board_nxp_lpcxpresso_1769\Debug\liblpc_board_nxp_lpcxpresso_1769.a(board.o)
 .text.Chip_UART_ReadLineStatus
                0x00005162       0x16 C:\Users\Kartik Chakravarty\Documents\MCUXpressoIDE_10.3.0_2200\workspace3\lpc_board_nxp_lpcxpresso_1769\Debug\liblpc_board_nxp_lpcxpresso_1769.a(board.o)
 .text.__sys_write
                0x00005178       0x38 C:\Users\Kartik Chakravarty\Documents\MCUXpressoIDE_10.3.0_2200\workspace3\lpc_board_nxp_lpcxpresso_1769\Debug\liblpc_board_nxp_lpcxpresso_1769.a(board.o)
                0x00005178                __sys_write
 .text.Board_LED_Init
                0x000051b0       0x18 C:\Users\Kartik Chakravarty\Documents\MCUXpressoIDE_10.3.0_2200\workspace3\lpc_board_nxp_lpcxpresso_1769\Debug\liblpc_board_nxp_lpcxpresso_1769.a(board.o)
 .text.Board_UART_Init
                0x000051c8       0x12 C:\Users\Kartik Chakravarty\Documents\MCUXpressoIDE_10.3.0_2200\workspace3\lpc_board_nxp_lpcxpresso_1769\Debug\liblpc_board_nxp_lpcxpresso_1769.a(board.o)
                0x000051c8                Board_UART_Init
 *fill*         0x000051da        0x2 ff
 .text.Board_Debug_Init
                0x000051dc       0x30 C:\Users\Kartik Chakravarty\Documents\MCUXpressoIDE_10.3.0_2200\workspace3\lpc_board_nxp_lpcxpresso_1769\Debug\liblpc_board_nxp_lpcxpresso_1769.a(board.o)
                0x000051dc                Board_Debug_Init
 .text.Board_UARTPutChar
                0x0000520c       0x34 C:\Users\Kartik Chakravarty\Documents\MCUXpressoIDE_10.3.0_2200\workspace3\lpc_board_nxp_lpcxpresso_1769\Debug\liblpc_board_nxp_lpcxpresso_1769.a(board.o)
                0x0000520c                Board_UARTPutChar
 .text.Board_Init
                0x00005240       0x24 C:\Users\Kartik Chakravarty\Documents\MCUXpressoIDE_10.3.0_2200\workspace3\lpc_board_nxp_lpcxpresso_1769\Debug\liblpc_board_nxp_lpcxpresso_1769.a(board.o)
                0x00005240                Board_Init
 .text.Chip_SYSCTL_SetFLASHAccess
                0x00005264       0x30 C:\Users\Kartik Chakravarty\Documents\MCUXpressoIDE_10.3.0_2200\workspace3\lpc_board_nxp_lpcxpresso_1769\Debug\liblpc_board_nxp_lpcxpresso_1769.a(board_sysinit.o)
 .text.Board_SetupMuxing
                0x00005294       0x1c C:\Users\Kartik Chakravarty\Documents\MCUXpressoIDE_10.3.0_2200\workspace3\lpc_board_nxp_lpcxpresso_1769\Debug\liblpc_board_nxp_lpcxpresso_1769.a(board_sysinit.o)
                0x00005294                Board_SetupMuxing
 .text.Board_SetupClocking
                0x000052b0       0x12 C:\Users\Kartik Chakravarty\Documents\MCUXpressoIDE_10.3.0_2200\workspace3\lpc_board_nxp_lpcxpresso_1769\Debug\liblpc_board_nxp_lpcxpresso_1769.a(board_sysinit.o)
                0x000052b0                Board_SetupClocking
 .text.Board_SystemInit
                0x000052c2       0x10 C:\Users\Kartik Chakravarty\Documents\MCUXpressoIDE_10.3.0_2200\workspace3\lpc_board_nxp_lpcxpresso_1769\Debug\liblpc_board_nxp_lpcxpresso_1769.a(board_sysinit.o)
                0x000052c2                Board_SystemInit
 *fill*         0x000052d2        0x2 ff
 .text.SystemCoreClockUpdate
                0x000052d4       0x18 C:\Users\Kartik Chakravarty\Documents\MCUXpressoIDE_10.3.0_2200\workspace3\lpc_chip_175x_6x\Debug\liblpc_chip_175x_6x.a(chip_17xx_40xx.o)
                0x000052d4                SystemCoreClockUpdate
 .text.Chip_Clock_IsMainPLLEnabled
                0x000052ec       0x24 C:\Users\Kartik Chakravarty\Documents\MCUXpressoIDE_10.3.0_2200\workspace3\lpc_chip_175x_6x\Debug\liblpc_chip_175x_6x.a(clock_17xx_40xx.o)
 .text.Chip_Clock_IsMainPLLConnected
                0x00005310       0x24 C:\Users\Kartik Chakravarty\Documents\MCUXpressoIDE_10.3.0_2200\workspace3\lpc_chip_175x_6x\Debug\liblpc_chip_175x_6x.a(clock_17xx_40xx.o)
 .text.Chip_Clock_FeedPLL
                0x00005334       0x34 C:\Users\Kartik Chakravarty\Documents\MCUXpressoIDE_10.3.0_2200\workspace3\lpc_chip_175x_6x\Debug\liblpc_chip_175x_6x.a(clock_17xx_40xx.o)
 .text.Chip_Clock_GetMainPLLSource
                0x00005368       0x20 C:\Users\Kartik Chakravarty\Documents\MCUXpressoIDE_10.3.0_2200\workspace3\lpc_chip_175x_6x\Debug\liblpc_chip_175x_6x.a(clock_17xx_40xx.o)
 .text.Chip_Clock_GetMainOscRate
                0x00005388       0x14 C:\Users\Kartik Chakravarty\Documents\MCUXpressoIDE_10.3.0_2200\workspace3\lpc_chip_175x_6x\Debug\liblpc_chip_175x_6x.a(clock_17xx_40xx.o)
 .text.Chip_Clock_GetIntOscRate
                0x0000539c       0x14 C:\Users\Kartik Chakravarty\Documents\MCUXpressoIDE_10.3.0_2200\workspace3\lpc_chip_175x_6x\Debug\liblpc_chip_175x_6x.a(clock_17xx_40xx.o)
 .text.Chip_Clock_GetRTCOscRate
                0x000053b0       0x14 C:\Users\Kartik Chakravarty\Documents\MCUXpressoIDE_10.3.0_2200\workspace3\lpc_chip_175x_6x\Debug\liblpc_chip_175x_6x.a(clock_17xx_40xx.o)
 .text.Chip_Clock_GetMainPLLInClockRate
                0x000053c4        0xe C:\Users\Kartik Chakravarty\Documents\MCUXpressoIDE_10.3.0_2200\workspace3\lpc_chip_175x_6x\Debug\liblpc_chip_175x_6x.a(clock_17xx_40xx.o)
 *fill*         0x000053d2        0x2 ff
 .text.Chip_Clock_EnablePLL
                0x000053d4       0x44 C:\Users\Kartik Chakravarty\Documents\MCUXpressoIDE_10.3.0_2200\workspace3\lpc_chip_175x_6x\Debug\liblpc_chip_175x_6x.a(clock_17xx_40xx.o)
                0x000053d4                Chip_Clock_EnablePLL
 .text.Chip_Clock_DisablePLL
                0x00005418       0x48 C:\Users\Kartik Chakravarty\Documents\MCUXpressoIDE_10.3.0_2200\workspace3\lpc_chip_175x_6x\Debug\liblpc_chip_175x_6x.a(clock_17xx_40xx.o)
                0x00005418                Chip_Clock_DisablePLL
 .text.Chip_Clock_SetupPLL
                0x00005460       0x5c C:\Users\Kartik Chakravarty\Documents\MCUXpressoIDE_10.3.0_2200\workspace3\lpc_chip_175x_6x\Debug\liblpc_chip_175x_6x.a(clock_17xx_40xx.o)
                0x00005460                Chip_Clock_SetupPLL
 .text.Chip_Clock_EnablePeriphClock
                0x000054bc       0x34 C:\Users\Kartik Chakravarty\Documents\MCUXpressoIDE_10.3.0_2200\workspace3\lpc_chip_175x_6x\Debug\liblpc_chip_175x_6x.a(clock_17xx_40xx.o)
                0x000054bc                Chip_Clock_EnablePeriphClock
 .text.Chip_Clock_GetCPUClockSource
                0x000054f0       0x24 C:\Users\Kartik Chakravarty\Documents\MCUXpressoIDE_10.3.0_2200\workspace3\lpc_chip_175x_6x\Debug\liblpc_chip_175x_6x.a(clock_17xx_40xx.o)
                0x000054f0                Chip_Clock_GetCPUClockSource
 .text.Chip_Clock_SetCPUClockDiv
                0x00005514       0x20 C:\Users\Kartik Chakravarty\Documents\MCUXpressoIDE_10.3.0_2200\workspace3\lpc_chip_175x_6x\Debug\liblpc_chip_175x_6x.a(clock_17xx_40xx.o)
                0x00005514                Chip_Clock_SetCPUClockDiv
 .text.Chip_Clock_GetCPUClockDiv
                0x00005534       0x1c C:\Users\Kartik Chakravarty\Documents\MCUXpressoIDE_10.3.0_2200\workspace3\lpc_chip_175x_6x\Debug\liblpc_chip_175x_6x.a(clock_17xx_40xx.o)
                0x00005534                Chip_Clock_GetCPUClockDiv
 .text.Chip_Clock_GetPCLKDiv
                0x00005550       0x8c C:\Users\Kartik Chakravarty\Documents\MCUXpressoIDE_10.3.0_2200\workspace3\lpc_chip_175x_6x\Debug\liblpc_chip_175x_6x.a(clock_17xx_40xx.o)
                0x00005550                Chip_Clock_GetPCLKDiv
 .text.Chip_Clock_GetSYSCLKRate
                0x000055dc       0x34 C:\Users\Kartik Chakravarty\Documents\MCUXpressoIDE_10.3.0_2200\workspace3\lpc_chip_175x_6x\Debug\liblpc_chip_175x_6x.a(clock_17xx_40xx.o)
                0x000055dc                Chip_Clock_GetSYSCLKRate
 .text.Chip_Clock_GetMainPLLOutClockRate
                0x00005610       0x54 C:\Users\Kartik Chakravarty\Documents\MCUXpressoIDE_10.3.0_2200\workspace3\lpc_chip_175x_6x\Debug\liblpc_chip_175x_6x.a(clock_17xx_40xx.o)
                0x00005610                Chip_Clock_GetMainPLLOutClockRate
 .text.Chip_Clock_GetMainClockRate
                0x00005664       0x28 C:\Users\Kartik Chakravarty\Documents\MCUXpressoIDE_10.3.0_2200\workspace3\lpc_chip_175x_6x\Debug\liblpc_chip_175x_6x.a(clock_17xx_40xx.o)
                0x00005664                Chip_Clock_GetMainClockRate
 .text.Chip_Clock_GetSystemClockRate
                0x0000568c       0x18 C:\Users\Kartik Chakravarty\Documents\MCUXpressoIDE_10.3.0_2200\workspace3\lpc_chip_175x_6x\Debug\liblpc_chip_175x_6x.a(clock_17xx_40xx.o)
                0x0000568c                Chip_Clock_GetSystemClockRate
 .text.Chip_Clock_GetPeripheralClockRate
                0x000056a4       0x26 C:\Users\Kartik Chakravarty\Documents\MCUXpressoIDE_10.3.0_2200\workspace3\lpc_chip_175x_6x\Debug\liblpc_chip_175x_6x.a(clock_17xx_40xx.o)
                0x000056a4                Chip_Clock_GetPeripheralClockRate
 .text.Chip_IOCON_PinMuxSet
                0x000056ca       0x36 C:\Users\Kartik Chakravarty\Documents\MCUXpressoIDE_10.3.0_2200\workspace3\lpc_chip_175x_6x\Debug\liblpc_chip_175x_6x.a(iocon_17xx_40xx.o)
                0x000056ca                Chip_IOCON_PinMuxSet
 .text.Chip_IOCON_PinMux
                0x00005700       0x94 C:\Users\Kartik Chakravarty\Documents\MCUXpressoIDE_10.3.0_2200\workspace3\lpc_chip_175x_6x\Debug\liblpc_chip_175x_6x.a(iocon_17xx_40xx.o)
                0x00005700                Chip_IOCON_PinMux
 .text.Chip_IOCON_SetPinMuxing
                0x00005794       0x62 C:\Users\Kartik Chakravarty\Documents\MCUXpressoIDE_10.3.0_2200\workspace3\lpc_chip_175x_6x\Debug\liblpc_chip_175x_6x.a(iocon_17xx_40xx.o)
                0x00005794                Chip_IOCON_SetPinMuxing
 *fill*         0x000057f6        0x2 ff
 .text.Chip_Clock_IsMainPLLEnabled
                0x000057f8       0x24 C:\Users\Kartik Chakravarty\Documents\MCUXpressoIDE_10.3.0_2200\workspace3\lpc_chip_175x_6x\Debug\liblpc_chip_175x_6x.a(sysinit_17xx_40xx.o)
 .text.Chip_Clock_IsMainPLLLocked
                0x0000581c       0x24 C:\Users\Kartik Chakravarty\Documents\MCUXpressoIDE_10.3.0_2200\workspace3\lpc_chip_175x_6x\Debug\liblpc_chip_175x_6x.a(sysinit_17xx_40xx.o)
 .text.Chip_Clock_IsMainPLLConnected
                0x00005840       0x24 C:\Users\Kartik Chakravarty\Documents\MCUXpressoIDE_10.3.0_2200\workspace3\lpc_chip_175x_6x\Debug\liblpc_chip_175x_6x.a(sysinit_17xx_40xx.o)
 .text.Chip_Clock_EnableCrystal
                0x00005864       0x20 C:\Users\Kartik Chakravarty\Documents\MCUXpressoIDE_10.3.0_2200\workspace3\lpc_chip_175x_6x\Debug\liblpc_chip_175x_6x.a(sysinit_17xx_40xx.o)
 .text.Chip_Clock_IsCrystalEnabled
                0x00005884       0x24 C:\Users\Kartik Chakravarty\Documents\MCUXpressoIDE_10.3.0_2200\workspace3\lpc_chip_175x_6x\Debug\liblpc_chip_175x_6x.a(sysinit_17xx_40xx.o)
 .text.Chip_Clock_SetMainPLLSource
                0x000058a8       0x20 C:\Users\Kartik Chakravarty\Documents\MCUXpressoIDE_10.3.0_2200\workspace3\lpc_chip_175x_6x\Debug\liblpc_chip_175x_6x.a(sysinit_17xx_40xx.o)
 .text.Chip_SetupXtalClocking
                0x000058c8       0x90 C:\Users\Kartik Chakravarty\Documents\MCUXpressoIDE_10.3.0_2200\workspace3\lpc_chip_175x_6x\Debug\liblpc_chip_175x_6x.a(sysinit_17xx_40xx.o)
                0x000058c8                Chip_SetupXtalClocking
 .text.Chip_UART_SetupFIFOS
                0x00005958       0x1a C:\Users\Kartik Chakravarty\Documents\MCUXpressoIDE_10.3.0_2200\workspace3\lpc_chip_175x_6x\Debug\liblpc_chip_175x_6x.a(uart_17xx_40xx.o)
 .text.Chip_UART_ConfigData
                0x00005972       0x1a C:\Users\Kartik Chakravarty\Documents\MCUXpressoIDE_10.3.0_2200\workspace3\lpc_chip_175x_6x\Debug\liblpc_chip_175x_6x.a(uart_17xx_40xx.o)
 .text.Chip_UART_EnableDivisorAccess
                0x0000598c       0x1e C:\Users\Kartik Chakravarty\Documents\MCUXpressoIDE_10.3.0_2200\workspace3\lpc_chip_175x_6x\Debug\liblpc_chip_175x_6x.a(uart_17xx_40xx.o)
 .text.Chip_UART_DisableDivisorAccess
                0x000059aa       0x1e C:\Users\Kartik Chakravarty\Documents\MCUXpressoIDE_10.3.0_2200\workspace3\lpc_chip_175x_6x\Debug\liblpc_chip_175x_6x.a(uart_17xx_40xx.o)
 .text.Chip_UART_SetDivisorLatches
                0x000059c8       0x26 C:\Users\Kartik Chakravarty\Documents\MCUXpressoIDE_10.3.0_2200\workspace3\lpc_chip_175x_6x\Debug\liblpc_chip_175x_6x.a(uart_17xx_40xx.o)
 *fill*         0x000059ee        0x2 ff
 .text.Chip_UART_GetClockIndex
                0x000059f0       0x50 C:\Users\Kartik Chakravarty\Documents\MCUXpressoIDE_10.3.0_2200\workspace3\lpc_chip_175x_6x\Debug\liblpc_chip_175x_6x.a(uart_17xx_40xx.o)
 .text.Chip_UART_GetClkIndex
                0x00005a40       0x50 C:\Users\Kartik Chakravarty\Documents\MCUXpressoIDE_10.3.0_2200\workspace3\lpc_chip_175x_6x\Debug\liblpc_chip_175x_6x.a(uart_17xx_40xx.o)
 .text.Chip_UART_Init
                0x00005a90       0x78 C:\Users\Kartik Chakravarty\Documents\MCUXpressoIDE_10.3.0_2200\workspace3\lpc_chip_175x_6x\Debug\liblpc_chip_175x_6x.a(uart_17xx_40xx.o)
                0x00005a90                Chip_UART_Init
 .text.Chip_UART_TXEnable
                0x00005b08       0x18 C:\Users\Kartik Chakravarty\Documents\MCUXpressoIDE_10.3.0_2200\workspace3\lpc_chip_175x_6x\Debug\liblpc_chip_175x_6x.a(uart_17xx_40xx.o)
                0x00005b08                Chip_UART_TXEnable
 .text.Chip_UART_TXDisable
                0x00005b20       0x18 C:\Users\Kartik Chakravarty\Documents\MCUXpressoIDE_10.3.0_2200\workspace3\lpc_chip_175x_6x\Debug\liblpc_chip_175x_6x.a(uart_17xx_40xx.o)
                0x00005b20                Chip_UART_TXDisable
 .text.Chip_UART_SetBaud
                0x00005b38       0x62 C:\Users\Kartik Chakravarty\Documents\MCUXpressoIDE_10.3.0_2200\workspace3\lpc_chip_175x_6x\Debug\liblpc_chip_175x_6x.a(uart_17xx_40xx.o)
                0x00005b38                Chip_UART_SetBaud
 .text.__main   0x00005b9a        0xe c:/nxp/mcuxpressoide_10.3.0_2200/ide/plugins/com.nxp.mcuxpresso.tools.win32_10.3.0.201811011841/tools/bin/../lib/gcc/arm-none-eabi/7.3.1/../../../../arm-none-eabi/lib/thumb/v7-m\libcr_nohost.a(_cr__main.o)
                0x00005b9a                __main
 .text.memset   0x00005ba8        0x4 c:/nxp/mcuxpressoide_10.3.0_2200/ide/plugins/com.nxp.mcuxpresso.tools.win32_10.3.0.201811011841/tools/bin/../lib/gcc/arm-none-eabi/7.3.1/../../../../arm-none-eabi/lib/thumb/v7-m\libcr_c.a(memset.o)
                0x00005ba8                memset
 .text.malloc   0x00005bac       0xc8 c:/nxp/mcuxpressoide_10.3.0_2200/ide/plugins/com.nxp.mcuxpresso.tools.win32_10.3.0.201811011841/tools/bin/../lib/gcc/arm-none-eabi/7.3.1/../../../../arm-none-eabi/lib/thumb/v7-m\libcr_c.a(alloc.o)
                0x00005bac                malloc
 .text.free     0x00005c74       0x30 c:/nxp/mcuxpressoide_10.3.0_2200/ide/plugins/com.nxp.mcuxpresso.tools.win32_10.3.0.201811011841/tools/bin/../lib/gcc/arm-none-eabi/7.3.1/../../../../arm-none-eabi/lib/thumb/v7-m\libcr_c.a(alloc.o)
                0x00005c74                free
 .text._Csys_alloc
                0x00005ca4       0x20 c:/nxp/mcuxpressoide_10.3.0_2200/ide/plugins/com.nxp.mcuxpresso.tools.win32_10.3.0.201811011841/tools/bin/../lib/gcc/arm-none-eabi/7.3.1/../../../../arm-none-eabi/lib/thumb/v7-m\libcr_c.a(alloc.o)
                0x00005ca4                _Csys_alloc
 *fill*         0x00005cc4        0x4 ff
 .text.cos      0x00005cc8       0x60 c:/nxp/mcuxpressoide_10.3.0_2200/ide/plugins/com.nxp.mcuxpresso.tools.win32_10.3.0.201811011841/tools/bin/../lib/gcc/arm-none-eabi/7.3.1/../../../../arm-none-eabi/lib/thumb/v7-m\libcr_c.a(cos.o)
                0x00005cc8                cos
 .text.time     0x00005d28        0xe c:/nxp/mcuxpressoide_10.3.0_2200/ide/plugins/com.nxp.mcuxpresso.tools.win32_10.3.0.201811011841/tools/bin/../lib/gcc/arm-none-eabi/7.3.1/../../../../arm-none-eabi/lib/thumb/v7-m\libcr_c.a(cr_time.o)
                0x00005d28                time
 *fill*         0x00005d36        0x2 ff
 .text.floor    0x00005d38       0x94 c:/nxp/mcuxpressoide_10.3.0_2200/ide/plugins/com.nxp.mcuxpresso.tools.win32_10.3.0.201811011841/tools/bin/../lib/gcc/arm-none-eabi/7.3.1/../../../../arm-none-eabi/lib/thumb/v7-m\libcr_c.a(floor.o)
                0x00005d38                floor
 .text.fp_round
                0x00005dcc       0x4c c:/nxp/mcuxpressoide_10.3.0_2200/ide/plugins/com.nxp.mcuxpresso.tools.win32_10.3.0.201811011841/tools/bin/../lib/gcc/arm-none-eabi/7.3.1/../../../../arm-none-eabi/lib/thumb/v7-m\libcr_c.a(fpprintf.o)
 .text.pr_dec.constprop.1
                0x00005e18       0x26 c:/nxp/mcuxpressoide_10.3.0_2200/ide/plugins/com.nxp.mcuxpresso.tools.win32_10.3.0.201811011841/tools/bin/../lib/gcc/arm-none-eabi/7.3.1/../../../../arm-none-eabi/lib/thumb/v7-m\libcr_c.a(fpprintf.o)
 *fill*         0x00005e3e        0x2 ff
 .text.sprintf  0x00005e40       0x6c c:/nxp/mcuxpressoide_10.3.0_2200/ide/plugins/com.nxp.mcuxpresso.tools.win32_10.3.0.201811011841/tools/bin/../lib/gcc/arm-none-eabi/7.3.1/../../../../arm-none-eabi/lib/thumb/v7-m\libcr_c.a(fpprintf.o)
                0x00005e40                sprintf
 *fill*         0x00005eac        0x4 ff
 .text.fp_display
                0x00005eb0      0x96c c:/nxp/mcuxpressoide_10.3.0_2200/ide/plugins/com.nxp.mcuxpresso.tools.win32_10.3.0.201811011841/tools/bin/../lib/gcc/arm-none-eabi/7.3.1/../../../../arm-none-eabi/lib/thumb/v7-m\libcr_c.a(fpprintf.o)
 .text.vsnprintf
                0x0000681c       0x68 c:/nxp/mcuxpressoide_10.3.0_2200/ide/plugins/com.nxp.mcuxpresso.tools.win32_10.3.0.201811011841/tools/bin/../lib/gcc/arm-none-eabi/7.3.1/../../../../arm-none-eabi/lib/thumb/v7-m\libcr_c.a(fpprintf.o)
                0x0000681c                vsnprintf
 .text.printf   0x00006884       0x54 c:/nxp/mcuxpressoide_10.3.0_2200/ide/plugins/com.nxp.mcuxpresso.tools.win32_10.3.0.201811011841/tools/bin/../lib/gcc/arm-none-eabi/7.3.1/../../../../arm-none-eabi/lib/thumb/v7-m\libcr_c.a(fpprintf.o)
                0x00006884                printf
 .text._initio  0x000068d8       0x78 c:/nxp/mcuxpressoide_10.3.0_2200/ide/plugins/com.nxp.mcuxpresso.tools.win32_10.3.0.201811011841/tools/bin/../lib/gcc/arm-none-eabi/7.3.1/../../../../arm-none-eabi/lib/thumb/v7-m\libcr_c.a(initio.o)
                0x000068d8                _initio
 .text.pow      0x00006950      0x544 c:/nxp/mcuxpressoide_10.3.0_2200/ide/plugins/com.nxp.mcuxpresso.tools.win32_10.3.0.201811011841/tools/bin/../lib/gcc/arm-none-eabi/7.3.1/../../../../arm-none-eabi/lib/thumb/v7-m\libcr_c.a(pow.o)
                0x00006950                pow
 .text.__vfprintf
                0x00006e94      0xb8c c:/nxp/mcuxpressoide_10.3.0_2200/ide/plugins/com.nxp.mcuxpresso.tools.win32_10.3.0.201811011841/tools/bin/../lib/gcc/arm-none-eabi/7.3.1/../../../../arm-none-eabi/lib/thumb/v7-m\libcr_c.a(printf.o)
                0x00006e94                __vfprintf
 .text.setvbuf  0x00007a20       0x40 c:/nxp/mcuxpressoide_10.3.0_2200/ide/plugins/com.nxp.mcuxpresso.tools.win32_10.3.0.201811011841/tools/bin/../lib/gcc/arm-none-eabi/7.3.1/../../../../arm-none-eabi/lib/thumb/v7-m\libcr_c.a(setvbuf.o)
                0x00007a20                setvbuf
 .text.sin      0x00007a60       0x34 c:/nxp/mcuxpressoide_10.3.0_2200/ide/plugins/com.nxp.mcuxpresso.tools.win32_10.3.0.201811011841/tools/bin/../lib/gcc/arm-none-eabi/7.3.1/../../../../arm-none-eabi/lib/thumb/v7-m\libcr_c.a(sin.o)
                0x00007a60                sin
 *fill*         0x00007a94        0x4 ff
 .text.sqrt     0x00007a98      0x114 c:/nxp/mcuxpressoide_10.3.0_2200/ide/plugins/com.nxp.mcuxpresso.tools.win32_10.3.0.201811011841/tools/bin/../lib/gcc/arm-none-eabi/7.3.1/../../../../arm-none-eabi/lib/thumb/v7-m\libcr_c.a(sqrt.o)
                0x00007a98                sqrt
 .text.rand     0x00007bac       0x48 c:/nxp/mcuxpressoide_10.3.0_2200/ide/plugins/com.nxp.mcuxpresso.tools.win32_10.3.0.201811011841/tools/bin/../lib/gcc/arm-none-eabi/7.3.1/../../../../arm-none-eabi/lib/thumb/v7-m\libcr_c.a(stdlib.o)
                0x00007bac                rand
 .text.srand    0x00007bf4       0x40 c:/nxp/mcuxpressoide_10.3.0_2200/ide/plugins/com.nxp.mcuxpresso.tools.win32_10.3.0.201811011841/tools/bin/../lib/gcc/arm-none-eabi/7.3.1/../../../../arm-none-eabi/lib/thumb/v7-m\libcr_c.a(stdlib.o)
                0x00007bf4                srand
 .text.abs      0x00007c34        0x8 c:/nxp/mcuxpressoide_10.3.0_2200/ide/plugins/com.nxp.mcuxpresso.tools.win32_10.3.0.201811011841/tools/bin/../lib/gcc/arm-none-eabi/7.3.1/../../../../arm-none-eabi/lib/thumb/v7-m\libcr_c.a(stdlib.o)
                0x00007c34                abs
 .text.strlen   0x00007c3c       0x4a c:/nxp/mcuxpressoide_10.3.0_2200/ide/plugins/com.nxp.mcuxpresso.tools.win32_10.3.0.201811011841/tools/bin/../lib/gcc/arm-none-eabi/7.3.1/../../../../arm-none-eabi/lib/thumb/v7-m\libcr_c.a(strlen.o)
                0x00007c3c                strlen
 *fill*         0x00007c86        0x2 ff
 .text._sbrk    0x00007c88       0x3c c:/nxp/mcuxpressoide_10.3.0_2200/ide/plugins/com.nxp.mcuxpresso.tools.win32_10.3.0.201811011841/tools/bin/../lib/gcc/arm-none-eabi/7.3.1/../../../../arm-none-eabi/lib/thumb/v7-m\libcr_c.a(_cr_sbrk.o)
                0x00007c88                _sbrk
 .text._deferredlazyseek
                0x00007cc4       0x40 c:/nxp/mcuxpressoide_10.3.0_2200/ide/plugins/com.nxp.mcuxpresso.tools.win32_10.3.0.201811011841/tools/bin/../lib/gcc/arm-none-eabi/7.3.1/../../../../arm-none-eabi/lib/thumb/v7-m\libcr_c.a(_deferredlazyseek.o)
                0x00007cc4                _deferredlazyseek
 .text.__flsbuf
                0x00007d04      0x140 c:/nxp/mcuxpressoide_10.3.0_2200/ide/plugins/com.nxp.mcuxpresso.tools.win32_10.3.0.201811011841/tools/bin/../lib/gcc/arm-none-eabi/7.3.1/../../../../arm-none-eabi/lib/thumb/v7-m\libcr_c.a(_deferredlazyseek.o)
                0x00007d04                __flsbuf
 .text._fdopen  0x00007e44       0x68 c:/nxp/mcuxpressoide_10.3.0_2200/ide/plugins/com.nxp.mcuxpresso.tools.win32_10.3.0.201811011841/tools/bin/../lib/gcc/arm-none-eabi/7.3.1/../../../../arm-none-eabi/lib/thumb/v7-m\libcr_c.a(_fdopen.o)
                0x00007e44                _fdopen
 .text._fflush  0x00007eac       0x52 c:/nxp/mcuxpressoide_10.3.0_2200/ide/plugins/com.nxp.mcuxpresso.tools.win32_10.3.0.201811011841/tools/bin/../lib/gcc/arm-none-eabi/7.3.1/../../../../arm-none-eabi/lib/thumb/v7-m\libcr_c.a(_fflush.o)
                0x00007eac                _fflush
 .text._frexpl  0x00007efe       0x56 c:/nxp/mcuxpressoide_10.3.0_2200/ide/plugins/com.nxp.mcuxpresso.tools.win32_10.3.0.201811011841/tools/bin/../lib/gcc/arm-none-eabi/7.3.1/../../../../arm-none-eabi/lib/thumb/v7-m\libcr_c.a(_frexpl.o)
                0x00007efe                _frexpl
 .text._ldexpl  0x00007f54       0x4c c:/nxp/mcuxpressoide_10.3.0_2200/ide/plugins/com.nxp.mcuxpresso.tools.win32_10.3.0.201811011841/tools/bin/../lib/gcc/arm-none-eabi/7.3.1/../../../../arm-none-eabi/lib/thumb/v7-m\libcr_c.a(_ldexpl.o)
                0x00007f54                _ldexpl
 .text._sincos  0x00007fa0      0x1fc c:/nxp/mcuxpressoide_10.3.0_2200/ide/plugins/com.nxp.mcuxpresso.tools.win32_10.3.0.201811011841/tools/bin/../lib/gcc/arm-none-eabi/7.3.1/../../../../arm-none-eabi/lib/thumb/v7-m\libcr_c.a(_sincos.o)
                0x00007fa0                _sincos
 .text._Cwritebuf
                0x0000819c       0x6c c:/nxp/mcuxpressoide_10.3.0_2200/ide/plugins/com.nxp.mcuxpresso.tools.win32_10.3.0.201811011841/tools/bin/../lib/gcc/arm-none-eabi/7.3.1/../../../../arm-none-eabi/lib/thumb/v7-m\libcr_c.a(_writebuf.o)
                0x0000819c                _Cwritebuf
 .text.fabs     0x00008208       0x1e c:/nxp/mcuxpressoide_10.3.0_2200/ide/plugins/com.nxp.mcuxpresso.tools.win32_10.3.0.201811011841/tools/bin/../lib/gcc/arm-none-eabi/7.3.1/../../../../arm-none-eabi/lib/thumb/v7-m\libcr_c.a(fabs.o)
                0x00008208                fabs
 .text.fclose   0x00008226       0x58 c:/nxp/mcuxpressoide_10.3.0_2200/ide/plugins/com.nxp.mcuxpresso.tools.win32_10.3.0.201811011841/tools/bin/../lib/gcc/arm-none-eabi/7.3.1/../../../../arm-none-eabi/lib/thumb/v7-m\libcr_c.a(fclose.o)
                0x00008226                fclose
 *fill*         0x0000827e        0x2 ff
 .text.fflush   0x00008280       0x44 c:/nxp/mcuxpressoide_10.3.0_2200/ide/plugins/com.nxp.mcuxpresso.tools.win32_10.3.0.201811011841/tools/bin/../lib/gcc/arm-none-eabi/7.3.1/../../../../arm-none-eabi/lib/thumb/v7-m\libcr_c.a(fflush.o)
                0x00008280                fflush
 .text.frexp    0x000082c4       0x56 c:/nxp/mcuxpressoide_10.3.0_2200/ide/plugins/com.nxp.mcuxpresso.tools.win32_10.3.0.201811011841/tools/bin/../lib/gcc/arm-none-eabi/7.3.1/../../../../arm-none-eabi/lib/thumb/v7-m\libcr_c.a(frexp.o)
                0x000082c4                frexp
 *fill*         0x0000831a        0x2 ff
 .text.fseek    0x0000831c      0x100 c:/nxp/mcuxpressoide_10.3.0_2200/ide/plugins/com.nxp.mcuxpresso.tools.win32_10.3.0.201811011841/tools/bin/../lib/gcc/arm-none-eabi/7.3.1/../../../../arm-none-eabi/lib/thumb/v7-m\libcr_c.a(fseek.o)
                0x0000831c                fseek
 .text.ftell    0x0000841c       0x44 c:/nxp/mcuxpressoide_10.3.0_2200/ide/plugins/com.nxp.mcuxpresso.tools.win32_10.3.0.201811011841/tools/bin/../lib/gcc/arm-none-eabi/7.3.1/../../../../arm-none-eabi/lib/thumb/v7-m\libcr_c.a(ftell.o)
                0x0000841c                ftell
 .text.ldexp    0x00008460       0x4c c:/nxp/mcuxpressoide_10.3.0_2200/ide/plugins/com.nxp.mcuxpresso.tools.win32_10.3.0.201811011841/tools/bin/../lib/gcc/arm-none-eabi/7.3.1/../../../../arm-none-eabi/lib/thumb/v7-m\libcr_c.a(ldexp.o)
                0x00008460                ldexp
 .text.remove   0x000084ac       0x14 c:/nxp/mcuxpressoide_10.3.0_2200/ide/plugins/com.nxp.mcuxpresso.tools.win32_10.3.0.201811011841/tools/bin/../lib/gcc/arm-none-eabi/7.3.1/../../../../arm-none-eabi/lib/thumb/v7-m\libcr_c.a(remove.o)
                0x000084ac                remove
 .text.__check_heap_overflow
                0x000084c0       0x18 c:/nxp/mcuxpressoide_10.3.0_2200/ide/plugins/com.nxp.mcuxpresso.tools.win32_10.3.0.201811011841/tools/bin/../lib/gcc/arm-none-eabi/7.3.1/../../../../arm-none-eabi/lib/thumb/v7-m\libcr_c.a(_cr_check_heap.o)
                0x000084c0                __check_heap_overflow
 .text._do_fflush
                0x000084d8       0x40 c:/nxp/mcuxpressoide_10.3.0_2200/ide/plugins/com.nxp.mcuxpresso.tools.win32_10.3.0.201811011841/tools/bin/../lib/gcc/arm-none-eabi/7.3.1/../../../../arm-none-eabi/lib/thumb/v7-m\libcr_c.a(_do_fflush.o)
                0x000084d8                _do_fflush
 .text.__aeabi_dmul
                0x00008518      0x10c c:/nxp/mcuxpressoide_10.3.0_2200/ide/plugins/com.nxp.mcuxpresso.tools.win32_10.3.0.201811011841/tools/bin/../lib/gcc/arm-none-eabi/7.3.1/thumb/v7-m\libcr_eabihelpers.a(double.o)
                0x00008518                __aeabi_dmul
 .text.__aeabi_ddiv
                0x00008624      0x130 c:/nxp/mcuxpressoide_10.3.0_2200/ide/plugins/com.nxp.mcuxpresso.tools.win32_10.3.0.201811011841/tools/bin/../lib/gcc/arm-none-eabi/7.3.1/thumb/v7-m\libcr_eabihelpers.a(double.o)
                0x00008624                __aeabi_ddiv
 .text.__aeabi_dsub
                0x00008754      0x1b0 c:/nxp/mcuxpressoide_10.3.0_2200/ide/plugins/com.nxp.mcuxpresso.tools.win32_10.3.0.201811011841/tools/bin/../lib/gcc/arm-none-eabi/7.3.1/thumb/v7-m\libcr_eabihelpers.a(double.o)
                0x00008754                __aeabi_dsub
 .text.__aeabi_dadd
                0x00008904      0x10c c:/nxp/mcuxpressoide_10.3.0_2200/ide/plugins/com.nxp.mcuxpresso.tools.win32_10.3.0.201811011841/tools/bin/../lib/gcc/arm-none-eabi/7.3.1/thumb/v7-m\libcr_eabihelpers.a(double.o)
                0x00008904                __aeabi_dadd
 .text.__aeabi_d2f
                0x00008a10       0x54 c:/nxp/mcuxpressoide_10.3.0_2200/ide/plugins/com.nxp.mcuxpresso.tools.win32_10.3.0.201811011841/tools/bin/../lib/gcc/arm-none-eabi/7.3.1/thumb/v7-m\libcr_eabihelpers.a(double.o)
                0x00008a10                __aeabi_d2f
 .text.__aeabi_d2iz
                0x00008a64       0x40 c:/nxp/mcuxpressoide_10.3.0_2200/ide/plugins/com.nxp.mcuxpresso.tools.win32_10.3.0.201811011841/tools/bin/../lib/gcc/arm-none-eabi/7.3.1/thumb/v7-m\libcr_eabihelpers.a(double.o)
                0x00008a64                __aeabi_d2iz
 .text.__bhs_ui2d
                0x00008aa4       0x46 c:/nxp/mcuxpressoide_10.3.0_2200/ide/plugins/com.nxp.mcuxpresso.tools.win32_10.3.0.201811011841/tools/bin/../lib/gcc/arm-none-eabi/7.3.1/thumb/v7-m\libcr_eabihelpers.a(double.o)
                0x00008aa4                __bhs_ui2d
 .text.__aeabi_i2d
                0x00008aea       0x12 c:/nxp/mcuxpressoide_10.3.0_2200/ide/plugins/com.nxp.mcuxpresso.tools.win32_10.3.0.201811011841/tools/bin/../lib/gcc/arm-none-eabi/7.3.1/thumb/v7-m\libcr_eabihelpers.a(double.o)
                0x00008aea                __aeabi_i2d
 .text.__aeabi_dcmpeq
                0x00008afc       0x2c c:/nxp/mcuxpressoide_10.3.0_2200/ide/plugins/com.nxp.mcuxpresso.tools.win32_10.3.0.201811011841/tools/bin/../lib/gcc/arm-none-eabi/7.3.1/thumb/v7-m\libcr_eabihelpers.a(double.o)
                0x00008afc                __aeabi_dcmpeq
 .text.__aeabi_dcmplt
                0x00008b28       0x54 c:/nxp/mcuxpressoide_10.3.0_2200/ide/plugins/com.nxp.mcuxpresso.tools.win32_10.3.0.201811011841/tools/bin/../lib/gcc/arm-none-eabi/7.3.1/thumb/v7-m\libcr_eabihelpers.a(double.o)
                0x00008b28                __aeabi_dcmplt
 .text.__aeabi_dcmpgt
                0x00008b7c       0x54 c:/nxp/mcuxpressoide_10.3.0_2200/ide/plugins/com.nxp.mcuxpresso.tools.win32_10.3.0.201811011841/tools/bin/../lib/gcc/arm-none-eabi/7.3.1/thumb/v7-m\libcr_eabihelpers.a(double.o)
                0x00008b7c                __aeabi_dcmpgt
 .text.__aeabi_dcmple
                0x00008bd0       0x54 c:/nxp/mcuxpressoide_10.3.0_2200/ide/plugins/com.nxp.mcuxpresso.tools.win32_10.3.0.201811011841/tools/bin/../lib/gcc/arm-none-eabi/7.3.1/thumb/v7-m\libcr_eabihelpers.a(double.o)
                0x00008bd0                __aeabi_dcmple
 .text.__aeabi_dcmpge
                0x00008c24       0x54 c:/nxp/mcuxpressoide_10.3.0_2200/ide/plugins/com.nxp.mcuxpresso.tools.win32_10.3.0.201811011841/tools/bin/../lib/gcc/arm-none-eabi/7.3.1/thumb/v7-m\libcr_eabihelpers.a(double.o)
                0x00008c24                __aeabi_dcmpge
 .text.__aeabi_fmul
                0x00008c78       0xb0 c:/nxp/mcuxpressoide_10.3.0_2200/ide/plugins/com.nxp.mcuxpresso.tools.win32_10.3.0.201811011841/tools/bin/../lib/gcc/arm-none-eabi/7.3.1/thumb/v7-m\libcr_eabihelpers.a(float.o)
                0x00008c78                __aeabi_fmul
 .text.__aeabi_fdiv
                0x00008d28       0xb8 c:/nxp/mcuxpressoide_10.3.0_2200/ide/plugins/com.nxp.mcuxpresso.tools.win32_10.3.0.201811011841/tools/bin/../lib/gcc/arm-none-eabi/7.3.1/thumb/v7-m\libcr_eabihelpers.a(float.o)
                0x00008d28                __aeabi_fdiv
 .text.__aeabi_fsub
                0x00008de0       0xe0 c:/nxp/mcuxpressoide_10.3.0_2200/ide/plugins/com.nxp.mcuxpresso.tools.win32_10.3.0.201811011841/tools/bin/../lib/gcc/arm-none-eabi/7.3.1/thumb/v7-m\libcr_eabihelpers.a(float.o)
                0x00008de0                __aeabi_fsub
 .text.__aeabi_fadd
                0x00008ec0       0xb0 c:/nxp/mcuxpressoide_10.3.0_2200/ide/plugins/com.nxp.mcuxpresso.tools.win32_10.3.0.201811011841/tools/bin/../lib/gcc/arm-none-eabi/7.3.1/thumb/v7-m\libcr_eabihelpers.a(float.o)
                0x00008ec0                __aeabi_fadd
 .text.__aeabi_f2iz
                0x00008f70       0x36 c:/nxp/mcuxpressoide_10.3.0_2200/ide/plugins/com.nxp.mcuxpresso.tools.win32_10.3.0.201811011841/tools/bin/../lib/gcc/arm-none-eabi/7.3.1/thumb/v7-m\libcr_eabihelpers.a(float.o)
                0x00008f70                __aeabi_f2iz
 .text.__bhs_ui2f
                0x00008fa6       0x26 c:/nxp/mcuxpressoide_10.3.0_2200/ide/plugins/com.nxp.mcuxpresso.tools.win32_10.3.0.201811011841/tools/bin/../lib/gcc/arm-none-eabi/7.3.1/thumb/v7-m\libcr_eabihelpers.a(float.o)
                0x00008fa6                __bhs_ui2f
 .text.__aeabi_i2f
                0x00008fcc       0x12 c:/nxp/mcuxpressoide_10.3.0_2200/ide/plugins/com.nxp.mcuxpresso.tools.win32_10.3.0.201811011841/tools/bin/../lib/gcc/arm-none-eabi/7.3.1/thumb/v7-m\libcr_eabihelpers.a(float.o)
                0x00008fcc                __aeabi_i2f
 *fill*         0x00008fde        0x2 ff
 .text.__aeabi_f2d
                0x00008fe0       0x38 c:/nxp/mcuxpressoide_10.3.0_2200/ide/plugins/com.nxp.mcuxpresso.tools.win32_10.3.0.201811011841/tools/bin/../lib/gcc/arm-none-eabi/7.3.1/thumb/v7-m\libcr_eabihelpers.a(float.o)
                0x00008fe0                __aeabi_f2d
 .text.__aeabi_fcmpeq
                0x00009018       0x1e c:/nxp/mcuxpressoide_10.3.0_2200/ide/plugins/com.nxp.mcuxpresso.tools.win32_10.3.0.201811011841/tools/bin/../lib/gcc/arm-none-eabi/7.3.1/thumb/v7-m\libcr_eabihelpers.a(float.o)
                0x00009018                __aeabi_fcmpeq
 .text.__aeabi_fcmple
                0x00009036       0x3e c:/nxp/mcuxpressoide_10.3.0_2200/ide/plugins/com.nxp.mcuxpresso.tools.win32_10.3.0.201811011841/tools/bin/../lib/gcc/arm-none-eabi/7.3.1/thumb/v7-m\libcr_eabihelpers.a(float.o)
                0x00009036                __aeabi_fcmple
 .text.__aeabi_fcmpge
                0x00009074       0x3e c:/nxp/mcuxpressoide_10.3.0_2200/ide/plugins/com.nxp.mcuxpresso.tools.win32_10.3.0.201811011841/tools/bin/../lib/gcc/arm-none-eabi/7.3.1/thumb/v7-m\libcr_eabihelpers.a(float.o)
                0x00009074                __aeabi_fcmpge
 .text.__aeabi_memset_lowlevel
                0x000090b2       0x32 c:/nxp/mcuxpressoide_10.3.0_2200/ide/plugins/com.nxp.mcuxpresso.tools.win32_10.3.0.201811011841/tools/bin/../lib/gcc/arm-none-eabi/7.3.1/thumb/v7-m\libcr_eabihelpers.a(memcpy.o)
                0x000090b2                __aeabi_lowlevel_memset
 .text.__sys_appexit
                0x000090e4        0x2 c:/nxp/mcuxpressoide_10.3.0_2200/ide/plugins/com.nxp.mcuxpresso.tools.win32_10.3.0.201811011841/tools/bin/../lib/gcc/arm-none-eabi/7.3.1/../../../../arm-none-eabi/lib/thumb/v7-m\libcr_nohost.a(__sys_appexit.o)
                0x000090e4                __sys_appexit
                0x000090e4                __exit
 .text.__sys_close
                0x000090e6        0x6 c:/nxp/mcuxpressoide_10.3.0_2200/ide/plugins/com.nxp.mcuxpresso.tools.win32_10.3.0.201811011841/tools/bin/../lib/gcc/arm-none-eabi/7.3.1/../../../../arm-none-eabi/lib/thumb/v7-m\libcr_nohost.a(__sys_close.o)
                0x000090e6                __sys_close
 .text.__sys_flen
                0x000090ec        0x6 c:/nxp/mcuxpressoide_10.3.0_2200/ide/plugins/com.nxp.mcuxpresso.tools.win32_10.3.0.201811011841/tools/bin/../lib/gcc/arm-none-eabi/7.3.1/../../../../arm-none-eabi/lib/thumb/v7-m\libcr_nohost.a(__sys_flen.o)
                0x000090ec                __sys_flen
 .text.__sys_istty
                0x000090f2        0x6 c:/nxp/mcuxpressoide_10.3.0_2200/ide/plugins/com.nxp.mcuxpresso.tools.win32_10.3.0.201811011841/tools/bin/../lib/gcc/arm-none-eabi/7.3.1/../../../../arm-none-eabi/lib/thumb/v7-m\libcr_nohost.a(__sys_istty.o)
                0x000090f2                __sys_istty
 .text.__sys_remove
                0x000090f8        0x6 c:/nxp/mcuxpressoide_10.3.0_2200/ide/plugins/com.nxp.mcuxpresso.tools.win32_10.3.0.201811011841/tools/bin/../lib/gcc/arm-none-eabi/7.3.1/../../../../arm-none-eabi/lib/thumb/v7-m\libcr_nohost.a(__sys_remove.o)
                0x000090f8                __sys_remove
 .text.__sys_seek
                0x000090fe        0x6 c:/nxp/mcuxpressoide_10.3.0_2200/ide/plugins/com.nxp.mcuxpresso.tools.win32_10.3.0.201811011841/tools/bin/../lib/gcc/arm-none-eabi/7.3.1/../../../../arm-none-eabi/lib/thumb/v7-m\libcr_nohost.a(__sys_seek.o)
                0x000090fe                __sys_seek
 .text.__sys_time
                0x00009104        0x4 c:/nxp/mcuxpressoide_10.3.0_2200/ide/plugins/com.nxp.mcuxpresso.tools.win32_10.3.0.201811011841/tools/bin/../lib/gcc/arm-none-eabi/7.3.1/../../../../arm-none-eabi/lib/thumb/v7-m\libcr_nohost.a(__sys_time.o)
                0x00009104                __sys_time
 .text.__sys_tmpnam
                0x00009108        0x6 c:/nxp/mcuxpressoide_10.3.0_2200/ide/plugins/com.nxp.mcuxpresso.tools.win32_10.3.0.201811011841/tools/bin/../lib/gcc/arm-none-eabi/7.3.1/../../../../arm-none-eabi/lib/thumb/v7-m\libcr_nohost.a(__sys_tmpnam.o)
                0x00009108                __sys_tmpnam
 *(.rodata .rodata.* .constdata .constdata.*)
 *fill*         0x0000910e        0x2 ff
 .rodata        0x00009110        0x5 ./freertos/src/tasks.o
 *fill*         0x00009115        0x3 ff
 .rodata        0x00009118        0xc ./example/src/freertos_blinky.o
 .rodata        0x00009124       0x14 ./example/src/lcd_utilities.o
 .rodata.OscRateIn
                0x00009138        0x4 C:\Users\Kartik Chakravarty\Documents\MCUXpressoIDE_10.3.0_2200\workspace3\lpc_board_nxp_lpcxpresso_1769\Debug\liblpc_board_nxp_lpcxpresso_1769.a(board.o)
                0x00009138                OscRateIn
 .rodata.RTCOscRateIn
                0x0000913c        0x4 C:\Users\Kartik Chakravarty\Documents\MCUXpressoIDE_10.3.0_2200\workspace3\lpc_board_nxp_lpcxpresso_1769\Debug\liblpc_board_nxp_lpcxpresso_1769.a(board.o)
                0x0000913c                RTCOscRateIn
 .rodata.pinmuxing
                0x00009140       0x5c C:\Users\Kartik Chakravarty\Documents\MCUXpressoIDE_10.3.0_2200\workspace3\lpc_board_nxp_lpcxpresso_1769\Debug\liblpc_board_nxp_lpcxpresso_1769.a(board_sysinit.o)
 .rodata._Csys_alloc.str1.1
                0x0000919c       0x18 c:/nxp/mcuxpressoide_10.3.0_2200/ide/plugins/com.nxp.mcuxpresso.tools.win32_10.3.0.201811011841/tools/bin/../lib/gcc/arm-none-eabi/7.3.1/../../../../arm-none-eabi/lib/thumb/v7-m\libcr_c.a(alloc.o)
 .rodata.fp_display.str1.1
                0x000091b4       0x34 c:/nxp/mcuxpressoide_10.3.0_2200/ide/plugins/com.nxp.mcuxpresso.tools.win32_10.3.0.201811011841/tools/bin/../lib/gcc/arm-none-eabi/7.3.1/../../../../arm-none-eabi/lib/thumb/v7-m\libcr_c.a(fpprintf.o)
                                 0x35 (size before relaxing)
 .rodata._initio.str1.1
                0x000091e8        0x4 c:/nxp/mcuxpressoide_10.3.0_2200/ide/plugins/com.nxp.mcuxpresso.tools.win32_10.3.0.201811011841/tools/bin/../lib/gcc/arm-none-eabi/7.3.1/../../../../arm-none-eabi/lib/thumb/v7-m\libcr_c.a(initio.o)
 *fill*         0x000091ec        0x4 ff
 .rodata.a1.3930
                0x000091f0       0x88 c:/nxp/mcuxpressoide_10.3.0_2200/ide/plugins/com.nxp.mcuxpresso.tools.win32_10.3.0.201811011841/tools/bin/../lib/gcc/arm-none-eabi/7.3.1/../../../../arm-none-eabi/lib/thumb/v7-m\libcr_c.a(pow.o)
 .rodata.a2.3931
                0x00009278       0x40 c:/nxp/mcuxpressoide_10.3.0_2200/ide/plugins/com.nxp.mcuxpresso.tools.win32_10.3.0.201811011841/tools/bin/../lib/gcc/arm-none-eabi/7.3.1/../../../../arm-none-eabi/lib/thumb/v7-m\libcr_c.a(pow.o)
 .rodata.__vfprintf.str1.1
                0x000092b8       0x31 c:/nxp/mcuxpressoide_10.3.0_2200/ide/plugins/com.nxp.mcuxpresso.tools.win32_10.3.0.201811011841/tools/bin/../lib/gcc/arm-none-eabi/7.3.1/../../../../arm-none-eabi/lib/thumb/v7-m\libcr_c.a(printf.o)
                                 0x38 (size before relaxing)
 *fill*         0x000092e9        0x7 ff
 .rodata.__huge_val
                0x000092f0        0x8 c:/nxp/mcuxpressoide_10.3.0_2200/ide/plugins/com.nxp.mcuxpresso.tools.win32_10.3.0.201811011841/tools/bin/../lib/gcc/arm-none-eabi/7.3.1/../../../../arm-none-eabi/lib/thumb/v7-m\libcr_c.a(_hugeval.o)
                0x000092f0                __huge_val
 .rodata.__huge_vall
                0x000092f8        0x8 c:/nxp/mcuxpressoide_10.3.0_2200/ide/plugins/com.nxp.mcuxpresso.tools.win32_10.3.0.201811011841/tools/bin/../lib/gcc/arm-none-eabi/7.3.1/../../../../arm-none-eabi/lib/thumb/v7-m\libcr_c.a(_hugeval.o)
                0x000092f8                __huge_vall
 .rodata.__num_Ciob_streams
                0x00009300        0x4 c:/nxp/mcuxpressoide_10.3.0_2200/ide/plugins/com.nxp.mcuxpresso.tools.win32_10.3.0.201811011841/tools/bin/../lib/gcc/arm-none-eabi/7.3.1/../../../../arm-none-eabi/lib/thumb/v7-m\libcr_nohost.a(__ciob.o)
                0x00009300                __num_Ciob_streams
                0x00009304                . = ALIGN (0x4)

.glue_7         0x00009304        0x0
 .glue_7        0x00009304        0x0 linker stubs

.glue_7t        0x00009304        0x0
 .glue_7t       0x00009304        0x0 linker stubs

.vfp11_veneer   0x00009304        0x0
 .vfp11_veneer  0x00009304        0x0 linker stubs

.v4_bx          0x00009304        0x0
 .v4_bx         0x00009304        0x0 linker stubs

.iplt           0x00009304        0x0
 .iplt          0x00009304        0x0 ./freertos/src/FreeRTOSCommonHooks.o

.rel.dyn        0x00009304        0x0
 .rel.iplt      0x00009304        0x0 ./freertos/src/FreeRTOSCommonHooks.o

.ARM.extab
 *(.ARM.extab* .gnu.linkonce.armextab.*)
                0x00009304                __exidx_start = .

.ARM.exidx
 *(.ARM.exidx* .gnu.linkonce.armexidx.*)
                0x00009304                __exidx_end = .
                0x00009304                _etext = .

.data_RAM2      0x2007c000        0x0 load address 0x00009304
 FILL mask 0xff
                [!provide]                PROVIDE (__start_data_RAM2 = .)
 *(.ramfunc.$RAM2)
 *(.ramfunc.$RamAHB32)
 *(.data.$RAM2*)
 *(.data.$RamAHB32*)
                0x2007c000                . = ALIGN (0x4)
                [!provide]                PROVIDE (__end_data_RAM2 = .)

.uninit_RESERVED
                0x10000000        0x0
 *(.bss.$RESERVED*)
                0x10000000                . = ALIGN (0x4)
                0x10000000                _end_uninit_RESERVED = .

.data           0x10000000      0x400 load address 0x00009304
 FILL mask 0xff
                0x10000000                _data = .
 *(vtable)
 *(.ramfunc*)
 *(.data*)
 .data.uxCriticalNesting
                0x10000000        0x4 ./freertos/src/port.o
 .data.xNextTaskUnblockTime
                0x10000004        0x4 ./freertos/src/tasks.o
 .data.light_src
                0x10000008        0xc ./example/src/3d_utilities.o
                0x10000008                light_src
 .data.reflectivity
                0x10000014        0xc ./example/src/3d_utilities.o
                0x10000014                reflectivity
 .data.cube     0x10000020       0x60 ./example/src/3d_utilities.o
                0x10000020                cube
 .data.rotated_cube1
                0x10000080       0x60 ./example/src/3d_utilities.o
                0x10000080                rotated_cube1
 .data.cube1    0x100000e0       0x60 ./example/src/3d_utilities.o
                0x100000e0                cube1
 .data.cube2    0x10000140       0x60 ./example/src/3d_utilities.o
                0x10000140                cube2
 .data.cube3    0x100001a0       0x60 ./example/src/3d_utilities.o
                0x100001a0                cube3
 .data.XY1      0x10000200        0xc ./example/src/3d_utilities.o
                0x10000200                XY1
 .data.XY2      0x1000020c        0xc ./example/src/3d_utilities.o
                0x1000020c                XY2
 .data.XY3      0x10000218        0xc ./example/src/3d_utilities.o
                0x10000218                XY3
 .data.XY4      0x10000224        0xc ./example/src/3d_utilities.o
                0x10000224                XY4
 .data.YZ1      0x10000230        0xc ./example/src/3d_utilities.o
                0x10000230                YZ1
 .data.YZ2      0x1000023c        0xc ./example/src/3d_utilities.o
                0x1000023c                YZ2
 .data.YZ3      0x10000248        0xc ./example/src/3d_utilities.o
                0x10000248                YZ3
 .data.YZ4      0x10000254        0xc ./example/src/3d_utilities.o
                0x10000254                YZ4
 .data.ZX1      0x10000260        0xc ./example/src/3d_utilities.o
                0x10000260                ZX1
 .data.ZX2      0x1000026c        0xc ./example/src/3d_utilities.o
                0x1000026c                ZX2
 .data.ZX3      0x10000278        0xc ./example/src/3d_utilities.o
                0x10000278                ZX3
 .data.ZX4      0x10000284        0xc ./example/src/3d_utilities.o
                0x10000284                ZX4
 .data.initial  0x10000290       0x30 ./example/src/3d_utilities.o
                0x10000290                initial
 .data.initial_restore
                0x100002c0       0x30 ./example/src/3d_utilities.o
                0x100002c0                initial_restore
 .data.x        0x100002f0        0xc ./example/src/freertos_blinky.o
                0x100002f0                x
 .data.y        0x100002fc        0xc ./example/src/freertos_blinky.o
                0x100002fc                y
 .data.z        0x10000308        0xc ./example/src/freertos_blinky.o
                0x10000308                z
 .data._height  0x10000314        0x4 ./example/src/lcd_utilities.o
                0x10000314                _height
 .data._width   0x10000318        0x4 ./example/src/lcd_utilities.o
                0x10000318                _width
 .data._random_j
                0x1000031c        0x4 c:/nxp/mcuxpressoide_10.3.0_2200/ide/plugins/com.nxp.mcuxpresso.tools.win32_10.3.0.201811011841/tools/bin/../lib/gcc/arm-none-eabi/7.3.1/../../../../arm-none-eabi/lib/thumb/v7-m\libcr_c.a(stdlib.o)
 .data._random_k
                0x10000320        0x4 c:/nxp/mcuxpressoide_10.3.0_2200/ide/plugins/com.nxp.mcuxpresso.tools.win32_10.3.0.201811011841/tools/bin/../lib/gcc/arm-none-eabi/7.3.1/../../../../arm-none-eabi/lib/thumb/v7-m\libcr_c.a(stdlib.o)
 .data._random_number_seed
                0x10000324       0xdc c:/nxp/mcuxpressoide_10.3.0_2200/ide/plugins/com.nxp.mcuxpresso.tools.win32_10.3.0.201811011841/tools/bin/../lib/gcc/arm-none-eabi/7.3.1/../../../../arm-none-eabi/lib/thumb/v7-m\libcr_c.a(stdlib.o)
                0x10000400                . = ALIGN (0x4)
                0x10000400                _edata = .

.igot.plt       0x10000400        0x0 load address 0x00009704
 .igot.plt      0x10000400        0x0 ./freertos/src/FreeRTOSCommonHooks.o

.bss_RAM2       0x2007c000        0x0
                [!provide]                PROVIDE (__start_bss_RAM2 = .)
 *(.bss.$RAM2*)
 *(.bss.$RamAHB32*)
                0x2007c000                . = ALIGN ((. != 0x0)?0x4:0x1)
                [!provide]                PROVIDE (__end_bss_RAM2 = .)

.bss            0x10000400      0x838
                0x10000400                _bss = .
 *(.bss*)
 .bss.ulTimerCountsForOneTick
                0x10000400        0x4 ./freertos/src/port.o
 .bss.xMaximumPossibleSuppressedTicks
                0x10000404        0x4 ./freertos/src/port.o
 .bss.ulStoppedTimerCompensation
                0x10000408        0x4 ./freertos/src/port.o
 .bss.pxCurrentTCB
                0x1000040c        0x4 ./freertos/src/tasks.o
                0x1000040c                pxCurrentTCB
 .bss.pxReadyTasksLists
                0x10000410       0xa0 ./freertos/src/tasks.o
 .bss.xDelayedTaskList1
                0x100004b0       0x14 ./freertos/src/tasks.o
 .bss.xDelayedTaskList2
                0x100004c4       0x14 ./freertos/src/tasks.o
 .bss.pxDelayedTaskList
                0x100004d8        0x4 ./freertos/src/tasks.o
 .bss.pxOverflowDelayedTaskList
                0x100004dc        0x4 ./freertos/src/tasks.o
 .bss.xPendingReadyList
                0x100004e0       0x14 ./freertos/src/tasks.o
 .bss.xTasksWaitingTermination
                0x100004f4       0x14 ./freertos/src/tasks.o
 .bss.uxTasksDeleted
                0x10000508        0x4 ./freertos/src/tasks.o
 .bss.xSuspendedTaskList
                0x1000050c       0x14 ./freertos/src/tasks.o
 .bss.uxCurrentNumberOfTasks
                0x10000520        0x4 ./freertos/src/tasks.o
 .bss.xTickCount
                0x10000524        0x4 ./freertos/src/tasks.o
 .bss.uxTopReadyPriority
                0x10000528        0x4 ./freertos/src/tasks.o
 .bss.xSchedulerRunning
                0x1000052c        0x4 ./freertos/src/tasks.o
 .bss.uxSchedulerSuspended
                0x10000530        0x4 ./freertos/src/tasks.o
 .bss.uxPendedTicks
                0x10000534        0x4 ./freertos/src/tasks.o
 .bss.xYieldPending
                0x10000538        0x4 ./freertos/src/tasks.o
 .bss.xNumOfOverflows
                0x1000053c        0x4 ./freertos/src/tasks.o
 .bss.uxTaskNumber
                0x10000540        0x4 ./freertos/src/tasks.o
 .bss.light_src_2D
                0x10000544        0x4 ./example/src/3d_utilities.o
                0x10000544                light_src_2D
 .bss.light_src_2Dnative
                0x10000548        0x4 ./example/src/3d_utilities.o
                0x10000548                light_src_2Dnative
 .bss.origin_2d
                0x1000054c        0x4 ./example/src/3d_utilities.o
                0x1000054c                origin_2d
 .bss.x_2d      0x10000550        0x4 ./example/src/3d_utilities.o
                0x10000550                x_2d
 .bss.y_2d      0x10000554        0x4 ./example/src/3d_utilities.o
                0x10000554                y_2d
 .bss.z_2d      0x10000558        0x4 ./example/src/3d_utilities.o
                0x10000558                z_2d
 .bss.native_origin
                0x1000055c        0x4 ./example/src/3d_utilities.o
                0x1000055c                native_origin
 .bss.native_x2d
                0x10000560        0x4 ./example/src/3d_utilities.o
                0x10000560                native_x2d
 .bss.native_y2d
                0x10000564        0x4 ./example/src/3d_utilities.o
                0x10000564                native_y2d
 .bss.native_z2d
                0x10000568        0x4 ./example/src/3d_utilities.o
                0x10000568                native_z2d
 .bss.P_2D      0x1000056c       0x20 ./example/src/3d_utilities.o
                0x1000056c                P_2D
 .bss.P_2Dnative
                0x1000058c       0x20 ./example/src/3d_utilities.o
                0x1000058c                P_2Dnative
 .bss.I_2D      0x100005ac       0x20 ./example/src/3d_utilities.o
                0x100005ac                I_2D
 .bss.I_2Dnative
                0x100005cc       0x20 ./example/src/3d_utilities.o
                0x100005cc                I_2Dnative
 .bss.intersection1
                0x100005ec        0xc ./example/src/3d_utilities.o
                0x100005ec                intersection1
 .bss.intersection1_2D
                0x100005f8        0x4 ./example/src/3d_utilities.o
                0x100005f8                intersection1_2D
 .bss.intersection1_2Dnative
                0x100005fc        0x4 ./example/src/3d_utilities.o
                0x100005fc                intersection1_2Dnative
 .bss.intersection2
                0x10000600        0xc ./example/src/3d_utilities.o
                0x10000600                intersection2
 .bss.intersection2_2D
                0x1000060c        0x4 ./example/src/3d_utilities.o
                0x1000060c                intersection2_2D
 .bss.intersection2_2Dnative
                0x10000610        0x4 ./example/src/3d_utilities.o
                0x10000610                intersection2_2Dnative
 .bss.intersection3
                0x10000614        0xc ./example/src/3d_utilities.o
                0x10000614                intersection3
 .bss.intersection3_2D
                0x10000620        0x4 ./example/src/3d_utilities.o
                0x10000620                intersection3_2D
 .bss.intersection3_2Dnative
                0x10000624        0x4 ./example/src/3d_utilities.o
                0x10000624                intersection3_2Dnative
 .bss.intersection4
                0x10000628        0xc ./example/src/3d_utilities.o
                0x10000628                intersection4
 .bss.intersection4_2D
                0x10000634        0x4 ./example/src/3d_utilities.o
                0x10000634                intersection4_2D
 .bss.intersection4_2Dnative
                0x10000638        0x4 ./example/src/3d_utilities.o
                0x10000638                intersection4_2Dnative
 .bss.arr       0x1000063c      0x3cc ./example/src/3d_utilities.o
                0x1000063c                arr
 .bss.flag.4276
                0x10000a08        0x4 ./example/src/3d_utilities.o
 .bss.run.7589  0x10000a0c        0x4 ./example/src/freertos_blinky.o
 .bss.interrupt0RxStat
                0x10000a10        0x4 ./example/src/ssp.o
                0x10000a10                interrupt0RxStat
 .bss.interrupt0OverRunStat
                0x10000a14        0x4 ./example/src/ssp.o
                0x10000a14                interrupt0OverRunStat
 .bss.interrupt0RxTimeoutStat
                0x10000a18        0x4 ./example/src/ssp.o
                0x10000a18                interrupt0RxTimeoutStat
 .bss.interrupt1RxStat
                0x10000a1c        0x4 ./example/src/ssp.o
                0x10000a1c                interrupt1RxStat
 .bss.interrupt1OverRunStat
                0x10000a20        0x4 ./example/src/ssp.o
                0x10000a20                interrupt1OverRunStat
 .bss.interrupt1RxTimeoutStat
                0x10000a24        0x4 ./example/src/ssp.o
                0x10000a24                interrupt1RxTimeoutStat
 .bss.__end_of_heap
                0x10000a28        0x4 c:/nxp/mcuxpressoide_10.3.0_2200/ide/plugins/com.nxp.mcuxpresso.tools.win32_10.3.0.201811011841/tools/bin/../lib/gcc/arm-none-eabi/7.3.1/../../../../arm-none-eabi/lib/thumb/v7-m\libcr_c.a(__init_alloc.o)
                0x10000a28                __end_of_heap
 .bss.__heaps   0x10000a2c        0x4 c:/nxp/mcuxpressoide_10.3.0_2200/ide/plugins/com.nxp.mcuxpresso.tools.win32_10.3.0.201811011841/tools/bin/../lib/gcc/arm-none-eabi/7.3.1/../../../../arm-none-eabi/lib/thumb/v7-m\libcr_c.a(__init_alloc.o)
                0x10000a2c                __heaps
 .bss.errno     0x10000a30        0x4 c:/nxp/mcuxpressoide_10.3.0_2200/ide/plugins/com.nxp.mcuxpresso.tools.win32_10.3.0.201811011841/tools/bin/../lib/gcc/arm-none-eabi/7.3.1/../../../../arm-none-eabi/lib/thumb/v7-m\libcr_c.a(errno.o)
                0x10000a30                errno
 .bss.__Ciob    0x10000a34      0x1e0 c:/nxp/mcuxpressoide_10.3.0_2200/ide/plugins/com.nxp.mcuxpresso.tools.win32_10.3.0.201811011841/tools/bin/../lib/gcc/arm-none-eabi/7.3.1/../../../../arm-none-eabi/lib/thumb/v7-m\libcr_nohost.a(__ciob.o)
                0x10000a34                __Ciob
 *(COMMON)
 COMMON         0x10000c14       0x20 ./example/src/lcd_utilities.o
                0x10000c14                dest_addr
                0x10000c24                src_addr
 COMMON         0x10000c34        0x4 C:\Users\Kartik Chakravarty\Documents\MCUXpressoIDE_10.3.0_2200\workspace3\lpc_chip_175x_6x\Debug\liblpc_chip_175x_6x.a(chip_17xx_40xx.o)
                0x10000c34                SystemCoreClock
                0x10000c38                . = ALIGN (0x4)
                0x10000c38                _ebss = .
                [!provide]                PROVIDE (end = .)

.noinit_RAM2    0x2007c000        0x0
 *(.noinit.$RAM2*)
 *(.noinit.$RamAHB32*)
                0x2007c000                . = ALIGN (0x4)

.noinit         0x10000c38        0x0
                0x10000c38                _noinit = .
 *(.noinit*)
                0x10000c38                . = ALIGN (0x4)
                0x10000c38                _end_noinit = .
                0x10000c38                PROVIDE (_pvHeapStart = DEFINED (__user_heap_base)?__user_heap_base:.)
                0x10008000                PROVIDE (_vStackTop = DEFINED (__user_stack_top)?__user_stack_top:(__top_RamLoc32 - 0x0))
                [!provide]                PROVIDE (__valid_user_code_checksum = (0x0 - ((((((_vStackTop + (ResetISR + 0x1)) + (NMI_Handler + 0x1)) + (HardFault_Handler + 0x1)) + (DEFINED (MemManage_Handler)?MemManage_Handler:0x0 + 0x1)) + (DEFINED (BusFault_Handler)?BusFault_Handler:0x0 + 0x1)) + (DEFINED (UsageFault_Handler)?UsageFault_Handler:0x0 + 0x1))))
                0x00000000                _image_start = LOADADDR (.text)
                0x00009704                _image_end = (LOADADDR (.data) + SIZEOF (.data))
                0x00009704                _image_size = (_image_end - _image_start)
OUTPUT(freertos_blinky.axf elf32-littlearm)

.debug_info     0x00000000     0x96ea
 .debug_info    0x00000000      0x2d0 ./freertos/src/FreeRTOSCommonHooks.o
 .debug_info    0x000002d0      0x261 ./freertos/src/heap_3.o
 .debug_info    0x00000531      0x3fc ./freertos/src/list.o
 .debug_info    0x0000092d      0x4ff ./freertos/src/port.o
 .debug_info    0x00000e2c     0x132c ./freertos/src/tasks.o
 .debug_info    0x00002158     0x127d ./example/src/3d_utilities.o
 .debug_info    0x000033d5      0x251 ./example/src/cr_startup_lpc175x_6x.o
 .debug_info    0x00003626      0x381 ./example/src/freertos_blinky.o
 .debug_info    0x000039a7      0x8df ./example/src/lcd_utilities.o
 .debug_info    0x00004286      0xc70 ./example/src/ssp.o
 .debug_info    0x00004ef6      0x232 ./example/src/sysinit.o
 .debug_info    0x00005128      0x254 ./example/inc/co_ordinate.o
 .debug_info    0x0000537c     0x150a C:\Users\Kartik Chakravarty\Documents\MCUXpressoIDE_10.3.0_2200\workspace3\lpc_board_nxp_lpcxpresso_1769\Debug\liblpc_board_nxp_lpcxpresso_1769.a(board.o)
 .debug_info    0x00006886      0x6c3 C:\Users\Kartik Chakravarty\Documents\MCUXpressoIDE_10.3.0_2200\workspace3\lpc_board_nxp_lpcxpresso_1769\Debug\liblpc_board_nxp_lpcxpresso_1769.a(board_sysinit.o)
 .debug_info    0x00006f49      0x558 C:\Users\Kartik Chakravarty\Documents\MCUXpressoIDE_10.3.0_2200\workspace3\lpc_chip_175x_6x\Debug\liblpc_chip_175x_6x.a(chip_17xx_40xx.o)
 .debug_info    0x000074a1      0xba2 C:\Users\Kartik Chakravarty\Documents\MCUXpressoIDE_10.3.0_2200\workspace3\lpc_chip_175x_6x\Debug\liblpc_chip_175x_6x.a(clock_17xx_40xx.o)
 .debug_info    0x00008043      0x31e C:\Users\Kartik Chakravarty\Documents\MCUXpressoIDE_10.3.0_2200\workspace3\lpc_chip_175x_6x\Debug\liblpc_chip_175x_6x.a(iocon_17xx_40xx.o)
 .debug_info    0x00008361      0x474 C:\Users\Kartik Chakravarty\Documents\MCUXpressoIDE_10.3.0_2200\workspace3\lpc_chip_175x_6x\Debug\liblpc_chip_175x_6x.a(sysinit_17xx_40xx.o)
 .debug_info    0x000087d5      0xf15 C:\Users\Kartik Chakravarty\Documents\MCUXpressoIDE_10.3.0_2200\workspace3\lpc_chip_175x_6x\Debug\liblpc_chip_175x_6x.a(uart_17xx_40xx.o)

.debug_abbrev   0x00000000     0x22ce
 .debug_abbrev  0x00000000      0x165 ./freertos/src/FreeRTOSCommonHooks.o
 .debug_abbrev  0x00000165      0x117 ./freertos/src/heap_3.o
 .debug_abbrev  0x0000027c      0x122 ./freertos/src/list.o
 .debug_abbrev  0x0000039e      0x21b ./freertos/src/port.o
 .debug_abbrev  0x000005b9      0x254 ./freertos/src/tasks.o
 .debug_abbrev  0x0000080d      0x270 ./example/src/3d_utilities.o
 .debug_abbrev  0x00000a7d      0x103 ./example/src/cr_startup_lpc175x_6x.o
 .debug_abbrev  0x00000b80      0x156 ./example/src/freertos_blinky.o
 .debug_abbrev  0x00000cd6      0x1fc ./example/src/lcd_utilities.o
 .debug_abbrev  0x00000ed2      0x28d ./example/src/ssp.o
 .debug_abbrev  0x0000115f       0xdd ./example/src/sysinit.o
 .debug_abbrev  0x0000123c      0x106 ./example/inc/co_ordinate.o
 .debug_abbrev  0x00001342      0x3c8 C:\Users\Kartik Chakravarty\Documents\MCUXpressoIDE_10.3.0_2200\workspace3\lpc_board_nxp_lpcxpresso_1769\Debug\liblpc_board_nxp_lpcxpresso_1769.a(board.o)
 .debug_abbrev  0x0000170a      0x180 C:\Users\Kartik Chakravarty\Documents\MCUXpressoIDE_10.3.0_2200\workspace3\lpc_board_nxp_lpcxpresso_1769\Debug\liblpc_board_nxp_lpcxpresso_1769.a(board_sysinit.o)
 .debug_abbrev  0x0000188a      0x151 C:\Users\Kartik Chakravarty\Documents\MCUXpressoIDE_10.3.0_2200\workspace3\lpc_chip_175x_6x\Debug\liblpc_chip_175x_6x.a(chip_17xx_40xx.o)
 .debug_abbrev  0x000019db      0x309 C:\Users\Kartik Chakravarty\Documents\MCUXpressoIDE_10.3.0_2200\workspace3\lpc_chip_175x_6x\Debug\liblpc_chip_175x_6x.a(clock_17xx_40xx.o)
 .debug_abbrev  0x00001ce4      0x14a C:\Users\Kartik Chakravarty\Documents\MCUXpressoIDE_10.3.0_2200\workspace3\lpc_chip_175x_6x\Debug\liblpc_chip_175x_6x.a(iocon_17xx_40xx.o)
 .debug_abbrev  0x00001e2e      0x18e C:\Users\Kartik Chakravarty\Documents\MCUXpressoIDE_10.3.0_2200\workspace3\lpc_chip_175x_6x\Debug\liblpc_chip_175x_6x.a(sysinit_17xx_40xx.o)
 .debug_abbrev  0x00001fbc      0x312 C:\Users\Kartik Chakravarty\Documents\MCUXpressoIDE_10.3.0_2200\workspace3\lpc_chip_175x_6x\Debug\liblpc_chip_175x_6x.a(uart_17xx_40xx.o)

.debug_aranges  0x00000000      0x9c0
 .debug_aranges
                0x00000000       0x40 ./freertos/src/FreeRTOSCommonHooks.o
 .debug_aranges
                0x00000040       0x28 ./freertos/src/heap_3.o
 .debug_aranges
                0x00000068       0x40 ./freertos/src/list.o
 .debug_aranges
                0x000000a8       0x90 ./freertos/src/port.o
 .debug_aranges
                0x00000138      0x170 ./freertos/src/tasks.o
 .debug_aranges
                0x000002a8       0xa0 ./example/src/3d_utilities.o
 .debug_aranges
                0x00000348       0x80 ./example/src/cr_startup_lpc175x_6x.o
 .debug_aranges
                0x000003c8       0x30 ./example/src/freertos_blinky.o
 .debug_aranges
                0x000003f8       0x78 ./example/src/lcd_utilities.o
 .debug_aranges
                0x00000470       0x60 ./example/src/ssp.o
 .debug_aranges
                0x000004d0       0x20 ./example/src/sysinit.o
 .debug_aranges
                0x000004f0       0x28 ./example/inc/co_ordinate.o
 .debug_aranges
                0x00000518      0x160 C:\Users\Kartik Chakravarty\Documents\MCUXpressoIDE_10.3.0_2200\workspace3\lpc_board_nxp_lpcxpresso_1769\Debug\liblpc_board_nxp_lpcxpresso_1769.a(board.o)
 .debug_aranges
                0x00000678       0x38 C:\Users\Kartik Chakravarty\Documents\MCUXpressoIDE_10.3.0_2200\workspace3\lpc_board_nxp_lpcxpresso_1769\Debug\liblpc_board_nxp_lpcxpresso_1769.a(board_sysinit.o)
 .debug_aranges
                0x000006b0       0x38 C:\Users\Kartik Chakravarty\Documents\MCUXpressoIDE_10.3.0_2200\workspace3\lpc_chip_175x_6x\Debug\liblpc_chip_175x_6x.a(chip_17xx_40xx.o)
 .debug_aranges
                0x000006e8      0x120 C:\Users\Kartik Chakravarty\Documents\MCUXpressoIDE_10.3.0_2200\workspace3\lpc_chip_175x_6x\Debug\liblpc_chip_175x_6x.a(clock_17xx_40xx.o)
 .debug_aranges
                0x00000808       0x30 C:\Users\Kartik Chakravarty\Documents\MCUXpressoIDE_10.3.0_2200\workspace3\lpc_chip_175x_6x\Debug\liblpc_chip_175x_6x.a(iocon_17xx_40xx.o)
 .debug_aranges
                0x00000838       0x60 C:\Users\Kartik Chakravarty\Documents\MCUXpressoIDE_10.3.0_2200\workspace3\lpc_chip_175x_6x\Debug\liblpc_chip_175x_6x.a(sysinit_17xx_40xx.o)
 .debug_aranges
                0x00000898      0x128 C:\Users\Kartik Chakravarty\Documents\MCUXpressoIDE_10.3.0_2200\workspace3\lpc_chip_175x_6x\Debug\liblpc_chip_175x_6x.a(uart_17xx_40xx.o)

.debug_ranges   0x00000000      0x8d8
 .debug_ranges  0x00000000       0x30 ./freertos/src/FreeRTOSCommonHooks.o
 .debug_ranges  0x00000030       0x18 ./freertos/src/heap_3.o
 .debug_ranges  0x00000048       0x30 ./freertos/src/list.o
 .debug_ranges  0x00000078       0x80 ./freertos/src/port.o
 .debug_ranges  0x000000f8      0x160 ./freertos/src/tasks.o
 .debug_ranges  0x00000258       0xd8 ./example/src/3d_utilities.o
 .debug_ranges  0x00000330       0x70 ./example/src/cr_startup_lpc175x_6x.o
 .debug_ranges  0x000003a0       0x20 ./example/src/freertos_blinky.o
 .debug_ranges  0x000003c0       0x68 ./example/src/lcd_utilities.o
 .debug_ranges  0x00000428       0x50 ./example/src/ssp.o
 .debug_ranges  0x00000478       0x10 ./example/src/sysinit.o
 .debug_ranges  0x00000488       0x18 ./example/inc/co_ordinate.o
 .debug_ranges  0x000004a0      0x150 C:\Users\Kartik Chakravarty\Documents\MCUXpressoIDE_10.3.0_2200\workspace3\lpc_board_nxp_lpcxpresso_1769\Debug\liblpc_board_nxp_lpcxpresso_1769.a(board.o)
 .debug_ranges  0x000005f0       0x28 C:\Users\Kartik Chakravarty\Documents\MCUXpressoIDE_10.3.0_2200\workspace3\lpc_board_nxp_lpcxpresso_1769\Debug\liblpc_board_nxp_lpcxpresso_1769.a(board_sysinit.o)
 .debug_ranges  0x00000618       0x28 C:\Users\Kartik Chakravarty\Documents\MCUXpressoIDE_10.3.0_2200\workspace3\lpc_chip_175x_6x\Debug\liblpc_chip_175x_6x.a(chip_17xx_40xx.o)
 .debug_ranges  0x00000640      0x110 C:\Users\Kartik Chakravarty\Documents\MCUXpressoIDE_10.3.0_2200\workspace3\lpc_chip_175x_6x\Debug\liblpc_chip_175x_6x.a(clock_17xx_40xx.o)
 .debug_ranges  0x00000750       0x20 C:\Users\Kartik Chakravarty\Documents\MCUXpressoIDE_10.3.0_2200\workspace3\lpc_chip_175x_6x\Debug\liblpc_chip_175x_6x.a(iocon_17xx_40xx.o)
 .debug_ranges  0x00000770       0x50 C:\Users\Kartik Chakravarty\Documents\MCUXpressoIDE_10.3.0_2200\workspace3\lpc_chip_175x_6x\Debug\liblpc_chip_175x_6x.a(sysinit_17xx_40xx.o)
 .debug_ranges  0x000007c0      0x118 C:\Users\Kartik Chakravarty\Documents\MCUXpressoIDE_10.3.0_2200\workspace3\lpc_chip_175x_6x\Debug\liblpc_chip_175x_6x.a(uart_17xx_40xx.o)

.debug_macro    0x00000000     0x6c59
 .debug_macro   0x00000000      0x29c ./freertos/src/FreeRTOSCommonHooks.o
 .debug_macro   0x0000029c      0xa66 ./freertos/src/FreeRTOSCommonHooks.o
 .debug_macro   0x00000d02       0x10 ./freertos/src/FreeRTOSCommonHooks.o
 .debug_macro   0x00000d12      0x12d ./freertos/src/FreeRTOSCommonHooks.o
 .debug_macro   0x00000e3f       0x16 ./freertos/src/FreeRTOSCommonHooks.o
 .debug_macro   0x00000e55       0x46 ./freertos/src/FreeRTOSCommonHooks.o
 .debug_macro   0x00000e9b      0x5b2 ./freertos/src/FreeRTOSCommonHooks.o
 .debug_macro   0x0000144d       0x22 ./freertos/src/FreeRTOSCommonHooks.o
 .debug_macro   0x0000146f       0x74 ./freertos/src/FreeRTOSCommonHooks.o
 .debug_macro   0x000014e3       0x10 ./freertos/src/FreeRTOSCommonHooks.o
 .debug_macro   0x000014f3       0x2d ./freertos/src/FreeRTOSCommonHooks.o
 .debug_macro   0x00001520       0x3a ./freertos/src/FreeRTOSCommonHooks.o
 .debug_macro   0x0000155a       0x2d ./freertos/src/FreeRTOSCommonHooks.o
 .debug_macro   0x00001587      0xbb1 ./freertos/src/FreeRTOSCommonHooks.o
 .debug_macro   0x00002138      0x22c ./freertos/src/FreeRTOSCommonHooks.o
 .debug_macro   0x00002364       0x42 ./freertos/src/FreeRTOSCommonHooks.o
 .debug_macro   0x000023a6       0x52 ./freertos/src/FreeRTOSCommonHooks.o
 .debug_macro   0x000023f8       0x78 ./freertos/src/FreeRTOSCommonHooks.o
 .debug_macro   0x00002470       0x82 ./freertos/src/FreeRTOSCommonHooks.o
 .debug_macro   0x000024f2      0x48c ./freertos/src/FreeRTOSCommonHooks.o
 .debug_macro   0x0000297e       0x34 ./freertos/src/FreeRTOSCommonHooks.o
 .debug_macro   0x000029b2      0x4c5 ./freertos/src/FreeRTOSCommonHooks.o
 .debug_macro   0x00002e77      0x1b7 ./freertos/src/FreeRTOSCommonHooks.o
 .debug_macro   0x0000302e       0x10 ./freertos/src/FreeRTOSCommonHooks.o
 .debug_macro   0x0000303e      0x21b ./freertos/src/FreeRTOSCommonHooks.o
 .debug_macro   0x00003259      0x1b9 ./freertos/src/FreeRTOSCommonHooks.o
 .debug_macro   0x00003412       0x40 ./freertos/src/FreeRTOSCommonHooks.o
 .debug_macro   0x00003452       0x22 ./freertos/src/FreeRTOSCommonHooks.o
 .debug_macro   0x00003474      0x162 ./freertos/src/FreeRTOSCommonHooks.o
 .debug_macro   0x000035d6       0x94 ./freertos/src/FreeRTOSCommonHooks.o
 .debug_macro   0x0000366a       0xb8 ./freertos/src/FreeRTOSCommonHooks.o
 .debug_macro   0x00003722       0x4c ./freertos/src/FreeRTOSCommonHooks.o
 .debug_macro   0x0000376e       0x16 ./freertos/src/FreeRTOSCommonHooks.o
 .debug_macro   0x00003784      0x328 ./freertos/src/FreeRTOSCommonHooks.o
 .debug_macro   0x00003aac       0x49 ./freertos/src/FreeRTOSCommonHooks.o
 .debug_macro   0x00003af5       0x16 ./freertos/src/FreeRTOSCommonHooks.o
 .debug_macro   0x00003b0b       0xca ./freertos/src/FreeRTOSCommonHooks.o
 .debug_macro   0x00003bd5       0x11 ./freertos/src/FreeRTOSCommonHooks.o
 .debug_macro   0x00003be6       0x70 ./freertos/src/FreeRTOSCommonHooks.o
 .debug_macro   0x00003c56       0x9a ./freertos/src/FreeRTOSCommonHooks.o
 .debug_macro   0x00003cf0       0x20 ./freertos/src/FreeRTOSCommonHooks.o
 .debug_macro   0x00003d10       0x28 ./freertos/src/FreeRTOSCommonHooks.o
 .debug_macro   0x00003d38       0xee ./freertos/src/FreeRTOSCommonHooks.o
 .debug_macro   0x00003e26       0xab ./freertos/src/FreeRTOSCommonHooks.o
 .debug_macro   0x00003ed1       0x12 ./freertos/src/FreeRTOSCommonHooks.o
 .debug_macro   0x00003ee3       0x1f ./freertos/src/FreeRTOSCommonHooks.o
 .debug_macro   0x00003f02      0x257 ./freertos/src/FreeRTOSCommonHooks.o
 .debug_macro   0x00004159       0x64 ./freertos/src/FreeRTOSCommonHooks.o
 .debug_macro   0x000041bd       0x57 ./freertos/src/FreeRTOSCommonHooks.o
 .debug_macro   0x00004214      0x2b2 ./freertos/src/heap_3.o
 .debug_macro   0x000044c6       0x28 ./freertos/src/heap_3.o
 .debug_macro   0x000044ee      0x297 ./freertos/src/list.o
 .debug_macro   0x00004785      0x329 ./freertos/src/port.o
 .debug_macro   0x00004aae      0x336 ./freertos/src/tasks.o
 .debug_macro   0x00004de4       0x5b ./freertos/src/tasks.o
 .debug_macro   0x00004e3f       0x16 ./freertos/src/tasks.o
 .debug_macro   0x00004e55       0xc7 ./example/src/3d_utilities.o
 .debug_macro   0x00004f1c       0xc4 ./example/src/3d_utilities.o
 .debug_macro   0x00004fe0       0x10 ./example/src/3d_utilities.o
 .debug_macro   0x00004ff0       0xa6 ./example/src/3d_utilities.o
 .debug_macro   0x00005096       0x1d ./example/src/cr_startup_lpc175x_6x.o
 .debug_macro   0x000050b3      0x2bb ./example/src/freertos_blinky.o
 .debug_macro   0x0000536e       0xa0 ./example/src/freertos_blinky.o
 .debug_macro   0x0000540e       0x18 ./example/src/freertos_blinky.o
 .debug_macro   0x00005426       0x10 ./example/src/freertos_blinky.o
 .debug_macro   0x00005436       0xf4 ./example/src/freertos_blinky.o
 .debug_macro   0x0000552a      0x118 ./example/src/freertos_blinky.o
 .debug_macro   0x00005642       0x16 ./example/src/freertos_blinky.o
 .debug_macro   0x00005658       0xff ./example/src/lcd_utilities.o
 .debug_macro   0x00005757       0x82 ./example/src/lcd_utilities.o
 .debug_macro   0x000057d9       0x34 ./example/src/lcd_utilities.o
 .debug_macro   0x0000580d       0x1c ./example/src/lcd_utilities.o
 .debug_macro   0x00005829      0x2c7 ./example/src/lcd_utilities.o
 .debug_macro   0x00005af0       0x10 ./example/src/lcd_utilities.o
 .debug_macro   0x00005b00       0x81 ./example/src/ssp.o
 .debug_macro   0x00005b81      0x217 ./example/src/sysinit.o
 .debug_macro   0x00005d98       0x7b ./example/src/sysinit.o
 .debug_macro   0x00005e13       0x71 ./example/inc/co_ordinate.o
 .debug_macro   0x00005e84       0x22 ./example/inc/co_ordinate.o
 .debug_macro   0x00005ea6      0x289 C:\Users\Kartik Chakravarty\Documents\MCUXpressoIDE_10.3.0_2200\workspace3\lpc_board_nxp_lpcxpresso_1769\Debug\liblpc_board_nxp_lpcxpresso_1769.a(board.o)
 .debug_macro   0x0000612f       0x12 C:\Users\Kartik Chakravarty\Documents\MCUXpressoIDE_10.3.0_2200\workspace3\lpc_board_nxp_lpcxpresso_1769\Debug\liblpc_board_nxp_lpcxpresso_1769.a(board.o)
 .debug_macro   0x00006141      0x217 C:\Users\Kartik Chakravarty\Documents\MCUXpressoIDE_10.3.0_2200\workspace3\lpc_board_nxp_lpcxpresso_1769\Debug\liblpc_board_nxp_lpcxpresso_1769.a(board_sysinit.o)
 .debug_macro   0x00006358      0x1cd C:\Users\Kartik Chakravarty\Documents\MCUXpressoIDE_10.3.0_2200\workspace3\lpc_chip_175x_6x\Debug\liblpc_chip_175x_6x.a(chip_17xx_40xx.o)
 .debug_macro   0x00006525      0x1cd C:\Users\Kartik Chakravarty\Documents\MCUXpressoIDE_10.3.0_2200\workspace3\lpc_chip_175x_6x\Debug\liblpc_chip_175x_6x.a(clock_17xx_40xx.o)
 .debug_macro   0x000066f2      0x1cd C:\Users\Kartik Chakravarty\Documents\MCUXpressoIDE_10.3.0_2200\workspace3\lpc_chip_175x_6x\Debug\liblpc_chip_175x_6x.a(iocon_17xx_40xx.o)
 .debug_macro   0x000068bf      0x1cd C:\Users\Kartik Chakravarty\Documents\MCUXpressoIDE_10.3.0_2200\workspace3\lpc_chip_175x_6x\Debug\liblpc_chip_175x_6x.a(sysinit_17xx_40xx.o)
 .debug_macro   0x00006a8c      0x1cd C:\Users\Kartik Chakravarty\Documents\MCUXpressoIDE_10.3.0_2200\workspace3\lpc_chip_175x_6x\Debug\liblpc_chip_175x_6x.a(uart_17xx_40xx.o)

.debug_line     0x00000000     0x798c
 .debug_line    0x00000000      0x6ff ./freertos/src/FreeRTOSCommonHooks.o
 .debug_line    0x000006ff      0x6a4 ./freertos/src/heap_3.o
 .debug_line    0x00000da3      0x6f0 ./freertos/src/list.o
 .debug_line    0x00001493      0x7d6 ./freertos/src/port.o
 .debug_line    0x00001c69      0xda4 ./freertos/src/tasks.o
 .debug_line    0x00002a0d      0x9b6 ./example/src/3d_utilities.o
 .debug_line    0x000033c3       0xdb ./example/src/cr_startup_lpc175x_6x.o
 .debug_line    0x0000349e      0x6f1 ./example/src/freertos_blinky.o
 .debug_line    0x00003b8f      0x5f4 ./example/src/lcd_utilities.o
 .debug_line    0x00004183      0x468 ./example/src/ssp.o
 .debug_line    0x000045eb      0x535 ./example/src/sysinit.o
 .debug_line    0x00004b20      0x1ba ./example/inc/co_ordinate.o
 .debug_line    0x00004cda      0x8e8 C:\Users\Kartik Chakravarty\Documents\MCUXpressoIDE_10.3.0_2200\workspace3\lpc_board_nxp_lpcxpresso_1769\Debug\liblpc_board_nxp_lpcxpresso_1769.a(board.o)
 .debug_line    0x000055c2      0x56d C:\Users\Kartik Chakravarty\Documents\MCUXpressoIDE_10.3.0_2200\workspace3\lpc_board_nxp_lpcxpresso_1769\Debug\liblpc_board_nxp_lpcxpresso_1769.a(board_sysinit.o)
 .debug_line    0x00005b2f      0x4de C:\Users\Kartik Chakravarty\Documents\MCUXpressoIDE_10.3.0_2200\workspace3\lpc_chip_175x_6x\Debug\liblpc_chip_175x_6x.a(chip_17xx_40xx.o)
 .debug_line    0x0000600d      0x75a C:\Users\Kartik Chakravarty\Documents\MCUXpressoIDE_10.3.0_2200\workspace3\lpc_chip_175x_6x\Debug\liblpc_chip_175x_6x.a(clock_17xx_40xx.o)
 .debug_line    0x00006767      0x4ca C:\Users\Kartik Chakravarty\Documents\MCUXpressoIDE_10.3.0_2200\workspace3\lpc_chip_175x_6x\Debug\liblpc_chip_175x_6x.a(iocon_17xx_40xx.o)
 .debug_line    0x00006c31      0x554 C:\Users\Kartik Chakravarty\Documents\MCUXpressoIDE_10.3.0_2200\workspace3\lpc_chip_175x_6x\Debug\liblpc_chip_175x_6x.a(sysinit_17xx_40xx.o)
 .debug_line    0x00007185      0x807 C:\Users\Kartik Chakravarty\Documents\MCUXpressoIDE_10.3.0_2200\workspace3\lpc_chip_175x_6x\Debug\liblpc_chip_175x_6x.a(uart_17xx_40xx.o)

.debug_str      0x00000000    0x1a1be
 .debug_str     0x00000000    0x1338b ./freertos/src/FreeRTOSCommonHooks.o
                              0x13473 (size before relaxing)
 .debug_str     0x0001338b      0x103 ./freertos/src/heap_3.o
                              0x13487 (size before relaxing)
 .debug_str     0x0001348e      0x12e ./freertos/src/list.o
                              0x131cc (size before relaxing)
 .debug_str     0x000135bc      0x8f6 ./freertos/src/port.o
                              0x13cc3 (size before relaxing)
 .debug_str     0x00013eb2     0x153a ./freertos/src/tasks.o
                              0x14c8e (size before relaxing)
 .debug_str     0x000153ec      0xcb3 ./example/src/3d_utilities.o
                               0x5487 (size before relaxing)
 .debug_str     0x0001609f      0x1b3 ./example/src/cr_startup_lpc175x_6x.o
                               0x2edb (size before relaxing)
 .debug_str     0x00016252      0x392 ./example/src/freertos_blinky.o
                              0x13b24 (size before relaxing)
 .debug_str     0x000165e4     0x18f4 ./example/src/lcd_utilities.o
                               0xb2b3 (size before relaxing)
 .debug_str     0x00017ed8      0x58e ./example/src/ssp.o
                               0xa76e (size before relaxing)
 .debug_str     0x00018466       0x35 ./example/src/sysinit.o
                              0x112bd (size before relaxing)
 .debug_str     0x0001849b       0x73 ./example/inc/co_ordinate.o
                               0x4812 (size before relaxing)
 .debug_str     0x0001850e      0xcf4 C:\Users\Kartik Chakravarty\Documents\MCUXpressoIDE_10.3.0_2200\workspace3\lpc_board_nxp_lpcxpresso_1769\Debug\liblpc_board_nxp_lpcxpresso_1769.a(board.o)
                              0x12191 (size before relaxing)
 .debug_str     0x00019202      0x19e C:\Users\Kartik Chakravarty\Documents\MCUXpressoIDE_10.3.0_2200\workspace3\lpc_board_nxp_lpcxpresso_1769\Debug\liblpc_board_nxp_lpcxpresso_1769.a(board_sysinit.o)
                              0x116cb (size before relaxing)
 .debug_str     0x000193a0       0xd5 C:\Users\Kartik Chakravarty\Documents\MCUXpressoIDE_10.3.0_2200\workspace3\lpc_chip_175x_6x\Debug\liblpc_chip_175x_6x.a(chip_17xx_40xx.o)