16:34:35 **** Clean-only build of configuration Debug for project CMSIS_CORE_LPC17xx ****
make -r clean 
rm -rf  ./src/cr_startup_lpc17.o ./src/main.o ./src/system_LPC17xx.o ./src/uart.o  ./src/cr_startup_lpc17.d ./src/main.d ./src/system_LPC17xx.d ./src/uart.d  libCMSIS_CORE_LPC17xx.a
 
16:34:35 **** Clean-only build of configuration Debug for project lpc_board_nxp_lpcxpresso_1769 ****
make -r clean 
rm -rf  ./src/board.o ./src/board_sysinit.o ./src/lpc_phy_smsc87x0.o  ./src/board.d ./src/board_sysinit.d ./src/lpc_phy_smsc87x0.d  liblpc_board_nxp_lpcxpresso_1769.a
 
16:34:35 **** Clean-only build of configuration Debug for project lpc_chip_175x_6x ****
make -r clean 
rm -rf  ./src/adc_17xx_40xx.o ./src/can_17xx_40xx.o ./src/chip_17xx_40xx.o ./src/clock_17xx_40xx.o ./src/cmp_17xx_40xx.o ./src/crc_17xx_40xx.o ./src/dac_17xx_40xx.o ./src/eeprom_17xx_40xx.o ./src/emc_17xx_40xx.o ./src/enet_17xx_40xx.o ./src/gpdma_17xx_40xx.o ./src/gpio_17xx_40xx.o ./src/gpioint_17xx_40xx.o ./src/i2c_17xx_40xx.o ./src/i2s_17xx_40xx.o ./src/iap.o ./src/iocon_17xx_40xx.o ./src/lcd_17xx_40xx.o ./src/pmu_17xx_40xx.o ./src/ring_buffer.o ./src/ritimer_17xx_40xx.o ./src/rtc_17xx_40xx.o ./src/sdc_17xx_40xx.o ./src/sdmmc_17xx_40xx.o ./src/spi_17xx_40xx.o ./src/ssp_17xx_40xx.o ./src/stopwatch_17xx_40xx.o ./src/sysctl_17xx_40xx.o ./src/sysinit_17xx_40xx.o ./src/timer_17xx_40xx.o ./src/uart_17xx_40xx.o ./src/wwdt_17xx_40xx.o  ./src/adc_17xx_40xx.d ./src/can_17xx_40xx.d ./src/chip_17xx_40xx.d ./src/clock_17xx_40xx.d ./src/cmp_17xx_40xx.d ./src/crc_17xx_40xx.d ./src/dac_17xx_40xx.d ./src/eeprom_17xx_40xx.d ./src/emc_17xx_40xx.d ./src/enet_17xx_40xx.d ./src/gpdma_17xx_40xx.d ./src/gpio_17xx_40xx.d ./src/gpioint_17xx_40xx.d ./src/i2c_17xx_40xx.d ./src/i2s_17xx_40xx.d ./src/iap.d ./src/iocon_17xx_40xx.d ./src/lcd_17xx_40xx.d ./src/pmu_17xx_40xx.d ./src/ring_buffer.d ./src/ritimer_17xx_40xx.d ./src/rtc_17xx_40xx.d ./src/sdc_17xx_40xx.d ./src/sdmmc_17xx_40xx.d ./src/spi_17xx_40xx.d ./src/ssp_17xx_40xx.d ./src/stopwatch_17xx_40xx.d ./src/sysctl_17xx_40xx.d ./src/sysinit_17xx_40xx.d ./src/timer_17xx_40xx.d ./src/uart_17xx_40xx.d ./src/wwdt_17xx_40xx.d  liblpc_chip_175x_6x.a
 
16:34:36 **** Clean-only build of configuration Debug for project freertos_blinky ****
make -r -j4 clean 
rm -rf  ./freertos/src/FreeRTOSCommonHooks.o ./freertos/src/heap_3.o ./freertos/src/list.o ./freertos/src/port.o ./freertos/src/queue.o ./freertos/src/tasks.o  ./example/src/3d_utilities.o ./example/src/cr_startup_lpc175x_6x.o ./example/src/freertos_blinky.o ./example/src/lcd_utilities.o ./example/src/ssp.o ./example/src/sysinit.o  ./example/inc/co_ordinate.o  ./freertos/src/FreeRTOSCommonHooks.d ./freertos/src/heap_3.d ./freertos/src/list.d ./freertos/src/port.d ./freertos/src/queue.d ./freertos/src/tasks.d  ./example/src/3d_utilities.d ./example/src/cr_startup_lpc175x_6x.d ./example/src/freertos_blinky.d ./example/src/lcd_utilities.d ./example/src/ssp.d ./example/src/sysinit.d  ./example/inc/co_ordinate.d  freertos_blinky.axf
 
16:34:49 **** Build of configuration Debug for project CMSIS_CORE_LPC17xx ****
make -r all 
Building file: ../src/cr_startup_lpc17.c
Invoking: MCU C Compiler
arm-none-eabi-gcc -D__REDLIB__ -DDEBUG -D__CODE_RED -D__USE_CMSIS=CMSIS_CORE_LPC17xx -I"C:\Users\Kartik Chakravarty\Documents\MCUXpressoIDE_10.3.0_2200\workspace3\CMSIS_CORE_LPC17xx\inc" -Os -g3 -Wall -c -fmessage-length=0 -fno-builtin -ffunction-sections -fdata-sections -mcpu=cortex-m3 -mthumb -D__REDLIB__ -specs=redlib.specs -MMD -MP -MF"src/cr_startup_lpc17.d" -MT"src/cr_startup_lpc17.o" -MT"src/cr_startup_lpc17.d" -o "src/cr_startup_lpc17.o" "../src/cr_startup_lpc17.c"
Finished building: ../src/cr_startup_lpc17.c
 
Building file: ../src/main.c
Invoking: MCU C Compiler
arm-none-eabi-gcc -D__REDLIB__ -DDEBUG -D__CODE_RED -D__USE_CMSIS=CMSIS_CORE_LPC17xx -I"C:\Users\Kartik Chakravarty\Documents\MCUXpressoIDE_10.3.0_2200\workspace3\CMSIS_CORE_LPC17xx\inc" -Os -g3 -Wall -c -fmessage-length=0 -fno-builtin -ffunction-sections -fdata-sections -mcpu=cortex-m3 -mthumb -D__REDLIB__ -specs=redlib.specs -MMD -MP -MF"src/main.d" -MT"src/main.o" -MT"src/main.d" -o "src/main.o" "../src/main.c"
../src/main.c: In function 'main':
../src/main.c:53:7: warning: unused variable 'i' [-Wunused-variable]
   int i =0;
       ^
Finished building: ../src/main.c
 
Building file: ../src/system_LPC17xx.c
Invoking: MCU C Compiler
arm-none-eabi-gcc -D__REDLIB__ -DDEBUG -D__CODE_RED -D__USE_CMSIS=CMSIS_CORE_LPC17xx -I"C:\Users\Kartik Chakravarty\Documents\MCUXpressoIDE_10.3.0_2200\workspace3\CMSIS_CORE_LPC17xx\inc" -Os -g3 -Wall -c -fmessage-length=0 -fno-builtin -ffunction-sections -fdata-sections -mcpu=cortex-m3 -mthumb -D__REDLIB__ -specs=redlib.specs -MMD -MP -MF"src/system_LPC17xx.d" -MT"src/system_LPC17xx.o" -MT"src/system_LPC17xx.d" -o "src/system_LPC17xx.o" "../src/system_LPC17xx.c"
Finished building: ../src/system_LPC17xx.c
 
Building file: ../src/uart.c
Invoking: MCU C Compiler
arm-none-eabi-gcc -D__REDLIB__ -DDEBUG -D__CODE_RED -D__USE_CMSIS=CMSIS_CORE_LPC17xx -I"C:\Users\Kartik Chakravarty\Documents\MCUXpressoIDE_10.3.0_2200\workspace3\CMSIS_CORE_LPC17xx\inc" -Os -g3 -Wall -c -fmessage-length=0 -fno-builtin -ffunction-sections -fdata-sections -mcpu=cortex-m3 -mthumb -D__REDLIB__ -specs=redlib.specs -MMD -MP -MF"src/uart.d" -MT"src/uart.o" -MT"src/uart.d" -o "src/uart.o" "../src/uart.c"
Finished building: ../src/uart.c
 
Building target: libCMSIS_CORE_LPC17xx.a
Invoking: MCU Archiver
arm-none-eabi-ar -r  "libCMSIS_CORE_LPC17xx.a"  ./src/cr_startup_lpc17.o ./src/main.o ./src/system_LPC17xx.o ./src/uart.o   
arm-none-eabi-ar: creating libCMSIS_CORE_LPC17xx.a
Finished building target: libCMSIS_CORE_LPC17xx.a
 
make --no-print-directory post-build
Performing post-build steps
arm-none-eabi-size "libCMSIS_CORE_LPC17xx.a" ; # arm-none-eabi-objdump -h -S "libCMSIS_CORE_LPC17xx.a" >"libCMSIS_CORE_LPC17xx.lss"
   text	   data	    bss	    dec	    hex	filename
    296	      0	      0	    296	    128	cr_startup_lpc17.o (ex libCMSIS_CORE_LPC17xx.a)
     86	      0	      0	     86	     56	main.o (ex libCMSIS_CORE_LPC17xx.a)
    404	      4	      0	    408	    198	system_LPC17xx.o (ex libCMSIS_CORE_LPC17xx.a)
    936	      3	     12	    951	    3b7	uart.o (ex libCMSIS_CORE_LPC17xx.a)
 
16:34:52 **** Build of configuration Debug for project lpc_board_nxp_lpcxpresso_1769 ****
make -r all 
Building file: ../src/board.c
Invoking: MCU C Compiler
arm-none-eabi-gcc -D__REDLIB__ -DDEBUG -D__CODE_RED -D__USE_LPCOPEN -DCORE_M3 -I"C:\Users\Kartik Chakravarty\Documents\MCUXpressoIDE_10.3.0_2200\workspace3\lpc_chip_175x_6x\inc" -I"C:\Users\Kartik Chakravarty\Documents\MCUXpressoIDE_10.3.0_2200\workspace3\lpc_board_nxp_lpcxpresso_1769\inc" -O0 -g3 -Wall -c -fmessage-length=0 -fno-builtin -ffunction-sections -fdata-sections -mcpu=cortex-m3 -mthumb -specs=redlib.specs -MMD -MP -MF"src/board.d" -MT"src/board.o" -MT"src/board.d" -o "src/board.o" "../src/board.c"
../src/board.c: In function 'Board_I2C_Init':
../src/board.c:267:2: warning: enumeration value 'I2C_NUM_INTERFACE' not handled in switch [-Wswitch]
  switch (id) {
  ^~~~~~
Finished building: ../src/board.c
 
Building file: ../src/board_sysinit.c
Invoking: MCU C Compiler
arm-none-eabi-gcc -D__REDLIB__ -DDEBUG -D__CODE_RED -D__USE_LPCOPEN -DCORE_M3 -I"C:\Users\Kartik Chakravarty\Documents\MCUXpressoIDE_10.3.0_2200\workspace3\lpc_chip_175x_6x\inc" -I"C:\Users\Kartik Chakravarty\Documents\MCUXpressoIDE_10.3.0_2200\workspace3\lpc_board_nxp_lpcxpresso_1769\inc" -O0 -g3 -Wall -c -fmessage-length=0 -fno-builtin -ffunction-sections -fdata-sections -mcpu=cortex-m3 -mthumb -specs=redlib.specs -MMD -MP -MF"src/board_sysinit.d" -MT"src/board_sysinit.o" -MT"src/board_sysinit.d" -o "src/board_sysinit.o" "../src/board_sysinit.c"
Finished building: ../src/board_sysinit.c
 
Building file: ../src/lpc_phy_smsc87x0.c
Invoking: MCU C Compiler
arm-none-eabi-gcc -D__REDLIB__ -DDEBUG -D__CODE_RED -D__USE_LPCOPEN -DCORE_M3 -I"C:\Users\Kartik Chakravarty\Documents\MCUXpressoIDE_10.3.0_2200\workspace3\lpc_chip_175x_6x\inc" -I"C:\Users\Kartik Chakravarty\Documents\MCUXpressoIDE_10.3.0_2200\workspace3\lpc_board_nxp_lpcxpresso_1769\inc" -O0 -g3 -Wall -c -fmessage-length=0 -fno-builtin -ffunction-sections -fdata-sections -mcpu=cortex-m3 -mthumb -specs=redlib.specs -MMD -MP -MF"src/lpc_phy_smsc87x0.d" -MT"src/lpc_phy_smsc87x0.o" -MT"src/lpc_phy_smsc87x0.d" -o "src/lpc_phy_smsc87x0.o" "../src/lpc_phy_smsc87x0.c"
Finished building: ../src/lpc_phy_smsc87x0.c
 
Building target: liblpc_board_nxp_lpcxpresso_1769.a
Invoking: MCU Archiver
arm-none-eabi-ar -r  "liblpc_board_nxp_lpcxpresso_1769.a"  ./src/board.o ./src/board_sysinit.o ./src/lpc_phy_smsc87x0.o   
arm-none-eabi-ar: creating liblpc_board_nxp_lpcxpresso_1769.a
Finished building target: liblpc_board_nxp_lpcxpresso_1769.a
 
make --no-print-directory post-build
Performing post-build steps
arm-none-eabi-size "liblpc_board_nxp_lpcxpresso_1769.a" ; # arm-none-eabi-objdump -h -S "liblpc_board_nxp_lpcxpresso_1769.a" >"liblpc_board_nxp_lpcxpresso_1769.lss"
   text	   data	    bss	    dec	    hex	filename
   2203	      0	      0	   2203	    89b	board.o (ex liblpc_board_nxp_lpcxpresso_1769.a)
    202	      0	      0	    202	     ca	board_sysinit.o (ex liblpc_board_nxp_lpcxpresso_1769.a)
    856	      0	     18	    874	    36a	lpc_phy_smsc87x0.o (ex liblpc_board_nxp_lpcxpresso_1769.a)
 
16:34:55 **** Build of configuration Debug for project lpc_chip_175x_6x ****
make -r all 
Building file: ../src/adc_17xx_40xx.c
Invoking: MCU C Compiler
arm-none-eabi-gcc -D__REDLIB__ -DDEBUG -D__CODE_RED -D__USE_LPCOPEN -DCORE_M3 -I"C:\Users\Kartik Chakravarty\Documents\MCUXpressoIDE_10.3.0_2200\workspace3\lpc_chip_175x_6x\inc" -O0 -g3 -Wall -c -fmessage-length=0 -fno-builtin -ffunction-sections -fdata-sections -mcpu=cortex-m3 -mthumb -specs=redlib.specs -MMD -MP -MF"src/adc_17xx_40xx.d" -MT"src/adc_17xx_40xx.o" -MT"src/adc_17xx_40xx.d" -o "src/adc_17xx_40xx.o" "../src/adc_17xx_40xx.c"
Finished building: ../src/adc_17xx_40xx.c
 
Building file: ../src/can_17xx_40xx.c
Invoking: MCU C Compiler
arm-none-eabi-gcc -D__REDLIB__ -DDEBUG -D__CODE_RED -D__USE_LPCOPEN -DCORE_M3 -I"C:\Users\Kartik Chakravarty\Documents\MCUXpressoIDE_10.3.0_2200\workspace3\lpc_chip_175x_6x\inc" -O0 -g3 -Wall -c -fmessage-length=0 -fno-builtin -ffunction-sections -fdata-sections -mcpu=cortex-m3 -mthumb -specs=redlib.specs -MMD -MP -MF"src/can_17xx_40xx.d" -MT"src/can_17xx_40xx.o" -MT"src/can_17xx_40xx.d" -o "src/can_17xx_40xx.o" "../src/can_17xx_40xx.c"
../src/can_17xx_40xx.c: In function 'Chip_CAN_Init':
../src/can_17xx_40xx.c:751:20: warning: variable 'i' set but not used [-Wunused-but-set-variable]
  volatile uint32_t i;
                    ^
Finished building: ../src/can_17xx_40xx.c
 
Building file: ../src/chip_17xx_40xx.c
Invoking: MCU C Compiler
arm-none-eabi-gcc -D__REDLIB__ -DDEBUG -D__CODE_RED -D__USE_LPCOPEN -DCORE_M3 -I"C:\Users\Kartik Chakravarty\Documents\MCUXpressoIDE_10.3.0_2200\workspace3\lpc_chip_175x_6x\inc" -O0 -g3 -Wall -c -fmessage-length=0 -fno-builtin -ffunction-sections -fdata-sections -mcpu=cortex-m3 -mthumb -specs=redlib.specs -MMD -MP -MF"src/chip_17xx_40xx.d" -MT"src/chip_17xx_40xx.o" -MT"src/chip_17xx_40xx.d" -o "src/chip_17xx_40xx.o" "../src/chip_17xx_40xx.c"
Finished building: ../src/chip_17xx_40xx.c
 
Building file: ../src/clock_17xx_40xx.c
Invoking: MCU C Compiler
arm-none-eabi-gcc -D__REDLIB__ -DDEBUG -D__CODE_RED -D__USE_LPCOPEN -DCORE_M3 -I"C:\Users\Kartik Chakravarty\Documents\MCUXpressoIDE_10.3.0_2200\workspace3\lpc_chip_175x_6x\inc" -O0 -g3 -Wall -c -fmessage-length=0 -fno-builtin -ffunction-sections -fdata-sections -mcpu=cortex-m3 -mthumb -specs=redlib.specs -MMD -MP -MF"src/clock_17xx_40xx.d" -MT"src/clock_17xx_40xx.o" -MT"src/clock_17xx_40xx.d" -o "src/clock_17xx_40xx.o" "../src/clock_17xx_40xx.c"
../src/clock_17xx_40xx.c: In function 'Chip_Clock_GetSYSCLKRate':
../src/clock_17xx_40xx.c:320:2: warning: enumeration value 'SYSCTL_PLLCLKSRC_RESERVED2' not handled in switch [-Wswitch]
  switch (Chip_Clock_GetMainPLLSource()) {
  ^~~~~~
Finished building: ../src/clock_17xx_40xx.c
 
Building file: ../src/cmp_17xx_40xx.c
Invoking: MCU C Compiler
arm-none-eabi-gcc -D__REDLIB__ -DDEBUG -D__CODE_RED -D__USE_LPCOPEN -DCORE_M3 -I"C:\Users\Kartik Chakravarty\Documents\MCUXpressoIDE_10.3.0_2200\workspace3\lpc_chip_175x_6x\inc" -O0 -g3 -Wall -c -fmessage-length=0 -fno-builtin -ffunction-sections -fdata-sections -mcpu=cortex-m3 -mthumb -specs=redlib.specs -MMD -MP -MF"src/cmp_17xx_40xx.d" -MT"src/cmp_17xx_40xx.o" -MT"src/cmp_17xx_40xx.d" -o "src/cmp_17xx_40xx.o" "../src/cmp_17xx_40xx.c"
Finished building: ../src/cmp_17xx_40xx.c
 
Building file: ../src/crc_17xx_40xx.c
Invoking: MCU C Compiler
arm-none-eabi-gcc -D__REDLIB__ -DDEBUG -D__CODE_RED -D__USE_LPCOPEN -DCORE_M3 -I"C:\Users\Kartik Chakravarty\Documents\MCUXpressoIDE_10.3.0_2200\workspace3\lpc_chip_175x_6x\inc" -O0 -g3 -Wall -c -fmessage-length=0 -fno-builtin -ffunction-sections -fdata-sections -mcpu=cortex-m3 -mthumb -specs=redlib.specs -MMD -MP -MF"src/crc_17xx_40xx.d" -MT"src/crc_17xx_40xx.o" -MT"src/crc_17xx_40xx.d" -o "src/crc_17xx_40xx.o" "../src/crc_17xx_40xx.c"
Finished building: ../src/crc_17xx_40xx.c
 
Building file: ../src/dac_17xx_40xx.c
Invoking: MCU C Compiler
arm-none-eabi-gcc -D__REDLIB__ -DDEBUG -D__CODE_RED -D__USE_LPCOPEN -DCORE_M3 -I"C:\Users\Kartik Chakravarty\Documents\MCUXpressoIDE_10.3.0_2200\workspace3\lpc_chip_175x_6x\inc" -O0 -g3 -Wall -c -fmessage-length=0 -fno-builtin -ffunction-sections -fdata-sections -mcpu=cortex-m3 -mthumb -specs=redlib.specs -MMD -MP -MF"src/dac_17xx_40xx.d" -MT"src/dac_17xx_40xx.o" -MT"src/dac_17xx_40xx.d" -o "src/dac_17xx_40xx.o" "../src/dac_17xx_40xx.c"
Finished building: ../src/dac_17xx_40xx.c
 
Building file: ../src/eeprom_17xx_40xx.c
Invoking: MCU C Compiler
arm-none-eabi-gcc -D__REDLIB__ -DDEBUG -D__CODE_RED -D__USE_LPCOPEN -DCORE_M3 -I"C:\Users\Kartik Chakravarty\Documents\MCUXpressoIDE_10.3.0_2200\workspace3\lpc_chip_175x_6x\inc" -O0 -g3 -Wall -c -fmessage-length=0 -fno-builtin -ffunction-sections -fdata-sections -mcpu=cortex-m3 -mthumb -specs=redlib.specs -MMD -MP -MF"src/eeprom_17xx_40xx.d" -MT"src/eeprom_17xx_40xx.o" -MT"src/eeprom_17xx_40xx.d" -o "src/eeprom_17xx_40xx.o" "../src/eeprom_17xx_40xx.c"
Finished building: ../src/eeprom_17xx_40xx.c
 
Building file: ../src/emc_17xx_40xx.c
Invoking: MCU C Compiler
arm-none-eabi-gcc -D__REDLIB__ -DDEBUG -D__CODE_RED -D__USE_LPCOPEN -DCORE_M3 -I"C:\Users\Kartik Chakravarty\Documents\MCUXpressoIDE_10.3.0_2200\workspace3\lpc_chip_175x_6x\inc" -O0 -g3 -Wall -c -fmessage-length=0 -fno-builtin -ffunction-sections -fdata-sections -mcpu=cortex-m3 -mthumb -specs=redlib.specs -MMD -MP -MF"src/emc_17xx_40xx.d" -MT"src/emc_17xx_40xx.o" -MT"src/emc_17xx_40xx.d" -o "src/emc_17xx_40xx.o" "../src/emc_17xx_40xx.c"
Finished building: ../src/emc_17xx_40xx.c
 
Building file: ../src/enet_17xx_40xx.c
Invoking: MCU C Compiler
arm-none-eabi-gcc -D__REDLIB__ -DDEBUG -D__CODE_RED -D__USE_LPCOPEN -DCORE_M3 -I"C:\Users\Kartik Chakravarty\Documents\MCUXpressoIDE_10.3.0_2200\workspace3\lpc_chip_175x_6x\inc" -O0 -g3 -Wall -c -fmessage-length=0 -fno-builtin -ffunction-sections -fdata-sections -mcpu=cortex-m3 -mthumb -specs=redlib.specs -MMD -MP -MF"src/enet_17xx_40xx.d" -MT"src/enet_17xx_40xx.o" -MT"src/enet_17xx_40xx.d" -o "src/enet_17xx_40xx.o" "../src/enet_17xx_40xx.c"
Finished building: ../src/enet_17xx_40xx.c
 
Building file: ../src/gpdma_17xx_40xx.c
Invoking: MCU C Compiler
arm-none-eabi-gcc -D__REDLIB__ -DDEBUG -D__CODE_RED -D__USE_LPCOPEN -DCORE_M3 -I"C:\Users\Kartik Chakravarty\Documents\MCUXpressoIDE_10.3.0_2200\workspace3\lpc_chip_175x_6x\inc" -O0 -g3 -Wall -c -fmessage-length=0 -fno-builtin -ffunction-sections -fdata-sections -mcpu=cortex-m3 -mthumb -specs=redlib.specs -MMD -MP -MF"src/gpdma_17xx_40xx.d" -MT"src/gpdma_17xx_40xx.o" -MT"src/gpdma_17xx_40xx.d" -o "src/gpdma_17xx_40xx.o" "../src/gpdma_17xx_40xx.c"
Finished building: ../src/gpdma_17xx_40xx.c
 
Building file: ../src/gpio_17xx_40xx.c
Invoking: MCU C Compiler
arm-none-eabi-gcc -D__REDLIB__ -DDEBUG -D__CODE_RED -D__USE_LPCOPEN -DCORE_M3 -I"C:\Users\Kartik Chakravarty\Documents\MCUXpressoIDE_10.3.0_2200\workspace3\lpc_chip_175x_6x\inc" -O0 -g3 -Wall -c -fmessage-length=0 -fno-builtin -ffunction-sections -fdata-sections -mcpu=cortex-m3 -mthumb -specs=redlib.specs -MMD -MP -MF"src/gpio_17xx_40xx.d" -MT"src/gpio_17xx_40xx.o" -MT"src/gpio_17xx_40xx.d" -o "src/gpio_17xx_40xx.o" "../src/gpio_17xx_40xx.c"
Finished building: ../src/gpio_17xx_40xx.c
 
Building file: ../src/gpioint_17xx_40xx.c
Invoking: MCU C Compiler
arm-none-eabi-gcc -D__REDLIB__ -DDEBUG -D__CODE_RED -D__USE_LPCOPEN -DCORE_M3 -I"C:\Users\Kartik Chakravarty\Documents\MCUXpressoIDE_10.3.0_2200\workspace3\lpc_chip_175x_6x\inc" -O0 -g3 -Wall -c -fmessage-length=0 -fno-builtin -ffunction-sections -fdata-sections -mcpu=cortex-m3 -mthumb -specs=redlib.specs -MMD -MP -MF"src/gpioint_17xx_40xx.d" -MT"src/gpioint_17xx_40xx.o" -MT"src/gpioint_17xx_40xx.d" -o "src/gpioint_17xx_40xx.o" "../src/gpioint_17xx_40xx.c"
Finished building: ../src/gpioint_17xx_40xx.c
 
Building file: ../src/i2c_17xx_40xx.c
Invoking: MCU C Compiler
arm-none-eabi-gcc -D__REDLIB__ -DDEBUG -D__CODE_RED -D__USE_LPCOPEN -DCORE_M3 -I"C:\Users\Kartik Chakravarty\Documents\MCUXpressoIDE_10.3.0_2200\workspace3\lpc_chip_175x_6x\inc" -O0 -g3 -Wall -c -fmessage-length=0 -fno-builtin -ffunction-sections -fdata-sections -mcpu=cortex-m3 -mthumb -specs=redlib.specs -MMD -MP -MF"src/i2c_17xx_40xx.d" -MT"src/i2c_17xx_40xx.o" -MT"src/i2c_17xx_40xx.d" -o "src/i2c_17xx_40xx.o" "../src/i2c_17xx_40xx.c"
Finished building: ../src/i2c_17xx_40xx.c
 
Building file: ../src/i2s_17xx_40xx.c
Invoking: MCU C Compiler
arm-none-eabi-gcc -D__REDLIB__ -DDEBUG -D__CODE_RED -D__USE_LPCOPEN -DCORE_M3 -I"C:\Users\Kartik Chakravarty\Documents\MCUXpressoIDE_10.3.0_2200\workspace3\lpc_chip_175x_6x\inc" -O0 -g3 -Wall -c -fmessage-length=0 -fno-builtin -ffunction-sections -fdata-sections -mcpu=cortex-m3 -mthumb -specs=redlib.specs -MMD -MP -MF"src/i2s_17xx_40xx.d" -MT"src/i2s_17xx_40xx.o" -MT"src/i2s_17xx_40xx.d" -o "src/i2s_17xx_40xx.o" "../src/i2s_17xx_40xx.c"
Finished building: ../src/i2s_17xx_40xx.c
 
Building file: ../src/iap.c
Invoking: MCU C Compiler
arm-none-eabi-gcc -D__REDLIB__ -DDEBUG -D__CODE_RED -D__USE_LPCOPEN -DCORE_M3 -I"C:\Users\Kartik Chakravarty\Documents\MCUXpressoIDE_10.3.0_2200\workspace3\lpc_chip_175x_6x\inc" -O0 -g3 -Wall -c -fmessage-length=0 -fno-builtin -ffunction-sections -fdata-sections -mcpu=cortex-m3 -mthumb -specs=redlib.specs -MMD -MP -MF"src/iap.d" -MT"src/iap.o" -MT"src/iap.d" -o "src/iap.o" "../src/iap.c"
Finished building: ../src/iap.c
 
Building file: ../src/iocon_17xx_40xx.c
Invoking: MCU C Compiler
arm-none-eabi-gcc -D__REDLIB__ -DDEBUG -D__CODE_RED -D__USE_LPCOPEN -DCORE_M3 -I"C:\Users\Kartik Chakravarty\Documents\MCUXpressoIDE_10.3.0_2200\workspace3\lpc_chip_175x_6x\inc" -O0 -g3 -Wall -c -fmessage-length=0 -fno-builtin -ffunction-sections -fdata-sections -mcpu=cortex-m3 -mthumb -specs=redlib.specs -MMD -MP -MF"src/iocon_17xx_40xx.d" -MT"src/iocon_17xx_40xx.o" -MT"src/iocon_17xx_40xx.d" -o "src/iocon_17xx_40xx.o" "../src/iocon_17xx_40xx.c"
Finished building: ../src/iocon_17xx_40xx.c
 
Building file: ../src/lcd_17xx_40xx.c
Invoking: MCU C Compiler
arm-none-eabi-gcc -D__REDLIB__ -DDEBUG -D__CODE_RED -D__USE_LPCOPEN -DCORE_M3 -I"C:\Users\Kartik Chakravarty\Documents\MCUXpressoIDE_10.3.0_2200\workspace3\lpc_chip_175x_6x\inc" -O0 -g3 -Wall -c -fmessage-length=0 -fno-builtin -ffunction-sections -fdata-sections -mcpu=cortex-m3 -mthumb -specs=redlib.specs -MMD -MP -MF"src/lcd_17xx_40xx.d" -MT"src/lcd_17xx_40xx.o" -MT"src/lcd_17xx_40xx.d" -o "src/lcd_17xx_40xx.o" "../src/lcd_17xx_40xx.c"
Finished building: ../src/lcd_17xx_40xx.c
 
Building file: ../src/pmu_17xx_40xx.c
Invoking: MCU C Compiler
arm-none-eabi-gcc -D__REDLIB__ -DDEBUG -D__CODE_RED -D__USE_LPCOPEN -DCORE_M3 -I"C:\Users\Kartik Chakravarty\Documents\MCUXpressoIDE_10.3.0_2200\workspace3\lpc_chip_175x_6x\inc" -O0 -g3 -Wall -c -fmessage-length=0 -fno-builtin -ffunction-sections -fdata-sections -mcpu=cortex-m3 -mthumb -specs=redlib.specs -MMD -MP -MF"src/pmu_17xx_40xx.d" -MT"src/pmu_17xx_40xx.o" -MT"src/pmu_17xx_40xx.d" -o "src/pmu_17xx_40xx.o" "../src/pmu_17xx_40xx.c"
Finished building: ../src/pmu_17xx_40xx.c
 
Building file: ../src/ring_buffer.c
Invoking: MCU C Compiler
arm-none-eabi-gcc -D__REDLIB__ -DDEBUG -D__CODE_RED -D__USE_LPCOPEN -DCORE_M3 -I"C:\Users\Kartik Chakravarty\Documents\MCUXpressoIDE_10.3.0_2200\workspace3\lpc_chip_175x_6x\inc" -O0 -g3 -Wall -c -fmessage-length=0 -fno-builtin -ffunction-sections -fdata-sections -mcpu=cortex-m3 -mthumb -specs=redlib.specs -MMD -MP -MF"src/ring_buffer.d" -MT"src/ring_buffer.o" -MT"src/ring_buffer.d" -o "src/ring_buffer.o" "../src/ring_buffer.c"
Finished building: ../src/ring_buffer.c
 
Building file: ../src/ritimer_17xx_40xx.c
Invoking: MCU C Compiler
arm-none-eabi-gcc -D__REDLIB__ -DDEBUG -D__CODE_RED -D__USE_LPCOPEN -DCORE_M3 -I"C:\Users\Kartik Chakravarty\Documents\MCUXpressoIDE_10.3.0_2200\workspace3\lpc_chip_175x_6x\inc" -O0 -g3 -Wall -c -fmessage-length=0 -fno-builtin -ffunction-sections -fdata-sections -mcpu=cortex-m3 -mthumb -specs=redlib.specs -MMD -MP -MF"src/ritimer_17xx_40xx.d" -MT"src/ritimer_17xx_40xx.o" -MT"src/ritimer_17xx_40xx.d" -o "src/ritimer_17xx_40xx.o" "../src/ritimer_17xx_40xx.c"
Finished building: ../src/ritimer_17xx_40xx.c
 
Building file: ../src/rtc_17xx_40xx.c
Invoking: MCU C Compiler
arm-none-eabi-gcc -D__REDLIB__ -DDEBUG -D__CODE_RED -D__USE_LPCOPEN -DCORE_M3 -I"C:\Users\Kartik Chakravarty\Documents\MCUXpressoIDE_10.3.0_2200\workspace3\lpc_chip_175x_6x\inc" -O0 -g3 -Wall -c -fmessage-length=0 -fno-builtin -ffunction-sections -fdata-sections -mcpu=cortex-m3 -mthumb -specs=redlib.specs -MMD -MP -MF"src/rtc_17xx_40xx.d" -MT"src/rtc_17xx_40xx.o" -MT"src/rtc_17xx_40xx.d" -o "src/rtc_17xx_40xx.o" "../src/rtc_17xx_40xx.c"
Finished building: ../src/rtc_17xx_40xx.c
 
Building file: ../src/sdc_17xx_40xx.c
Invoking: MCU C Compiler
arm-none-eabi-gcc -D__REDLIB__ -DDEBUG -D__CODE_RED -D__USE_LPCOPEN -DCORE_M3 -I"C:\Users\Kartik Chakravarty\Documents\MCUXpressoIDE_10.3.0_2200\workspace3\lpc_chip_175x_6x\inc" -O0 -g3 -Wall -c -fmessage-length=0 -fno-builtin -ffunction-sections -fdata-sections -mcpu=cortex-m3 -mthumb -specs=redlib.specs -MMD -MP -MF"src/sdc_17xx_40xx.d" -MT"src/sdc_17xx_40xx.o" -MT"src/sdc_17xx_40xx.d" -o "src/sdc_17xx_40xx.o" "../src/sdc_17xx_40xx.c"
Finished building: ../src/sdc_17xx_40xx.c
 
Building file: ../src/sdmmc_17xx_40xx.c
Invoking: MCU C Compiler
arm-none-eabi-gcc -D__REDLIB__ -DDEBUG -D__CODE_RED -D__USE_LPCOPEN -DCORE_M3 -I"C:\Users\Kartik Chakravarty\Documents\MCUXpressoIDE_10.3.0_2200\workspace3\lpc_chip_175x_6x\inc" -O0 -g3 -Wall -c -fmessage-length=0 -fno-builtin -ffunction-sections -fdata-sections -mcpu=cortex-m3 -mthumb -specs=redlib.specs -MMD -MP -MF"src/sdmmc_17xx_40xx.d" -MT"src/sdmmc_17xx_40xx.o" -MT"src/sdmmc_17xx_40xx.d" -o "src/sdmmc_17xx_40xx.o" "../src/sdmmc_17xx_40xx.c"
Finished building: ../src/sdmmc_17xx_40xx.c
 
Building file: ../src/spi_17xx_40xx.c
Invoking: MCU C Compiler
arm-none-eabi-gcc -D__REDLIB__ -DDEBUG -D__CODE_RED -D__USE_LPCOPEN -DCORE_M3 -I"C:\Users\Kartik Chakravarty\Documents\MCUXpressoIDE_10.3.0_2200\workspace3\lpc_chip_175x_6x\inc" -O0 -g3 -Wall -c -fmessage-length=0 -fno-builtin -ffunction-sections -fdata-sections -mcpu=cortex-m3 -mthumb -specs=redlib.specs -MMD -MP -MF"src/spi_17xx_40xx.d" -MT"src/spi_17xx_40xx.o" -MT"src/spi_17xx_40xx.d" -o "src/spi_17xx_40xx.o" "../src/spi_17xx_40xx.c"
../src/spi_17xx_40xx.c: In function 'Chip_SPI_Int_FlushData':
../src/spi_17xx_40xx.c:138:20: warning: variable 'tmp' set but not used [-Wunused-but-set-variable]
  volatile uint32_t tmp;
                    ^~~
Finished building: ../src/spi_17xx_40xx.c
 
Building file: ../src/ssp_17xx_40xx.c
Invoking: MCU C Compiler
arm-none-eabi-gcc -D__REDLIB__ -DDEBUG -D__CODE_RED -D__USE_LPCOPEN -DCORE_M3 -I"C:\Users\Kartik Chakravarty\Documents\MCUXpressoIDE_10.3.0_2200\workspace3\lpc_chip_175x_6x\inc" -O0 -g3 -Wall -c -fmessage-length=0 -fno-builtin -ffunction-sections -fdata-sections -mcpu=cortex-m3 -mthumb -specs=redlib.specs -MMD -MP -MF"src/ssp_17xx_40xx.d" -MT"src/ssp_17xx_40xx.o" -MT"src/ssp_17xx_40xx.d" -o "src/ssp_17xx_40xx.o" "../src/ssp_17xx_40xx.c"
Finished building: ../src/ssp_17xx_40xx.c
 
Building file: ../src/stopwatch_17xx_40xx.c
Invoking: MCU C Compiler
arm-none-eabi-gcc -D__REDLIB__ -DDEBUG -D__CODE_RED -D__USE_LPCOPEN -DCORE_M3 -I"C:\Users\Kartik Chakravarty\Documents\MCUXpressoIDE_10.3.0_2200\workspace3\lpc_chip_175x_6x\inc" -O0 -g3 -Wall -c -fmessage-length=0 -fno-builtin -ffunction-sections -fdata-sections -mcpu=cortex-m3 -mthumb -specs=redlib.specs -MMD -MP -MF"src/stopwatch_17xx_40xx.d" -MT"src/stopwatch_17xx_40xx.o" -MT"src/stopwatch_17xx_40xx.d" -o "src/stopwatch_17xx_40xx.o" "../src/stopwatch_17xx_40xx.c"
Finished building: ../src/stopwatch_17xx_40xx.c
 
Building file: ../src/sysctl_17xx_40xx.c
Invoking: MCU C Compiler
arm-none-eabi-gcc -D__REDLIB__ -DDEBUG -D__CODE_RED -D__USE_LPCOPEN -DCORE_M3 -I"C:\Users\Kartik Chakravarty\Documents\MCUXpressoIDE_10.3.0_2200\workspace3\lpc_chip_175x_6x\inc" -O0 -g3 -Wall -c -fmessage-length=0 -fno-builtin -ffunction-sections -fdata-sections -mcpu=cortex-m3 -mthumb -specs=redlib.specs -MMD -MP -MF"src/sysctl_17xx_40xx.d" -MT"src/sysctl_17xx_40xx.o" -MT"src/sysctl_17xx_40xx.d" -o "src/sysctl_17xx_40xx.o" "../src/sysctl_17xx_40xx.c"
Finished building: ../src/sysctl_17xx_40xx.c
 
Building file: ../src/sysinit_17xx_40xx.c
Invoking: MCU C Compiler
arm-none-eabi-gcc -D__REDLIB__ -DDEBUG -D__CODE_RED -D__USE_LPCOPEN -DCORE_M3 -I"C:\Users\Kartik Chakravarty\Documents\MCUXpressoIDE_10.3.0_2200\workspace3\lpc_chip_175x_6x\inc" -O0 -g3 -Wall -c -fmessage-length=0 -fno-builtin -ffunction-sections -fdata-sections -mcpu=cortex-m3 -mthumb -specs=redlib.specs -MMD -MP -MF"src/sysinit_17xx_40xx.d" -MT"src/sysinit_17xx_40xx.o" -MT"src/sysinit_17xx_40xx.d" -o "src/sysinit_17xx_40xx.o" "../src/sysinit_17xx_40xx.c"
Finished building: ../src/sysinit_17xx_40xx.c
 
Building file: ../src/timer_17xx_40xx.c
Invoking: MCU C Compiler
arm-none-eabi-gcc -D__REDLIB__ -DDEBUG -D__CODE_RED -D__USE_LPCOPEN -DCORE_M3 -I"C:\Users\Kartik Chakravarty\Documents\MCUXpressoIDE_10.3.0_2200\workspace3\lpc_chip_175x_6x\inc" -O0 -g3 -Wall -c -fmessage-length=0 -fno-builtin -ffunction-sections -fdata-sections -mcpu=cortex-m3 -mthumb -specs=redlib.specs -MMD -MP -MF"src/timer_17xx_40xx.d" -MT"src/timer_17xx_40xx.o" -MT"src/timer_17xx_40xx.d" -o "src/timer_17xx_40xx.o" "../src/timer_17xx_40xx.c"
Finished building: ../src/timer_17xx_40xx.c
 
Building file: ../src/uart_17xx_40xx.c
Invoking: MCU C Compiler
arm-none-eabi-gcc -D__REDLIB__ -DDEBUG -D__CODE_RED -D__USE_LPCOPEN -DCORE_M3 -I"C:\Users\Kartik Chakravarty\Documents\MCUXpressoIDE_10.3.0_2200\workspace3\lpc_chip_175x_6x\inc" -O0 -g3 -Wall -c -fmessage-length=0 -fno-builtin -ffunction-sections -fdata-sections -mcpu=cortex-m3 -mthumb -specs=redlib.specs -MMD -MP -MF"src/uart_17xx_40xx.d" -MT"src/uart_17xx_40xx.o" -MT"src/uart_17xx_40xx.d" -o "src/uart_17xx_40xx.o" "../src/uart_17xx_40xx.c"
Finished building: ../src/uart_17xx_40xx.c
 
Building file: ../src/wwdt_17xx_40xx.c
Invoking: MCU C Compiler
arm-none-eabi-gcc -D__REDLIB__ -DDEBUG -D__CODE_RED -D__USE_LPCOPEN -DCORE_M3 -I"C:\Users\Kartik Chakravarty\Documents\MCUXpressoIDE_10.3.0_2200\workspace3\lpc_chip_175x_6x\inc" -O0 -g3 -Wall -c -fmessage-length=0 -fno-builtin -ffunction-sections -fdata-sections -mcpu=cortex-m3 -mthumb -specs=redlib.specs -MMD -MP -MF"src/wwdt_17xx_40xx.d" -MT"src/wwdt_17xx_40xx.o" -MT"src/wwdt_17xx_40xx.d" -o "src/wwdt_17xx_40xx.o" "../src/wwdt_17xx_40xx.c"
Finished building: ../src/wwdt_17xx_40xx.c
 
Building target: liblpc_chip_175x_6x.a
Invoking: MCU Archiver
arm-none-eabi-ar -r  "liblpc_chip_175x_6x.a"  ./src/adc_17xx_40xx.o ./src/can_17xx_40xx.o ./src/chip_17xx_40xx.o ./src/clock_17xx_40xx.o ./src/cmp_17xx_40xx.o ./src/crc_17xx_40xx.o ./src/dac_17xx_40xx.o ./src/eeprom_17xx_40xx.o ./src/emc_17xx_40xx.o ./src/enet_17xx_40xx.o ./src/gpdma_17xx_40xx.o ./src/gpio_17xx_40xx.o ./src/gpioint_17xx_40xx.o ./src/i2c_17xx_40xx.o ./src/i2s_17xx_40xx.o ./src/iap.o ./src/iocon_17xx_40xx.o ./src/lcd_17xx_40xx.o ./src/pmu_17xx_40xx.o ./src/ring_buffer.o ./src/ritimer_17xx_40xx.o ./src/rtc_17xx_40xx.o ./src/sdc_17xx_40xx.o ./src/sdmmc_17xx_40xx.o ./src/spi_17xx_40xx.o ./src/ssp_17xx_40xx.o ./src/stopwatch_17xx_40xx.o ./src/sysctl_17xx_40xx.o ./src/sysinit_17xx_40xx.o ./src/timer_17xx_40xx.o ./src/uart_17xx_40xx.o ./src/wwdt_17xx_40xx.o   
arm-none-eabi-ar: creating liblpc_chip_175x_6x.a
Finished building target: liblpc_chip_175x_6x.a
 
make --no-print-directory post-build
Performing post-build steps
arm-none-eabi-size "liblpc_chip_175x_6x.a" ; # arm-none-eabi-objdump -h -S "liblpc_chip_175x_6x.a" >"liblpc_chip_175x_6x.lss"
   text	   data	    bss	    dec	    hex	filename
    928	      0	      0	    928	    3a0	adc_17xx_40xx.o (ex liblpc_chip_175x_6x.a)
   8628	      0	      0	   8628	   21b4	can_17xx_40xx.o (ex liblpc_chip_175x_6x.a)
    172	      0	      0	    172	     ac	chip_17xx_40xx.o (ex liblpc_chip_175x_6x.a)
   1596	      0	      0	   1596	    63c	clock_17xx_40xx.o (ex liblpc_chip_175x_6x.a)
      0	      0	      0	      0	      0	cmp_17xx_40xx.o (ex liblpc_chip_175x_6x.a)
      0	      0	      0	      0	      0	crc_17xx_40xx.o (ex liblpc_chip_175x_6x.a)
    140	      0	      0	    140	     8c	dac_17xx_40xx.o (ex liblpc_chip_175x_6x.a)
      0	      0	      0	      0	      0	eeprom_17xx_40xx.o (ex liblpc_chip_175x_6x.a)
      0	      0	      0	      0	      0	emc_17xx_40xx.o (ex liblpc_chip_175x_6x.a)
   1089	      0	      4	   1093	    445	enet_17xx_40xx.o (ex liblpc_chip_175x_6x.a)
   2244	     96	      8	   2348	    92c	gpdma_17xx_40xx.o (ex liblpc_chip_175x_6x.a)
      0	      0	      0	      0	      0	gpio_17xx_40xx.o (ex liblpc_chip_175x_6x.a)
      0	      0	      0	      0	      0	gpioint_17xx_40xx.o (ex liblpc_chip_175x_6x.a)
   3601	     84	    120	   3805	    edd	i2c_17xx_40xx.o (ex liblpc_chip_175x_6x.a)
   1462	      0	      0	   1462	    5b6	i2s_17xx_40xx.o (ex liblpc_chip_175x_6x.a)
    552	      0	      0	    552	    228	iap.o (ex liblpc_chip_175x_6x.a)
    300	      0	      0	    300	    12c	iocon_17xx_40xx.o (ex liblpc_chip_175x_6x.a)
      0	      0	      0	      0	      0	lcd_17xx_40xx.o (ex liblpc_chip_175x_6x.a)
    264	      0	      0	    264	    108	pmu_17xx_40xx.o (ex liblpc_chip_175x_6x.a)
    962	      0	      0	    962	    3c2	ring_buffer.o (ex liblpc_chip_175x_6x.a)
    238	      0	      0	    238	     ee	ritimer_17xx_40xx.o (ex liblpc_chip_175x_6x.a)
    738	      0	      0	    738	    2e2	rtc_17xx_40xx.o (ex liblpc_chip_175x_6x.a)
      0	      0	      0	      0	      0	sdc_17xx_40xx.o (ex liblpc_chip_175x_6x.a)
      0	      0	      0	      0	      0	sdmmc_17xx_40xx.o (ex liblpc_chip_175x_6x.a)
   1036	      0	      0	   1036	    40c	spi_17xx_40xx.o (ex liblpc_chip_175x_6x.a)
   2270	      0	      0	   2270	    8de	ssp_17xx_40xx.o (ex liblpc_chip_175x_6x.a)
    362	      0	     12	    374	    176	stopwatch_17xx_40xx.o (ex liblpc_chip_175x_6x.a)
     44	      0	      0	     44	     2c	sysctl_17xx_40xx.o (ex liblpc_chip_175x_6x.a)
    470	      0	      0	    470	    1d6	sysinit_17xx_40xx.o (ex liblpc_chip_175x_6x.a)
    310	      0	      0	    310	    136	timer_17xx_40xx.o (ex liblpc_chip_175x_6x.a)
   2274	      0	      1	   2275	    8e3	uart_17xx_40xx.o (ex liblpc_chip_175x_6x.a)
     94	      0	      0	     94	     5e	wwdt_17xx_40xx.o (ex liblpc_chip_175x_6x.a)
 
16:35:13 **** Build of configuration Debug for project freertos_blinky ****
make -r -j4 all 
Building file: ../freertos/src/FreeRTOSCommonHooks.c
Building file: ../freertos/src/heap_3.c
Building file: ../freertos/src/port.c
Building file: ../freertos/src/list.c
Invoking: MCU C Compiler
Invoking: MCU C Compiler
Invoking: MCU C Compiler
Invoking: MCU C Compiler
arm-none-eabi-gcc -D__REDLIB__ -DDEBUG -D__CODE_RED -D__USE_LPCOPEN -DCORE_M3 -I"C:\Users\Kartik Chakravarty\Documents\MCUXpressoIDE_10.3.0_2200\workspace3\lpc_chip_175x_6x\inc" -I"C:\Users\Kartik Chakravarty\Documents\MCUXpressoIDE_10.3.0_2200\workspace3\CMSIS_CORE_LPC17xx\inc" -I"C:\Users\Kartik Chakravarty\Documents\MCUXpressoIDE_10.3.0_2200\workspace3\lpc_board_nxp_lpcxpresso_1769\inc" -I"C:\Users\Kartik Chakravarty\Documents\MCUXpressoIDE_10.3.0_2200\workspace3\freertos_blinky\example\inc" -I"C:\Users\Kartik Chakravarty\Documents\MCUXpressoIDE_10.3.0_2200\workspace3\freertos_blinky\freertos\inc" -O0 -g3 -Wall -c -fmessage-length=0 -fno-builtin -ffunction-sections -fdata-sections -mcpu=cortex-m3 -mthumb -specs=redlib.specs -MMD -MP -MF"freertos/src/heap_3.d" -MT"freertos/src/heap_3.o" -MT"freertos/src/heap_3.d" -o "freertos/src/heap_3.o" "../freertos/src/heap_3.c"
arm-none-eabi-gcc -D__REDLIB__ -DDEBUG -D__CODE_RED -D__USE_LPCOPEN -DCORE_M3 -I"C:\Users\Kartik Chakravarty\Documents\MCUXpressoIDE_10.3.0_2200\workspace3\lpc_chip_175x_6x\inc" -I"C:\Users\Kartik Chakravarty\Documents\MCUXpressoIDE_10.3.0_2200\workspace3\CMSIS_CORE_LPC17xx\inc" -I"C:\Users\Kartik Chakravarty\Documents\MCUXpressoIDE_10.3.0_2200\workspace3\lpc_board_nxp_lpcxpresso_1769\inc" -I"C:\Users\Kartik Chakravarty\Documents\MCUXpressoIDE_10.3.0_2200\workspace3\freertos_blinky\example\inc" -I"C:\Users\Kartik Chakravarty\Documents\MCUXpressoIDE_10.3.0_2200\workspace3\freertos_blinky\freertos\inc" -O0 -g3 -Wall -c -fmessage-length=0 -fno-builtin -ffunction-sections -fdata-sections -mcpu=cortex-m3 -mthumb -specs=redlib.specs -MMD -MP -MF"freertos/src/FreeRTOSCommonHooks.d" -MT"freertos/src/FreeRTOSCommonHooks.o" -MT"freertos/src/FreeRTOSCommonHooks.d" -o "freertos/src/FreeRTOSCommonHooks.o" "../freertos/src/FreeRTOSCommonHooks.c"
arm-none-eabi-gcc -D__REDLIB__ -DDEBUG -D__CODE_RED -D__USE_LPCOPEN -DCORE_M3 -I"C:\Users\Kartik Chakravarty\Documents\MCUXpressoIDE_10.3.0_2200\workspace3\lpc_chip_175x_6x\inc" -I"C:\Users\Kartik Chakravarty\Documents\MCUXpressoIDE_10.3.0_2200\workspace3\CMSIS_CORE_LPC17xx\inc" -I"C:\Users\Kartik Chakravarty\Documents\MCUXpressoIDE_10.3.0_2200\workspace3\lpc_board_nxp_lpcxpresso_1769\inc" -I"C:\Users\Kartik Chakravarty\Documents\MCUXpressoIDE_10.3.0_2200\workspace3\freertos_blinky\example\inc" -I"C:\Users\Kartik Chakravarty\Documents\MCUXpressoIDE_10.3.0_2200\workspace3\freertos_blinky\freertos\inc" -O0 -g3 -Wall -c -fmessage-length=0 -fno-builtin -ffunction-sections -fdata-sections -mcpu=cortex-m3 -mthumb -specs=redlib.specs -MMD -MP -MF"freertos/src/list.d" -MT"freertos/src/list.o" -MT"freertos/src/list.d" -o "freertos/src/list.o" "../freertos/src/list.c"
arm-none-eabi-gcc -D__REDLIB__ -DDEBUG -D__CODE_RED -D__USE_LPCOPEN -DCORE_M3 -I"C:\Users\Kartik Chakravarty\Documents\MCUXpressoIDE_10.3.0_2200\workspace3\lpc_chip_175x_6x\inc" -I"C:\Users\Kartik Chakravarty\Documents\MCUXpressoIDE_10.3.0_2200\workspace3\CMSIS_CORE_LPC17xx\inc" -I"C:\Users\Kartik Chakravarty\Documents\MCUXpressoIDE_10.3.0_2200\workspace3\lpc_board_nxp_lpcxpresso_1769\inc" -I"C:\Users\Kartik Chakravarty\Documents\MCUXpressoIDE_10.3.0_2200\workspace3\freertos_blinky\example\inc" -I"C:\Users\Kartik Chakravarty\Documents\MCUXpressoIDE_10.3.0_2200\workspace3\freertos_blinky\freertos\inc" -O0 -g3 -Wall -c -fmessage-length=0 -fno-builtin -ffunction-sections -fdata-sections -mcpu=cortex-m3 -mthumb -specs=redlib.specs -MMD -MP -MF"freertos/src/port.d" -MT"freertos/src/port.o" -MT"freertos/src/port.d" -o "freertos/src/port.o" "../freertos/src/port.c"
Finished building: ../freertos/src/heap_3.c
Finished building: ../freertos/src/FreeRTOSCommonHooks.c
Finished building: ../freertos/src/list.c
 
 
 
Building file: ../freertos/src/queue.c
Building file: ../freertos/src/tasks.c
Building file: ../example/src/3d_utilities.c
Invoking: MCU C Compiler
Finished building: ../freertos/src/port.c
arm-none-eabi-gcc -D__REDLIB__ -DDEBUG -D__CODE_RED -D__USE_LPCOPEN -DCORE_M3 -I"C:\Users\Kartik Chakravarty\Documents\MCUXpressoIDE_10.3.0_2200\workspace3\lpc_chip_175x_6x\inc" -I"C:\Users\Kartik Chakravarty\Documents\MCUXpressoIDE_10.3.0_2200\workspace3\CMSIS_CORE_LPC17xx\inc" -I"C:\Users\Kartik Chakravarty\Documents\MCUXpressoIDE_10.3.0_2200\workspace3\lpc_board_nxp_lpcxpresso_1769\inc" -I"C:\Users\Kartik Chakravarty\Documents\MCUXpressoIDE_10.3.0_2200\workspace3\freertos_blinky\example\inc" -I"C:\Users\Kartik Chakravarty\Documents\MCUXpressoIDE_10.3.0_2200\workspace3\freertos_blinky\freertos\inc" -O0 -g3 -Wall -c -fmessage-length=0 -fno-builtin -ffunction-sections -fdata-sections -mcpu=cortex-m3 -mthumb -specs=redlib.specs -MMD -MP -MF"freertos/src/queue.d" -MT"freertos/src/queue.o" -MT"freertos/src/queue.d" -o "freertos/src/queue.o" "../freertos/src/queue.c"
Invoking: MCU C Compiler
 
Invoking: MCU C Compiler
arm-none-eabi-gcc -D__REDLIB__ -DDEBUG -D__CODE_RED -D__USE_LPCOPEN -DCORE_M3 -I"C:\Users\Kartik Chakravarty\Documents\MCUXpressoIDE_10.3.0_2200\workspace3\lpc_chip_175x_6x\inc" -I"C:\Users\Kartik Chakravarty\Documents\MCUXpressoIDE_10.3.0_2200\workspace3\CMSIS_CORE_LPC17xx\inc" -I"C:\Users\Kartik Chakravarty\Documents\MCUXpressoIDE_10.3.0_2200\workspace3\lpc_board_nxp_lpcxpresso_1769\inc" -I"C:\Users\Kartik Chakravarty\Documents\MCUXpressoIDE_10.3.0_2200\workspace3\freertos_blinky\example\inc" -I"C:\Users\Kartik Chakravarty\Documents\MCUXpressoIDE_10.3.0_2200\workspace3\freertos_blinky\freertos\inc" -O0 -g3 -Wall -c -fmessage-length=0 -fno-builtin -ffunction-sections -fdata-sections -mcpu=cortex-m3 -mthumb -specs=redlib.specs -MMD -MP -MF"freertos/src/tasks.d" -MT"freertos/src/tasks.o" -MT"freertos/src/tasks.d" -o "freertos/src/tasks.o" "../freertos/src/tasks.c"
arm-none-eabi-gcc -D__REDLIB__ -DDEBUG -D__CODE_RED -D__USE_LPCOPEN -DCORE_M3 -I"C:\Users\Kartik Chakravarty\Documents\MCUXpressoIDE_10.3.0_2200\workspace3\lpc_chip_175x_6x\inc" -I"C:\Users\Kartik Chakravarty\Documents\MCUXpressoIDE_10.3.0_2200\workspace3\CMSIS_CORE_LPC17xx\inc" -I"C:\Users\Kartik Chakravarty\Documents\MCUXpressoIDE_10.3.0_2200\workspace3\lpc_board_nxp_lpcxpresso_1769\inc" -I"C:\Users\Kartik Chakravarty\Documents\MCUXpressoIDE_10.3.0_2200\workspace3\freertos_blinky\example\inc" -I"C:\Users\Kartik Chakravarty\Documents\MCUXpressoIDE_10.3.0_2200\workspace3\freertos_blinky\freertos\inc" -O0 -g3 -Wall -c -fmessage-length=0 -fno-builtin -ffunction-sections -fdata-sections -mcpu=cortex-m3 -mthumb -specs=redlib.specs -MMD -MP -MF"example/src/3d_utilities.d" -MT"example/src/3d_utilities.o" -MT"example/src/3d_utilities.d" -o "example/src/3d_utilities.o" "../example/src/3d_utilities.c"
Building file: ../example/src/cr_startup_lpc175x_6x.c
Invoking: MCU C Compiler
arm-none-eabi-gcc -D__REDLIB__ -DDEBUG -D__CODE_RED -D__USE_LPCOPEN -DCORE_M3 -I"C:\Users\Kartik Chakravarty\Documents\MCUXpressoIDE_10.3.0_2200\workspace3\lpc_chip_175x_6x\inc" -I"C:\Users\Kartik Chakravarty\Documents\MCUXpressoIDE_10.3.0_2200\workspace3\CMSIS_CORE_LPC17xx\inc" -I"C:\Users\Kartik Chakravarty\Documents\MCUXpressoIDE_10.3.0_2200\workspace3\lpc_board_nxp_lpcxpresso_1769\inc" -I"C:\Users\Kartik Chakravarty\Documents\MCUXpressoIDE_10.3.0_2200\workspace3\freertos_blinky\example\inc" -I"C:\Users\Kartik Chakravarty\Documents\MCUXpressoIDE_10.3.0_2200\workspace3\freertos_blinky\freertos\inc" -O0 -g3 -Wall -c -fmessage-length=0 -fno-builtin -ffunction-sections -fdata-sections -mcpu=cortex-m3 -mthumb -specs=redlib.specs -MMD -MP -MF"example/src/cr_startup_lpc175x_6x.d" -MT"example/src/cr_startup_lpc175x_6x.o" -MT"example/src/cr_startup_lpc175x_6x.d" -o "example/src/cr_startup_lpc175x_6x.o" "../example/src/cr_startup_lpc175x_6x.c"
../example/src/3d_utilities.c: In function 'drawcube':
../example/src/3d_utilities.c:399:13: warning: implicit declaration of function 'abs'; did you mean 'fabs'? [-Wimplicit-function-declaration]
    steps = (abs((int) dx)) > (abs((int) dy)) ?
             ^~~
             fabs
../example/src/3d_utilities.c:406:12: warning: unused variable 't2_temp' [-Wunused-variable]
    point3D t2_temp = t2;
            ^~~~~~~
../example/src/3d_utilities.c:401:28: warning: unused variable 'yStep' [-Wunused-variable]
    float xInc, yInc, xStep,yStep;
                            ^~~~~
../example/src/3d_utilities.c:401:22: warning: unused variable 'xStep' [-Wunused-variable]
    float xInc, yInc, xStep,yStep;
                      ^~~~~
../example/src/3d_utilities.c:477:9: warning: unused variable 'm' [-Wunused-variable]
   float m = (ZX3.y - ZX1.y) / (ZX3.x - ZX1.x);
         ^
../example/src/3d_utilities.c:373:22: warning: unused variable 't4' [-Wunused-variable]
  point3D t1, t2, t3, t4;
                      ^~
../example/src/3d_utilities.c:373:18: warning: unused variable 't3' [-Wunused-variable]
  point3D t1, t2, t3, t4;
                  ^~
../example/src/3d_utilities.c: In function 'fillShadow':
../example/src/3d_utilities.c:510:31: warning: unused variable 'temp4' [-Wunused-variable]
  point3D temp1, temp2, temp3, temp4;
                               ^~~~~
../example/src/3d_utilities.c:510:24: warning: unused variable 'temp3' [-Wunused-variable]
  point3D temp1, temp2, temp3, temp4;
                        ^~~~~
../example/src/3d_utilities.c:508:13: warning: unused variable 'ctr' [-Wunused-variable]
  static int ctr = 0;
             ^~~
../example/src/3d_utilities.c: In function 'fillCube':
../example/src/3d_utilities.c:593:22: warning: unused variable 't4' [-Wunused-variable]
  point3D t1, t2, t3, t4;
                      ^~
../example/src/3d_utilities.c:593:18: warning: unused variable 't3' [-Wunused-variable]
  point3D t1, t2, t3, t4;
                  ^~
../example/src/3d_utilities.c: At top level:
../example/src/3d_utilities.c:621:1: warning: "/*" within comment [-Wcomment]
 /**
  
../example/src/3d_utilities.c: In function 'background':
../example/src/3d_utilities.c:641:22: warning: unused variable 'XY4' [-Wunused-variable]
    { 250, -400, 0 }, XY4 = { 150, 300, 0 };
                      ^~~
../example/src/3d_utilities.c: In function 'draw_trees':
../example/src/3d_utilities.c:851:2: warning: implicit declaration of function 'srand'; did you mean 'scanf'? [-Wimplicit-function-declaration]
  srand(time(NULL));
  ^~~~~
  scanf
../example/src/3d_utilities.c:851:8: warning: implicit declaration of function 'time' [-Wimplicit-function-declaration]
  srand(time(NULL));
        ^~~~
../example/src/3d_utilities.c:887:17: warning: passing argument 1 of 'conv_3D_to_2D' from incompatible pointer type [-Wincompatible-pointer-types]
   conv_3D_to_2D(&arr[0].x, &p1);
                 ^
../example/src/3d_utilities.c:155:6: note: expected 'point3D * {aka struct point3D *}' but argument is of type 'float *'
 void conv_3D_to_2D(point3D* a_3d_point, point* a_2d_point) {
      ^~~~~~~~~~~~~
../example/src/3d_utilities.c:890:17: warning: passing argument 1 of 'conv_3D_to_2D' from incompatible pointer type [-Wincompatible-pointer-types]
   conv_3D_to_2D(&arr[1].x, &p2);
                 ^
../example/src/3d_utilities.c:155:6: note: expected 'point3D * {aka struct point3D *}' but argument is of type 'float *'
 void conv_3D_to_2D(point3D* a_3d_point, point* a_2d_point) {
      ^~~~~~~~~~~~~
../example/src/3d_utilities.c:966:9: warning: implicit declaration of function 'rand'; did you mean 'tanh'? [-Wimplicit-function-declaration]
   len = rand() % 20 + 20;
         ^~~~
         tanh
../example/src/3d_utilities.c:845:17: warning: unused variable 'b0' [-Wunused-variable]
  float a0 = 64, b0 = 80; //source coordinate
                 ^~
../example/src/3d_utilities.c:845:8: warning: unused variable 'a0' [-Wunused-variable]
  float a0 = 64, b0 = 80; //source coordinate
        ^~
../example/src/3d_utilities.c:844:20: warning: unused variable 'y1' [-Wunused-variable]
  float x0, x1, y0, y1;
                    ^~
../example/src/3d_utilities.c:844:16: warning: variable 'y0' set but not used [-Wunused-but-set-variable]
  float x0, x1, y0, y1;
                ^~
../example/src/3d_utilities.c:844:12: warning: unused variable 'x1' [-Wunused-variable]
  float x0, x1, y0, y1;
            ^~
../example/src/3d_utilities.c:844:8: warning: variable 'x0' set but not used [-Wunused-but-set-variable]
  float x0, x1, y0, y1;
        ^~
At top level:
../example/src/3d_utilities.c:508:13: warning: 'ctr' defined but not used [-Wunused-variable]
  static int ctr = 0;
             ^~~
Finished building: ../example/src/cr_startup_lpc175x_6x.c
 
Building file: ../example/src/freertos_blinky.c
Invoking: MCU C Compiler
arm-none-eabi-gcc -D__REDLIB__ -DDEBUG -D__CODE_RED -D__USE_LPCOPEN -DCORE_M3 -I"C:\Users\Kartik Chakravarty\Documents\MCUXpressoIDE_10.3.0_2200\workspace3\lpc_chip_175x_6x\inc" -I"C:\Users\Kartik Chakravarty\Documents\MCUXpressoIDE_10.3.0_2200\workspace3\CMSIS_CORE_LPC17xx\inc" -I"C:\Users\Kartik Chakravarty\Documents\MCUXpressoIDE_10.3.0_2200\workspace3\lpc_board_nxp_lpcxpresso_1769\inc" -I"C:\Users\Kartik Chakravarty\Documents\MCUXpressoIDE_10.3.0_2200\workspace3\freertos_blinky\example\inc" -I"C:\Users\Kartik Chakravarty\Documents\MCUXpressoIDE_10.3.0_2200\workspace3\freertos_blinky\freertos\inc" -O0 -g3 -Wall -c -fmessage-length=0 -fno-builtin -ffunction-sections -fdata-sections -mcpu=cortex-m3 -mthumb -specs=redlib.specs -MMD -MP -MF"example/src/freertos_blinky.d" -MT"example/src/freertos_blinky.o" -MT"example/src/freertos_blinky.d" -o "example/src/freertos_blinky.o" "../example/src/freertos_blinky.c"
Finished building: ../freertos/src/queue.c
 
Building file: ../example/src/lcd_utilities.c
Finished building: ../example/src/3d_utilities.c
Invoking: MCU C Compiler
arm-none-eabi-gcc -D__REDLIB__ -DDEBUG -D__CODE_RED -D__USE_LPCOPEN -DCORE_M3 -I"C:\Users\Kartik Chakravarty\Documents\MCUXpressoIDE_10.3.0_2200\workspace3\lpc_chip_175x_6x\inc" -I"C:\Users\Kartik Chakravarty\Documents\MCUXpressoIDE_10.3.0_2200\workspace3\CMSIS_CORE_LPC17xx\inc" -I"C:\Users\Kartik Chakravarty\Documents\MCUXpressoIDE_10.3.0_2200\workspace3\lpc_board_nxp_lpcxpresso_1769\inc" -I"C:\Users\Kartik Chakravarty\Documents\MCUXpressoIDE_10.3.0_2200\workspace3\freertos_blinky\example\inc" -I"C:\Users\Kartik Chakravarty\Documents\MCUXpressoIDE_10.3.0_2200\workspace3\freertos_blinky\freertos\inc" -O0 -g3 -Wall -c -fmessage-length=0 -fno-builtin -ffunction-sections -fdata-sections -mcpu=cortex-m3 -mthumb -specs=redlib.specs -MMD -MP -MF"example/src/lcd_utilities.d" -MT"example/src/lcd_utilities.o" -MT"example/src/lcd_utilities.d" -o "example/src/lcd_utilities.o" "../example/src/lcd_utilities.c"
Finished building: ../freertos/src/tasks.c
 
Building file: ../example/src/ssp.c
 
Invoking: MCU C Compiler
Building file: ../example/src/sysinit.c
arm-none-eabi-gcc -D__REDLIB__ -DDEBUG -D__CODE_RED -D__USE_LPCOPEN -DCORE_M3 -I"C:\Users\Kartik Chakravarty\Documents\MCUXpressoIDE_10.3.0_2200\workspace3\lpc_chip_175x_6x\inc" -I"C:\Users\Kartik Chakravarty\Documents\MCUXpressoIDE_10.3.0_2200\workspace3\CMSIS_CORE_LPC17xx\inc" -I"C:\Users\Kartik Chakravarty\Documents\MCUXpressoIDE_10.3.0_2200\workspace3\lpc_board_nxp_lpcxpresso_1769\inc" -I"C:\Users\Kartik Chakravarty\Documents\MCUXpressoIDE_10.3.0_2200\workspace3\freertos_blinky\example\inc" -I"C:\Users\Kartik Chakravarty\Documents\MCUXpressoIDE_10.3.0_2200\workspace3\freertos_blinky\freertos\inc" -O0 -g3 -Wall -c -fmessage-length=0 -fno-builtin -ffunction-sections -fdata-sections -mcpu=cortex-m3 -mthumb -specs=redlib.specs -MMD -MP -MF"example/src/ssp.d" -MT"example/src/ssp.o" -MT"example/src/ssp.d" -o "example/src/ssp.o" "../example/src/ssp.c"
Invoking: MCU C Compiler
arm-none-eabi-gcc -D__REDLIB__ -DDEBUG -D__CODE_RED -D__USE_LPCOPEN -DCORE_M3 -I"C:\Users\Kartik Chakravarty\Documents\MCUXpressoIDE_10.3.0_2200\workspace3\lpc_chip_175x_6x\inc" -I"C:\Users\Kartik Chakravarty\Documents\MCUXpressoIDE_10.3.0_2200\workspace3\CMSIS_CORE_LPC17xx\inc" -I"C:\Users\Kartik Chakravarty\Documents\MCUXpressoIDE_10.3.0_2200\workspace3\lpc_board_nxp_lpcxpresso_1769\inc" -I"C:\Users\Kartik Chakravarty\Documents\MCUXpressoIDE_10.3.0_2200\workspace3\freertos_blinky\example\inc" -I"C:\Users\Kartik Chakravarty\Documents\MCUXpressoIDE_10.3.0_2200\workspace3\freertos_blinky\freertos\inc" -O0 -g3 -Wall -c -fmessage-length=0 -fno-builtin -ffunction-sections -fdata-sections -mcpu=cortex-m3 -mthumb -specs=redlib.specs -MMD -MP -MF"example/src/sysinit.d" -MT"example/src/sysinit.o" -MT"example/src/sysinit.d" -o "example/src/sysinit.o" "../example/src/sysinit.c"
../example/src/lcd_utilities.c: In function 'lcddelay':
../example/src/lcd_utilities.c:151:30: warning: statement with no effect [-Wunused-value]
  for (i = count * ms; i--; i > 0)
                            ~~^~~
Finished building: ../example/src/freertos_blinky.c
 
Building file: ../example/inc/co_ordinate.c
Invoking: MCU C Compiler
arm-none-eabi-gcc -D__REDLIB__ -DDEBUG -D__CODE_RED -D__USE_LPCOPEN -DCORE_M3 -I"C:\Users\Kartik Chakravarty\Documents\MCUXpressoIDE_10.3.0_2200\workspace3\lpc_chip_175x_6x\inc" -I"C:\Users\Kartik Chakravarty\Documents\MCUXpressoIDE_10.3.0_2200\workspace3\CMSIS_CORE_LPC17xx\inc" -I"C:\Users\Kartik Chakravarty\Documents\MCUXpressoIDE_10.3.0_2200\workspace3\lpc_board_nxp_lpcxpresso_1769\inc" -I"C:\Users\Kartik Chakravarty\Documents\MCUXpressoIDE_10.3.0_2200\workspace3\freertos_blinky\example\inc" -I"C:\Users\Kartik Chakravarty\Documents\MCUXpressoIDE_10.3.0_2200\workspace3\freertos_blinky\freertos\inc" -O0 -g3 -Wall -c -fmessage-length=0 -fno-builtin -ffunction-sections -fdata-sections -mcpu=cortex-m3 -mthumb -specs=redlib.specs -MMD -MP -MF"example/inc/co_ordinate.d" -MT"example/inc/co_ordinate.o" -MT"example/inc/co_ordinate.d" -o "example/inc/co_ordinate.o" "../example/inc/co_ordinate.c"
Finished building: ../example/src/ssp.c
 
Finished building: ../example/src/lcd_utilities.c
Finished building: ../example/src/sysinit.c
 
 
Finished building: ../example/inc/co_ordinate.c
 
Building target: freertos_blinky.axf
Invoking: MCU Linker
arm-none-eabi-gcc -nostdlib -L"C:\Users\Kartik Chakravarty\Documents\MCUXpressoIDE_10.3.0_2200\workspace3\lpc_chip_175x_6x\Debug" -L"C:\Users\Kartik Chakravarty\Documents\MCUXpressoIDE_10.3.0_2200\workspace3\lpc_board_nxp_lpcxpresso_1769\Debug" -Xlinker -Map="freertos_blinky.map" -Xlinker --gc-sections -mcpu=cortex-m3 -mthumb -T "freertos_blinky_Debug.ld" -o "freertos_blinky.axf"  ./freertos/src/FreeRTOSCommonHooks.o ./freertos/src/heap_3.o ./freertos/src/list.o ./freertos/src/port.o ./freertos/src/queue.o ./freertos/src/tasks.o  ./example/src/3d_utilities.o ./example/src/cr_startup_lpc175x_6x.o ./example/src/freertos_blinky.o ./example/src/lcd_utilities.o ./example/src/ssp.o ./example/src/sysinit.o  ./example/inc/co_ordinate.o   -llpc_board_nxp_lpcxpresso_1769 -llpc_chip_175x_6x
Finished building target: freertos_blinky.axf
 
make --no-print-directory post-build
Performing post-build steps
arm-none-eabi-size "freertos_blinky.axf"; # arm-none-eabi-objcopy -v -O binary "freertos_blinky.axf" "freertos_blinky.bin" ; # checksum -p LPC1769 -d "freertos_blinky.bin";
   text	   data	    bss	    dec	    hex	filename
  38388	   1024	   2100	  41512	   a228	freertos_blinky.axf
 
16:35:57 **** Incremental Build of configuration Debug for project CMSIS_CORE_LPC17xx ****
make -r all 
make: Nothing to be done for 'all'.
16:35:58 **** Incremental Build of configuration Debug for project lpc_board_nxp_lpcxpresso_1769 ****
make -r all 
make: Nothing to be done for 'all'.
16:35:59 **** Incremental Build of configuration Debug for project lpc_chip_175x_6x ****
make -r all 
make: Nothing to be done for 'all'.
16:36:00 **** Incremental Build of configuration Debug for project freertos_blinky ****
make -r -j4 all 
make: Nothing to be done for 'all'.
16:36:02 **** Incremental Build of configuration Debug for project freertos_blinky ****
make -r -j4 all 
make: Nothing to be done for 'all'.
16:40:17 **** Incremental Build of configuration Debug for project CMSIS_CORE_LPC17xx ****
make -r all 
make: Nothing to be done for 'all'.
16:40:19 **** Incremental Build of configuration Debug for project lpc_board_nxp_lpcxpresso_1769 ****
make -r all 
make: Nothing to be done for 'all'.
16:40:19 **** Incremental Build of configuration Debug for project lpc_chip_175x_6x ****
make -r all 
make: Nothing to be done for 'all'.
16:40:21 **** Incremental Build of configuration Debug for project freertos_blinky ****
make -r -j4 all 
Building file: ../example/src/freertos_blinky.c
Invoking: MCU C Compiler
arm-none-eabi-gcc -D__REDLIB__ -DDEBUG -D__CODE_RED -D__USE_LPCOPEN -DCORE_M3 -I"C:\Users\Kartik Chakravarty\Documents\MCUXpressoIDE_10.3.0_2200\workspace3\lpc_chip_175x_6x\inc" -I"C:\Users\Kartik Chakravarty\Documents\MCUXpressoIDE_10.3.0_2200\workspace3\CMSIS_CORE_LPC17xx\inc" -I"C:\Users\Kartik Chakravarty\Documents\MCUXpressoIDE_10.3.0_2200\workspace3\lpc_board_nxp_lpcxpresso_1769\inc" -I"C:\Users\Kartik Chakravarty\Documents\MCUXpressoIDE_10.3.0_2200\workspace3\freertos_blinky\example\inc" -I"C:\Users\Kartik Chakravarty\Documents\MCUXpressoIDE_10.3.0_2200\workspace3\freertos_blinky\freertos\inc" -O0 -g3 -Wall -c -fmessage-length=0 -fno-builtin -ffunction-sections -fdata-sections -mcpu=cortex-m3 -mthumb -specs=redlib.specs -MMD -MP -MF"example/src/freertos_blinky.d" -MT"example/src/freertos_blinky.o" -MT"example/src/freertos_blinky.d" -o "example/src/freertos_blinky.o" "../example/src/freertos_blinky.c"
Finished building: ../example/src/freertos_blinky.c
 
Building target: freertos_blinky.axf
Invoking: MCU Linker
arm-none-eabi-gcc -nostdlib -L"C:\Users\Kartik Chakravarty\Documents\MCUXpressoIDE_10.3.0_2200\workspace3\lpc_chip_175x_6x\Debug" -L"C:\Users\Kartik Chakravarty\Documents\MCUXpressoIDE_10.3.0_2200\workspace3\lpc_board_nxp_lpcxpresso_1769\Debug" -Xlinker -Map="freertos_blinky.map" -Xlinker --gc-sections -mcpu=cortex-m3 -mthumb -T "freertos_blinky_Debug.ld" -o "freertos_blinky.axf"  ./freertos/src/FreeRTOSCommonHooks.o ./freertos/src/heap_3.o ./freertos/src/list.o ./freertos/src/port.o ./freertos/src/queue.o ./freertos/src/tasks.o  ./example/src/3d_utilities.o ./example/src/cr_startup_lpc175x_6x.o ./example/src/freertos_blinky.o ./example/src/lcd_utilities.o ./example/src/ssp.o ./example/src/sysinit.o  ./example/inc/co_ordinate.o   -llpc_board_nxp_lpcxpresso_1769 -llpc_chip_175x_6x
Finished building target: freertos_blinky.axf
 
make --no-print-directory post-build
Performing post-build steps
arm-none-eabi-size "freertos_blinky.axf"; # arm-none-eabi-objcopy -v -O binary "freertos_blinky.axf" "freertos_blinky.bin" ; # checksum -p LPC1769 -d "freertos_blinky.bin";
   text	   data	    bss	    dec	    hex	filename
  38340	   1024	   2100	  41464	   a1f8	freertos_blinky.axf
 
16:40:52 **** Incremental Build of configuration Debug for project CMSIS_CORE_LPC17xx ****
make -r all 
make: Nothing to be done for 'all'.
16:40:53 **** Incremental Build of configuration Debug for project lpc_board_nxp_lpcxpresso_1769 ****
make -r all 
make: Nothing to be done for 'all'.
16:40:54 **** Incremental Build of configuration Debug for project lpc_chip_175x_6x ****
make -r all 
make: Nothing to be done for 'all'.
16:40:55 **** Incremental Build of configuration Debug for project freertos_blinky ****
make -r -j4 all 
make: Nothing to be done for 'all'.
16:40:57 **** Incremental Build of configuration Debug for project freertos_blinky ****
make -r -j4 all 
make: Nothing to be done for 'all'.
16:43:59 **** Incremental Build of configuration Debug for project CMSIS_CORE_LPC17xx ****
make -r all 
make: Nothing to be done for 'all'.
16:44:00 **** Incremental Build of configuration Debug for project lpc_board_nxp_lpcxpresso_1769 ****
make -r all 
make: Nothing to be done for 'all'.
16:44:01 **** Incremental Build of configuration Debug for project lpc_chip_175x_6x ****
make -r all 
make: Nothing to be done for 'all'.
16:44:03 **** Incremental Build of configuration Debug for project freertos_blinky ****
make -r -j4 all 
Building file: ../example/src/freertos_blinky.c
Invoking: MCU C Compiler
arm-none-eabi-gcc -D__REDLIB__ -DDEBUG -D__CODE_RED -D__USE_LPCOPEN -DCORE_M3 -I"C:\Users\Kartik Chakravarty\Documents\MCUXpressoIDE_10.3.0_2200\workspace3\lpc_chip_175x_6x\inc" -I"C:\Users\Kartik Chakravarty\Documents\MCUXpressoIDE_10.3.0_2200\workspace3\CMSIS_CORE_LPC17xx\inc" -I"C:\Users\Kartik Chakravarty\Documents\MCUXpressoIDE_10.3.0_2200\workspace3\lpc_board_nxp_lpcxpresso_1769\inc" -I"C:\Users\Kartik Chakravarty\Documents\MCUXpressoIDE_10.3.0_2200\workspace3\freertos_blinky\example\inc" -I"C:\Users\Kartik Chakravarty\Documents\MCUXpressoIDE_10.3.0_2200\workspace3\freertos_blinky\freertos\inc" -O0 -g3 -Wall -c -fmessage-length=0 -fno-builtin -ffunction-sections -fdata-sections -mcpu=cortex-m3 -mthumb -specs=redlib.specs -MMD -MP -MF"example/src/freertos_blinky.d" -MT"example/src/freertos_blinky.o" -MT"example/src/freertos_blinky.d" -o "example/src/freertos_blinky.o" "../example/src/freertos_blinky.c"
../example/src/freertos_blinky.c: In function 'vThreeDTask':
../example/src/freertos_blinky.c:68:9: warning: type defaults to 'int' in declaration of 'run' [-Wimplicit-int]
  static run = 0;
         ^~~
Finished building: ../example/src/freertos_blinky.c
 
Building target: freertos_blinky.axf
Invoking: MCU Linker
arm-none-eabi-gcc -nostdlib -L"C:\Users\Kartik Chakravarty\Documents\MCUXpressoIDE_10.3.0_2200\workspace3\lpc_chip_175x_6x\Debug" -L"C:\Users\Kartik Chakravarty\Documents\MCUXpressoIDE_10.3.0_2200\workspace3\lpc_board_nxp_lpcxpresso_1769\Debug" -Xlinker -Map="freertos_blinky.map" -Xlinker --gc-sections -mcpu=cortex-m3 -mthumb -T "freertos_blinky_Debug.ld" -o "freertos_blinky.axf"  ./freertos/src/FreeRTOSCommonHooks.o ./freertos/src/heap_3.o ./freertos/src/list.o ./freertos/src/port.o ./freertos/src/queue.o ./freertos/src/tasks.o  ./example/src/3d_utilities.o ./example/src/cr_startup_lpc175x_6x.o ./example/src/freertos_blinky.o ./example/src/lcd_utilities.o ./example/src/ssp.o ./example/src/sysinit.o  ./example/inc/co_ordinate.o   -llpc_board_nxp_lpcxpresso_1769 -llpc_chip_175x_6x
Finished building target: freertos_blinky.axf
 
make --no-print-directory post-build
Performing post-build steps
arm-none-eabi-size "freertos_blinky.axf"; # arm-none-eabi-objcopy -v -O binary "freertos_blinky.axf" "freertos_blinky.bin" ; # checksum -p LPC1769 -d "freertos_blinky.bin";
   text	   data	    bss	    dec	    hex	filename
  38364	   1024	   2104	  41492	   a214	freertos_blinky.axf
 
16:44:41 **** Incremental Build of configuration Debug for project CMSIS_CORE_LPC17xx ****
make -r all 
make: Nothing to be done for 'all'.
16:44:42 **** Incremental Build of configuration Debug for project lpc_board_nxp_lpcxpresso_1769 ****
make -r all 
make: Nothing to be done for 'all'.
16:44:43 **** Incremental Build of configuration Debug for project lpc_chip_175x_6x ****
make -r all 
make: Nothing to be done for 'all'.
16:44:44 **** Incremental Build of configuration Debug for project freertos_blinky ****
make -r -j4 all 
make: Nothing to be done for 'all'.
16:44:47 **** Incremental Build of configuration Debug for project freertos_blinky ****
make -r -j4 all 
make: Nothing to be done for 'all'.
18:19:23 **** Incremental Build of configuration Debug for project CMSIS_CORE_LPC17xx ****
make -r all 
make: Nothing to be done for 'all'.
18:19:24 **** Incremental Build of configuration Debug for project lpc_board_nxp_lpcxpresso_1769 ****
make -r all 
make: Nothing to be done for 'all'.
18:19:25 **** Incremental Build of configuration Debug for project lpc_chip_175x_6x ****
make -r all 
make: Nothing to be done for 'all'.
18:19:26 **** Incremental Build of configuration Debug for project freertos_blinky ****
make -r -j4 all 
Building file: ../example/src/freertos_blinky.c
Invoking: MCU C Compiler
arm-none-eabi-gcc -D__REDLIB__ -DDEBUG -D__CODE_RED -D__USE_LPCOPEN -DCORE_M3 -I"C:\Users\Kartik Chakravarty\Documents\MCUXpressoIDE_10.3.0_2200\workspace3\lpc_chip_175x_6x\inc" -I"C:\Users\Kartik Chakravarty\Documents\MCUXpressoIDE_10.3.0_2200\workspace3\CMSIS_CORE_LPC17xx\inc" -I"C:\Users\Kartik Chakravarty\Documents\MCUXpressoIDE_10.3.0_2200\workspace3\lpc_board_nxp_lpcxpresso_1769\inc" -I"C:\Users\Kartik Chakravarty\Documents\MCUXpressoIDE_10.3.0_2200\workspace3\freertos_blinky\example\inc" -I"C:\Users\Kartik Chakravarty\Documents\MCUXpressoIDE_10.3.0_2200\workspace3\freertos_blinky\freertos\inc" -O0 -g3 -Wall -c -fmessage-length=0 -fno-builtin -ffunction-sections -fdata-sections -mcpu=cortex-m3 -mthumb -specs=redlib.specs -MMD -MP -MF"example/src/freertos_blinky.d" -MT"example/src/freertos_blinky.o" -MT"example/src/freertos_blinky.d" -o "example/src/freertos_blinky.o" "../example/src/freertos_blinky.c"
../example/src/freertos_blinky.c: In function 'vThreeDTask':
../example/src/freertos_blinky.c:68:9: warning: type defaults to 'int' in declaration of 'run' [-Wimplicit-int]
  static run = 0;
         ^~~
Finished building: ../example/src/freertos_blinky.c
 
Building target: freertos_blinky.axf
Invoking: MCU Linker
arm-none-eabi-gcc -nostdlib -L"C:\Users\Kartik Chakravarty\Documents\MCUXpressoIDE_10.3.0_2200\workspace3\lpc_chip_175x_6x\Debug" -L"C:\Users\Kartik Chakravarty\Documents\MCUXpressoIDE_10.3.0_2200\workspace3\lpc_board_nxp_lpcxpresso_1769\Debug" -Xlinker -Map="freertos_blinky.map" -Xlinker --gc-sections -mcpu=cortex-m3 -mthumb -T "freertos_blinky_Debug.ld" -o "freertos_blinky.axf"  ./freertos/src/FreeRTOSCommonHooks.o ./freertos/src/heap_3.o ./freertos/src/list.o ./freertos/src/port.o ./freertos/src/queue.o ./freertos/src/tasks.o  ./example/src/3d_utilities.o ./example/src/cr_startup_lpc175x_6x.o ./example/src/freertos_blinky.o ./example/src/lcd_utilities.o ./example/src/ssp.o ./example/src/sysinit.o  ./example/inc/co_ordinate.o   -llpc_board_nxp_lpcxpresso_1769 -llpc_chip_175x_6x
Finished building target: freertos_blinky.axf
 
make --no-print-directory post-build
Performing post-build steps
arm-none-eabi-size "freertos_blinky.axf"; # arm-none-eabi-objcopy -v -O binary "freertos_blinky.axf" "freertos_blinky.bin" ; # checksum -p LPC1769 -d "freertos_blinky.bin";
   text	   data	    bss	    dec	    hex	filename
  38372	   1024	   2104	  41500	   a21c	freertos_blinky.axf
 
18:20:14 **** Incremental Build of configuration Debug for project CMSIS_CORE_LPC17xx ****
make -r all 
make: Nothing to be done for 'all'.
18:20:14 **** Incremental Build of configuration Debug for project lpc_board_nxp_lpcxpresso_1769 ****
make -r all 
make: Nothing to be done for 'all'.
18:20:15 **** Incremental Build of configuration Debug for project lpc_chip_175x_6x ****
make -r all 
make: Nothing to be done for 'all'.
18:20:16 **** Incremental Build of configuration Debug for project freertos_blinky ****
make -r -j4 all 
make: Nothing to be done for 'all'.
18:20:18 **** Incremental Build of configuration Debug for project freertos_blinky ****
make -r -j4 all 
make: Nothing to be done for 'all'.
18:25:49 **** Incremental Build of configuration Debug for project CMSIS_CORE_LPC17xx ****
make -r all 
make: Nothing to be done for 'all'.
18:25:51 **** Incremental Build of configuration Debug for project lpc_board_nxp_lpcxpresso_1769 ****
make -r all 
make: Nothing to be done for 'all'.
18:25:52 **** Incremental Build of configuration Debug for project lpc_chip_175x_6x ****
make -r all 
make: Nothing to be done for 'all'.
18:25:54 **** Incremental Build of configuration Debug for project freertos_blinky ****
make -r -j4 all 
Building file: ../example/src/freertos_blinky.c
Invoking: MCU C Compiler
arm-none-eabi-gcc -D__REDLIB__ -DDEBUG -D__CODE_RED -D__USE_LPCOPEN -DCORE_M3 -I"C:\Users\Kartik Chakravarty\Documents\MCUXpressoIDE_10.3.0_2200\workspace3\lpc_chip_175x_6x\inc" -I"C:\Users\Kartik Chakravarty\Documents\MCUXpressoIDE_10.3.0_2200\workspace3\CMSIS_CORE_LPC17xx\inc" -I"C:\Users\Kartik Chakravarty\Documents\MCUXpressoIDE_10.3.0_2200\workspace3\lpc_board_nxp_lpcxpresso_1769\inc" -I"C:\Users\Kartik Chakravarty\Documents\MCUXpressoIDE_10.3.0_2200\workspace3\freertos_blinky\example\inc" -I"C:\Users\Kartik Chakravarty\Documents\MCUXpressoIDE_10.3.0_2200\workspace3\freertos_blinky\freertos\inc" -O0 -g3 -Wall -c -fmessage-length=0 -fno-builtin -ffunction-sections -fdata-sections -mcpu=cortex-m3 -mthumb -specs=redlib.specs -MMD -MP -MF"example/src/freertos_blinky.d" -MT"example/src/freertos_blinky.o" -MT"example/src/freertos_blinky.d" -o "example/src/freertos_blinky.o" "../example/src/freertos_blinky.c"
../example/src/freertos_blinky.c: In function 'vThreeDTask':
../example/src/freertos_blinky.c:68:9: warning: type defaults to 'int' in declaration of 'run' [-Wimplicit-int]
  static run = 0;
         ^~~
../example/src/freertos_blinky.c: In function 'vLEDTask1':
../example/src/freertos_blinky.c:84:7: warning: unused variable 'LedState' [-Wunused-variable]
  bool LedState = false;
       ^~~~~~~~
Finished building: ../example/src/freertos_blinky.c
 
Building target: freertos_blinky.axf
Invoking: MCU Linker
arm-none-eabi-gcc -nostdlib -L"C:\Users\Kartik Chakravarty\Documents\MCUXpressoIDE_10.3.0_2200\workspace3\lpc_chip_175x_6x\Debug" -L"C:\Users\Kartik Chakravarty\Documents\MCUXpressoIDE_10.3.0_2200\workspace3\lpc_board_nxp_lpcxpresso_1769\Debug" -Xlinker -Map="freertos_blinky.map" -Xlinker --gc-sections -mcpu=cortex-m3 -mthumb -T "freertos_blinky_Debug.ld" -o "freertos_blinky.axf"  ./freertos/src/FreeRTOSCommonHooks.o ./freertos/src/heap_3.o ./freertos/src/list.o ./freertos/src/port.o ./freertos/src/queue.o ./freertos/src/tasks.o  ./example/src/3d_utilities.o ./example/src/cr_startup_lpc175x_6x.o ./example/src/freertos_blinky.o ./example/src/lcd_utilities.o ./example/src/ssp.o ./example/src/sysinit.o  ./example/inc/co_ordinate.o   -llpc_board_nxp_lpcxpresso_1769 -llpc_chip_175x_6x
Finished building target: freertos_blinky.axf
 
make --no-print-directory post-build
Performing post-build steps
arm-none-eabi-size "freertos_blinky.axf"; # arm-none-eabi-objcopy -v -O binary "freertos_blinky.axf" "freertos_blinky.bin" ; # checksum -p LPC1769 -d "freertos_blinky.bin";
   text	   data	    bss	    dec	    hex	filename
  38348	   1024	   2104	  41476	   a204	freertos_blinky.axf
 
18:26:01 **** Incremental Build of configuration Debug for project CMSIS_CORE_LPC17xx ****
make -r all 
make: Nothing to be done for 'all'.
18:26:02 **** Incremental Build of configuration Debug for project lpc_board_nxp_lpcxpresso_1769 ****
make -r all 
make: Nothing to be done for 'all'.
18:26:03 **** Incremental Build of configuration Debug for project lpc_chip_175x_6x ****
make -r all 
make: Nothing to be done for 'all'.
18:26:04 **** Incremental Build of configuration Debug for project freertos_blinky ****
make -r -j4 all 
make: Nothing to be done for 'all'.
18:26:23 **** Incremental Build of configuration Debug for project CMSIS_CORE_LPC17xx ****
make -r all 
make: Nothing to be done for 'all'.
18:26:24 **** Incremental Build of configuration Debug for project lpc_board_nxp_lpcxpresso_1769 ****
make -r all 
make: Nothing to be done for 'all'.
18:26:25 **** Incremental Build of configuration Debug for project lpc_chip_175x_6x ****
make -r all 
make: Nothing to be done for 'all'.
18:26:26 **** Incremental Build of configuration Debug for project freertos_blinky ****
make -r -j4 all 
make: Nothing to be done for 'all'.
18:26:30 **** Incremental Build of configuration Debug for project freertos_blinky ****
make -r -j4 all 
make: Nothing to be done for 'all'.
18:34:05 **** Incremental Build of configuration Debug for project CMSIS_CORE_LPC17xx ****
make -r all 
make: Nothing to be done for 'all'.
18:34:06 **** Incremental Build of configuration Debug for project lpc_board_nxp_lpcxpresso_1769 ****
make -r all 
make: Nothing to be done for 'all'.
18:34:07 **** Incremental Build of configuration Debug for project lpc_chip_175x_6x ****
make -r all 
make: Nothing to be done for 'all'.
18:34:08 **** Incremental Build of configuration Debug for project freertos_blinky ****
make -r -j4 all 
Building file: ../example/src/freertos_blinky.c
Invoking: MCU C Compiler
arm-none-eabi-gcc -D__REDLIB__ -DDEBUG -D__CODE_RED -D__USE_LPCOPEN -DCORE_M3 -I"C:\Users\Kartik Chakravarty\Documents\MCUXpressoIDE_10.3.0_2200\workspace3\lpc_chip_175x_6x\inc" -I"C:\Users\Kartik Chakravarty\Documents\MCUXpressoIDE_10.3.0_2200\workspace3\CMSIS_CORE_LPC17xx\inc" -I"C:\Users\Kartik Chakravarty\Documents\MCUXpressoIDE_10.3.0_2200\workspace3\lpc_board_nxp_lpcxpresso_1769\inc" -I"C:\Users\Kartik Chakravarty\Documents\MCUXpressoIDE_10.3.0_2200\workspace3\freertos_blinky\example\inc" -I"C:\Users\Kartik Chakravarty\Documents\MCUXpressoIDE_10.3.0_2200\workspace3\freertos_blinky\freertos\inc" -O0 -g3 -Wall -c -fmessage-length=0 -fno-builtin -ffunction-sections -fdata-sections -mcpu=cortex-m3 -mthumb -specs=redlib.specs -MMD -MP -MF"example/src/freertos_blinky.d" -MT"example/src/freertos_blinky.o" -MT"example/src/freertos_blinky.d" -o "example/src/freertos_blinky.o" "../example/src/freertos_blinky.c"
../example/src/freertos_blinky.c: In function 'vThreeDTask':
../example/src/freertos_blinky.c:70:9: warning: type defaults to 'int' in declaration of 'run' [-Wimplicit-int]
  static run = 0;
         ^~~
Finished building: ../example/src/freertos_blinky.c
 
Building target: freertos_blinky.axf
Invoking: MCU Linker
arm-none-eabi-gcc -nostdlib -L"C:\Users\Kartik Chakravarty\Documents\MCUXpressoIDE_10.3.0_2200\workspace3\lpc_chip_175x_6x\Debug" -L"C:\Users\Kartik Chakravarty\Documents\MCUXpressoIDE_10.3.0_2200\workspace3\lpc_board_nxp_lpcxpresso_1769\Debug" -Xlinker -Map="freertos_blinky.map" -Xlinker --gc-sections -mcpu=cortex-m3 -mthumb -T "freertos_blinky_Debug.ld" -o "freertos_blinky.axf"  ./freertos/src/FreeRTOSCommonHooks.o ./freertos/src/heap_3.o ./freertos/src/list.o ./freertos/src/port.o ./freertos/src/queue.o ./freertos/src/tasks.o  ./example/src/3d_utilities.o ./example/src/cr_startup_lpc175x_6x.o ./example/src/freertos_blinky.o ./example/src/lcd_utilities.o ./example/src/ssp.o ./example/src/sysinit.o  ./example/inc/co_ordinate.o   -llpc_board_nxp_lpcxpresso_1769 -llpc_chip_175x_6x
Finished building target: freertos_blinky.axf
 
make --no-print-directory post-build
Performing post-build steps
arm-none-eabi-size "freertos_blinky.axf"; # arm-none-eabi-objcopy -v -O binary "freertos_blinky.axf" "freertos_blinky.bin" ; # checksum -p LPC1769 -d "freertos_blinky.bin";
   text	   data	    bss	    dec	    hex	filename
  38332	   1024	   2104	  41460	   a1f4	freertos_blinky.axf
 
18:34:45 **** Incremental Build of configuration Debug for project CMSIS_CORE_LPC17xx ****
make -r all 
make: Nothing to be done for 'all'.
18:34:46 **** Incremental Build of configuration Debug for project lpc_board_nxp_lpcxpresso_1769 ****
make -r all 
make: Nothing to be done for 'all'.
18:34:47 **** Incremental Build of configuration Debug for project lpc_chip_175x_6x ****
make -r all 
make: Nothing to be done for 'all'.
18:34:48 **** Incremental Build of configuration Debug for project freertos_blinky ****
make -r -j4 all 
make: Nothing to be done for 'all'.
18:34:50 **** Incremental Build of configuration Debug for project freertos_blinky ****
make -r -j4 all 
make: Nothing to be done for 'all'.
18:37:36 **** Incremental Build of configuration Debug for project CMSIS_CORE_LPC17xx ****
make -r all 
make: Nothing to be done for 'all'.
18:37:37 **** Incremental Build of configuration Debug for project lpc_board_nxp_lpcxpresso_1769 ****
make -r all 
make: Nothing to be done for 'all'.
18:37:38 **** Incremental Build of configuration Debug for project lpc_chip_175x_6x ****
make -r all 
make: Nothing to be done for 'all'.
18:37:39 **** Incremental Build of configuration Debug for project freertos_blinky ****
make -r -j4 all 
make: Nothing to be done for 'all'.
18:37:41 **** Incremental Build of configuration Debug for project freertos_blinky ****
make -r -j4 all 
make: Nothing to be done for 'all'.
18:43:30 **** Incremental Build of configuration Debug for project CMSIS_CORE_LPC17xx ****
make -r all 
make: Nothing to be done for 'all'.
18:43:31 **** Incremental Build of configuration Debug for project lpc_board_nxp_lpcxpresso_1769 ****
make -r all 
make: Nothing to be done for 'all'.
18:43:32 **** Incremental Build of configuration Debug for project lpc_chip_175x_6x ****
make -r all 
make: Nothing to be done for 'all'.
18:43:33 **** Incremental Build of configuration Debug for project freertos_blinky ****
make -r -j4 all 
Building file: ../example/src/freertos_blinky.c
Invoking: MCU C Compiler
arm-none-eabi-gcc -D__REDLIB__ -DDEBUG -D__CODE_RED -D__USE_LPCOPEN -DCORE_M3 -I"C:\Users\Kartik Chakravarty\Documents\MCUXpressoIDE_10.3.0_2200\workspace3\lpc_chip_175x_6x\inc" -I"C:\Users\Kartik Chakravarty\Documents\MCUXpressoIDE_10.3.0_2200\workspace3\CMSIS_CORE_LPC17xx\inc" -I"C:\Users\Kartik Chakravarty\Documents\MCUXpressoIDE_10.3.0_2200\workspace3\lpc_board_nxp_lpcxpresso_1769\inc" -I"C:\Users\Kartik Chakravarty\Documents\MCUXpressoIDE_10.3.0_2200\workspace3\freertos_blinky\example\inc" -I"C:\Users\Kartik Chakravarty\Documents\MCUXpressoIDE_10.3.0_2200\workspace3\freertos_blinky\freertos\inc" -O0 -g3 -Wall -c -fmessage-length=0 -fno-builtin -ffunction-sections -fdata-sections -mcpu=cortex-m3 -mthumb -specs=redlib.specs -MMD -MP -MF"example/src/freertos_blinky.d" -MT"example/src/freertos_blinky.o" -MT"example/src/freertos_blinky.d" -o "example/src/freertos_blinky.o" "../example/src/freertos_blinky.c"
../example/src/freertos_blinky.c: In function 'vThreeDTask':
../example/src/freertos_blinky.c:70:9: warning: type defaults to 'int' in declaration of 'run' [-Wimplicit-int]
  static run = 0;
         ^~~
Finished building: ../example/src/freertos_blinky.c
 
Building target: freertos_blinky.axf
Invoking: MCU Linker
arm-none-eabi-gcc -nostdlib -L"C:\Users\Kartik Chakravarty\Documents\MCUXpressoIDE_10.3.0_2200\workspace3\lpc_chip_175x_6x\Debug" -L"C:\Users\Kartik Chakravarty\Documents\MCUXpressoIDE_10.3.0_2200\workspace3\lpc_board_nxp_lpcxpresso_1769\Debug" -Xlinker -Map="freertos_blinky.map" -Xlinker --gc-sections -mcpu=cortex-m3 -mthumb -T "freertos_blinky_Debug.ld" -o "freertos_blinky.axf"  ./freertos/src/FreeRTOSCommonHooks.o ./freertos/src/heap_3.o ./freertos/src/list.o ./freertos/src/port.o ./freertos/src/queue.o ./freertos/src/tasks.o  ./example/src/3d_utilities.o ./example/src/cr_startup_lpc175x_6x.o ./example/src/freertos_blinky.o ./example/src/lcd_utilities.o ./example/src/ssp.o ./example/src/sysinit.o  ./example/inc/co_ordinate.o   -llpc_board_nxp_lpcxpresso_1769 -llpc_chip_175x_6x
Finished building target: freertos_blinky.axf
 
make --no-print-directory post-build
Performing post-build steps
arm-none-eabi-size "freertos_blinky.axf"; # arm-none-eabi-objcopy -v -O binary "freertos_blinky.axf" "freertos_blinky.bin" ; # checksum -p LPC1769 -d "freertos_blinky.bin";
   text	   data	    bss	    dec	    hex	filename
  38196	   1024	   2104	  41324	   a16c	freertos_blinky.axf
 
18:43:47 **** Incremental Build of configuration Debug for project CMSIS_CORE_LPC17xx ****
make -r all 
make: Nothing to be done for 'all'.
18:43:48 **** Incremental Build of configuration Debug for project lpc_board_nxp_lpcxpresso_1769 ****
make -r all 
make: Nothing to be done for 'all'.
18:43:49 **** Incremental Build of configuration Debug for project lpc_chip_175x_6x ****
make -r all 
make: Nothing to be done for 'all'.
18:43:50 **** Incremental Build of configuration Debug for project freertos_blinky ****
make -r -j4 all 
make: Nothing to be done for 'all'.
18:43:52 **** Incremental Build of configuration Debug for project freertos_blinky ****
make -r -j4 all 
make: Nothing to be done for 'all'.
18:45:16 **** Incremental Build of configuration Debug for project CMSIS_CORE_LPC17xx ****
make -r all 
make: Nothing to be done for 'all'.
18:45:17 **** Incremental Build of configuration Debug for project lpc_board_nxp_lpcxpresso_1769 ****
make -r all 
make: Nothing to be done for 'all'.
18:45:18 **** Incremental Build of configuration Debug for project lpc_chip_175x_6x ****
make -r all 
make: Nothing to be done for 'all'.
18:45:19 **** Incremental Build of configuration Debug for project freertos_blinky ****
make -r -j4 all 
Building file: ../example/src/freertos_blinky.c
Invoking: MCU C Compiler
arm-none-eabi-gcc -D__REDLIB__ -DDEBUG -D__CODE_RED -D__USE_LPCOPEN -DCORE_M3 -I"C:\Users\Kartik Chakravarty\Documents\MCUXpressoIDE_10.3.0_2200\workspace3\lpc_chip_175x_6x\inc" -I"C:\Users\Kartik Chakravarty\Documents\MCUXpressoIDE_10.3.0_2200\workspace3\CMSIS_CORE_LPC17xx\inc" -I"C:\Users\Kartik Chakravarty\Documents\MCUXpressoIDE_10.3.0_2200\workspace3\lpc_board_nxp_lpcxpresso_1769\inc" -I"C:\Users\Kartik Chakravarty\Documents\MCUXpressoIDE_10.3.0_2200\workspace3\freertos_blinky\example\inc" -I"C:\Users\Kartik Chakravarty\Documents\MCUXpressoIDE_10.3.0_2200\workspace3\freertos_blinky\freertos\inc" -O0 -g3 -Wall -c -fmessage-length=0 -fno-builtin -ffunction-sections -fdata-sections -mcpu=cortex-m3 -mthumb -specs=redlib.specs -MMD -MP -MF"example/src/freertos_blinky.d" -MT"example/src/freertos_blinky.o" -MT"example/src/freertos_blinky.d" -o "example/src/freertos_blinky.o" "../example/src/freertos_blinky.c"
../example/src/freertos_blinky.c: In function 'vThreeDTask':
../example/src/freertos_blinky.c:70:9: warning: type defaults to 'int' in declaration of 'run' [-Wimplicit-int]
  static run = 0;
         ^~~
Finished building: ../example/src/freertos_blinky.c
 
Building target: freertos_blinky.axf
Invoking: MCU Linker
arm-none-eabi-gcc -nostdlib -L"C:\Users\Kartik Chakravarty\Documents\MCUXpressoIDE_10.3.0_2200\workspace3\lpc_chip_175x_6x\Debug" -L"C:\Users\Kartik Chakravarty\Documents\MCUXpressoIDE_10.3.0_2200\workspace3\lpc_board_nxp_lpcxpresso_1769\Debug" -Xlinker -Map="freertos_blinky.map" -Xlinker --gc-sections -mcpu=cortex-m3 -mthumb -T "freertos_blinky_Debug.ld" -o "freertos_blinky.axf"  ./freertos/src/FreeRTOSCommonHooks.o ./freertos/src/heap_3.o ./freertos/src/list.o ./freertos/src/port.o ./freertos/src/queue.o ./freertos/src/tasks.o  ./example/src/3d_utilities.o ./example/src/cr_startup_lpc175x_6x.o ./example/src/freertos_blinky.o ./example/src/lcd_utilities.o ./example/src/ssp.o ./example/src/sysinit.o  ./example/inc/co_ordinate.o   -llpc_board_nxp_lpcxpresso_1769 -llpc_chip_175x_6x
Finished building target: freertos_blinky.axf
 
make --no-print-directory post-build
Performing post-build steps
arm-none-eabi-size "freertos_blinky.axf"; # arm-none-eabi-objcopy -v -O binary "freertos_blinky.axf" "freertos_blinky.bin" ; # checksum -p LPC1769 -d "freertos_blinky.bin";
   text	   data	    bss	    dec	    hex	filename
  38204	   1024	   2104	  41332	   a174	freertos_blinky.axf
 
18:45:44 **** Incremental Build of configuration Debug for project CMSIS_CORE_LPC17xx ****
make -r all 
make: Nothing to be done for 'all'.
18:45:45 **** Incremental Build of configuration Debug for project lpc_board_nxp_lpcxpresso_1769 ****
make -r all 
make: Nothing to be done for 'all'.
18:45:47 **** Incremental Build of configuration Debug for project lpc_chip_175x_6x ****
make -r all 
make: Nothing to be done for 'all'.
18:45:48 **** Incremental Build of configuration Debug for project freertos_blinky ****
make -r -j4 all 
make: Nothing to be done for 'all'.
18:45:50 **** Incremental Build of configuration Debug for project freertos_blinky ****
make -r -j4 all 
make: Nothing to be done for 'all'.
18:48:51 **** Incremental Build of configuration Debug for project CMSIS_CORE_LPC17xx ****
make -r all 
make: Nothing to be done for 'all'.
18:48:52 **** Incremental Build of configuration Debug for project lpc_board_nxp_lpcxpresso_1769 ****
make -r all 
make: Nothing to be done for 'all'.
18:48:52 **** Incremental Build of configuration Debug for project lpc_chip_175x_6x ****
make -r all 
make: Nothing to be done for 'all'.
18:48:54 **** Incremental Build of configuration Debug for project freertos_blinky ****
make -r -j4 all 
Building file: ../example/src/freertos_blinky.c
Invoking: MCU C Compiler
[...]
../example/src/3d_utilities.c: In function 'drawcube':
../example/src/3d_utilities.c:399:13: warning: implicit declaration of function 'abs'; did you mean 'fabs'? [-Wimplicit-function-declaration]
    steps = (abs((int) dx)) > (abs((int) dy)) ?
             ^~~
             fabs
../example/src/3d_utilities.c:406:12: warning: unused variable 't2_temp' [-Wunused-variable]
    point3D t2_temp = t2;
            ^~~~~~~
../example/src/3d_utilities.c:401:28: warning: unused variable 'yStep' [-Wunused-variable]
    float xInc, yInc, xStep,yStep;
                            ^~~~~
../example/src/3d_utilities.c:401:22: warning: unused variable 'xStep' [-Wunused-variable]
    float xInc, yInc, xStep,yStep;
                      ^~~~~
../example/src/3d_utilities.c:479:9: warning: unused variable 'm' [-Wunused-variable]
   float m = (ZX3.y - ZX1.y) / (ZX3.x - ZX1.x);
         ^
../example/src/3d_utilities.c:373:22: warning: unused variable 't4' [-Wunused-variable]
  point3D t1, t2, t3, t4;
                      ^~
../example/src/3d_utilities.c:373:18: warning: unused variable 't3' [-Wunused-variable]
  point3D t1, t2, t3, t4;
                  ^~
../example/src/3d_utilities.c: In function 'fillShadow':
../example/src/3d_utilities.c:513:31: warning: unused variable 'temp4' [-Wunused-variable]
  point3D temp1, temp2, temp3, temp4;
                               ^~~~~
../example/src/3d_utilities.c:513:24: warning: unused variable 'temp3' [-Wunused-variable]
  point3D temp1, temp2, temp3, temp4;
                        ^~~~~
../example/src/3d_utilities.c:511:13: warning: unused variable 'ctr' [-Wunused-variable]
  static int ctr = 0;
             ^~~
../example/src/3d_utilities.c: In function 'fillCube':
../example/src/3d_utilities.c:596:22: warning: unused variable 't4' [-Wunused-variable]
  point3D t1, t2, t3, t4;
                      ^~
../example/src/3d_utilities.c:596:18: warning: unused variable 't3' [-Wunused-variable]
  point3D t1, t2, t3, t4;
                  ^~
../example/src/3d_utilities.c: At top level:
../example/src/3d_utilities.c:624:1: warning: "/*" within comment [-Wcomment]
 /**
  
../example/src/3d_utilities.c: In function 'background':
../example/src/3d_utilities.c:640:22: warning: unused variable 'XY4' [-Wunused-variable]
    { 250, -400, 0 }, XY4 = { 150, 300, 0 };
                      ^~~
../example/src/3d_utilities.c: In function 'draw_trees':
../example/src/3d_utilities.c:850:2: warning: implicit declaration of function 'srand'; did you mean 'scanf'? [-Wimplicit-function-declaration]
  srand(time(NULL));
  ^~~~~
  scanf
../example/src/3d_utilities.c:850:8: warning: implicit declaration of function 'time' [-Wimplicit-function-declaration]
  srand(time(NULL));
        ^~~~
../example/src/3d_utilities.c:886:17: warning: passing argument 1 of 'conv_3D_to_2D' from incompatible pointer type [-Wincompatible-pointer-types]
   conv_3D_to_2D(&arr[0].x, &p1);
                 ^
../example/src/3d_utilities.c:155:6: note: expected 'point3D * {aka struct point3D *}' but argument is of type 'float *'
 void conv_3D_to_2D(point3D* a_3d_point, point* a_2d_point) {
      ^~~~~~~~~~~~~
../example/src/3d_utilities.c:889:17: warning: passing argument 1 of 'conv_3D_to_2D' from incompatible pointer type [-Wincompatible-pointer-types]
   conv_3D_to_2D(&arr[1].x, &p2);
                 ^
../example/src/3d_utilities.c:155:6: note: expected 'point3D * {aka struct point3D *}' but argument is of type 'float *'
 void conv_3D_to_2D(point3D* a_3d_point, point* a_2d_point) {
      ^~~~~~~~~~~~~
../example/src/3d_utilities.c:965:9: warning: implicit declaration of function 'rand'; did you mean 'tanh'? [-Wimplicit-function-declaration]
   len = rand() % 20 + 20;
         ^~~~
         tanh
../example/src/3d_utilities.c:844:17: warning: unused variable 'b0' [-Wunused-variable]
  float a0 = 64, b0 = 80; //source coordinate
                 ^~
../example/src/3d_utilities.c:844:8: warning: unused variable 'a0' [-Wunused-variable]
  float a0 = 64, b0 = 80; //source coordinate
        ^~
../example/src/3d_utilities.c:843:20: warning: unused variable 'y1' [-Wunused-variable]
  float x0, x1, y0, y1;
                    ^~
../example/src/3d_utilities.c:843:16: warning: variable 'y0' set but not used [-Wunused-but-set-variable]
  float x0, x1, y0, y1;
                ^~
../example/src/3d_utilities.c:843:12: warning: unused variable 'x1' [-Wunused-variable]
  float x0, x1, y0, y1;
            ^~
../example/src/3d_utilities.c:843:8: warning: variable 'x0' set but not used [-Wunused-but-set-variable]
  float x0, x1, y0, y1;
        ^~
At top level:
../example/src/3d_utilities.c:511:13: warning: 'ctr' defined but not used [-Wunused-variable]
  static int ctr = 0;
             ^~~
Finished building: ../example/src/3d_utilities.c
 
Building target: freertos_blinky.axf
Invoking: MCU Linker
arm-none-eabi-gcc -nostdlib -L"C:\Users\Kartik Chakravarty\Documents\MCUXpressoIDE_10.3.0_2200\workspace3\lpc_chip_175x_6x\Debug" -L"C:\Users\Kartik Chakravarty\Documents\MCUXpressoIDE_10.3.0_2200\workspace3\lpc_board_nxp_lpcxpresso_1769\Debug" -Xlinker -Map="freertos_blinky.map" -Xlinker --gc-sections -mcpu=cortex-m3 -mthumb -T "freertos_blinky_Debug.ld" -o "freertos_blinky.axf"  ./freertos/src/FreeRTOSCommonHooks.o ./freertos/src/heap_3.o ./freertos/src/list.o ./freertos/src/port.o ./freertos/src/queue.o ./freertos/src/tasks.o  ./example/src/3d_utilities.o ./example/src/cr_startup_lpc175x_6x.o ./example/src/freertos_blinky.o ./example/src/lcd_utilities.o ./example/src/ssp.o ./example/src/sysinit.o  ./example/inc/co_ordinate.o   -llpc_board_nxp_lpcxpresso_1769 -llpc_chip_175x_6x
Finished building target: freertos_blinky.axf
 
make --no-print-directory post-build
Performing post-build steps
arm-none-eabi-size "freertos_blinky.axf"; # arm-none-eabi-objcopy -v -O binary "freertos_blinky.axf" "freertos_blinky.bin" ; # checksum -p LPC1769 -d "freertos_blinky.bin";
   text	   data	    bss	    dec	    hex	filename
  37836	   1024	   2104	  40964	   a004	freertos_blinky.axf
 
10:49:53 **** Incremental Build of configuration Debug for project CMSIS_CORE_LPC17xx ****
make -r all 
make: Nothing to be done for 'all'.
10:49:53 **** Incremental Build of configuration Debug for project lpc_board_nxp_lpcxpresso_1769 ****
make -r all 
make: Nothing to be done for 'all'.
10:49:54 **** Incremental Build of configuration Debug for project lpc_chip_175x_6x ****
make -r all 
make: Nothing to be done for 'all'.
10:49:55 **** Incremental Build of configuration Debug for project freertos_blinky ****
make -r -j4 all 
make: Nothing to be done for 'all'.
10:49:58 **** Incremental Build of configuration Debug for project freertos_blinky ****
make -r -j4 all 
make: Nothing to be done for 'all'.
12:08:59 **** Incremental Build of configuration Debug for project CMSIS_CORE_LPC17xx ****
make -r all 
make: Nothing to be done for 'all'.
12:09:08 **** Incremental Build of configuration Debug for project lpc_board_nxp_lpcxpresso_1769 ****
make -r all 
make: Nothing to be done for 'all'.
12:09:09 **** Incremental Build of configuration Debug for project lpc_chip_175x_6x ****
make -r all 
make: Nothing to be done for 'all'.
12:09:15 **** Incremental Build of configuration Debug for project freertos_blinky ****
make -r -j4 all 
Building file: ../example/src/freertos_blinky.c
Building file: ../example/src/lcd_utilities.c
Building file: ../example/src/ssp.c
Building file: ../example/src/3d_utilities.c
Invoking: MCU C Compiler
arm-none-eabi-gcc -D__REDLIB__ -DDEBUG -D__CODE_RED -D__USE_LPCOPEN -DCORE_M3 -I"C:\Users\Kartik Chakravarty\Documents\MCUXpressoIDE_10.3.0_2200\workspace3\lpc_chip_175x_6x\inc" -I"C:\Users\Kartik Chakravarty\Documents\MCUXpressoIDE_10.3.0_2200\workspace3\CMSIS_CORE_LPC17xx\inc" -I"C:\Users\Kartik Chakravarty\Documents\MCUXpressoIDE_10.3.0_2200\workspace3\lpc_board_nxp_lpcxpresso_1769\inc" -I"C:\Users\Kartik Chakravarty\Documents\MCUXpressoIDE_10.3.0_2200\workspace3\freertos_blinky\example\inc" -I"C:\Users\Kartik Chakravarty\Documents\MCUXpressoIDE_10.3.0_2200\workspace3\freertos_blinky\freertos\inc" -O0 -g3 -Wall -c -fmessage-length=0 -fno-builtin -ffunction-sections -fdata-sections -mcpu=cortex-m3 -mthumb -specs=redlib.specs -MMD -MP -MF"example/src/freertos_blinky.d" -MT"example/src/freertos_blinky.o" -MT"example/src/freertos_blinky.d" -o "example/src/freertos_blinky.o" "../example/src/freertos_blinky.c"
Invoking: MCU C Compiler
Invoking: MCU C Compiler
Invoking: MCU C Compiler
arm-none-eabi-gcc -D__REDLIB__ -DDEBUG -D__CODE_RED -D__USE_LPCOPEN -DCORE_M3 -I"C:\Users\Kartik Chakravarty\Documents\MCUXpressoIDE_10.3.0_2200\workspace3\lpc_chip_175x_6x\inc" -I"C:\Users\Kartik Chakravarty\Documents\MCUXpressoIDE_10.3.0_2200\workspace3\CMSIS_CORE_LPC17xx\inc" -I"C:\Users\Kartik Chakravarty\Documents\MCUXpressoIDE_10.3.0_2200\workspace3\lpc_board_nxp_lpcxpresso_1769\inc" -I"C:\Users\Kartik Chakravarty\Documents\MCUXpressoIDE_10.3.0_2200\workspace3\freertos_blinky\example\inc" -I"C:\Users\Kartik Chakravarty\Documents\MCUXpressoIDE_10.3.0_2200\workspace3\freertos_blinky\freertos\inc" -O0 -g3 -Wall -c -fmessage-length=0 -fno-builtin -ffunction-sections -fdata-sections -mcpu=cortex-m3 -mthumb -specs=redlib.specs -MMD -MP -MF"example/src/lcd_utilities.d" -MT"example/src/lcd_utilities.o" -MT"example/src/lcd_utilities.d" -o "example/src/lcd_utilities.o" "../example/src/lcd_utilities.c"
arm-none-eabi-gcc -D__REDLIB__ -DDEBUG -D__CODE_RED -D__USE_LPCOPEN -DCORE_M3 -I"C:\Users\Kartik Chakravarty\Documents\MCUXpressoIDE_10.3.0_2200\workspace3\lpc_chip_175x_6x\inc" -I"C:\Users\Kartik Chakravarty\Documents\MCUXpressoIDE_10.3.0_2200\workspace3\CMSIS_CORE_LPC17xx\inc" -I"C:\Users\Kartik Chakravarty\Documents\MCUXpressoIDE_10.3.0_2200\workspace3\lpc_board_nxp_lpcxpresso_1769\inc" -I"C:\Users\Kartik Chakravarty\Documents\MCUXpressoIDE_10.3.0_2200\workspace3\freertos_blinky\example\inc" -I"C:\Users\Kartik Chakravarty\Documents\MCUXpressoIDE_10.3.0_2200\workspace3\freertos_blinky\freertos\inc" -O0 -g3 -Wall -c -fmessage-length=0 -fno-builtin -ffunction-sections -fdata-sections -mcpu=cortex-m3 -mthumb -specs=redlib.specs -MMD -MP -MF"example/src/3d_utilities.d" -MT"example/src/3d_utilities.o" -MT"example/src/3d_utilities.d" -o "example/src/3d_utilities.o" "../example/src/3d_utilities.c"
arm-none-eabi-gcc -D__REDLIB__ -DDEBUG -D__CODE_RED -D__USE_LPCOPEN -DCORE_M3 -I"C:\Users\Kartik Chakravarty\Documents\MCUXpressoIDE_10.3.0_2200\workspace3\lpc_chip_175x_6x\inc" -I"C:\Users\Kartik Chakravarty\Documents\MCUXpressoIDE_10.3.0_2200\workspace3\CMSIS_CORE_LPC17xx\inc" -I"C:\Users\Kartik Chakravarty\Documents\MCUXpressoIDE_10.3.0_2200\workspace3\lpc_board_nxp_lpcxpresso_1769\inc" -I"C:\Users\Kartik Chakravarty\Documents\MCUXpressoIDE_10.3.0_2200\workspace3\freertos_blinky\example\inc" -I"C:\Users\Kartik Chakravarty\Documents\MCUXpressoIDE_10.3.0_2200\workspace3\freertos_blinky\freertos\inc" -O0 -g3 -Wall -c -fmessage-length=0 -fno-builtin -ffunction-sections -fdata-sections -mcpu=cortex-m3 -mthumb -specs=redlib.specs -MMD -MP -MF"example/src/ssp.d" -MT"example/src/ssp.o" -MT"example/src/ssp.d" -o "example/src/ssp.o" "../example/src/ssp.c"
../example/src/3d_utilities.c: In function 'drawcube':
../example/src/3d_utilities.c:399:13: warning: implicit declaration of function 'abs'; did you mean 'fabs'? [-Wimplicit-function-declaration]
    steps = (abs((int) dx)) > (abs((int) dy)) ?
             ^~~
             fabs
../example/src/3d_utilities.c:406:12: warning: unused variable 't2_temp' [-Wunused-variable]
    point3D t2_temp = t2;
            ^~~~~~~
../example/src/3d_utilities.c:401:28: warning: unused variable 'yStep' [-Wunused-variable]
    float xInc, yInc, xStep,yStep;
                            ^~~~~
../example/src/3d_utilities.c:401:22: warning: unused variable 'xStep' [-Wunused-variable]
    float xInc, yInc, xStep,yStep;
                      ^~~~~
../example/src/3d_utilities.c:479:9: warning: unused variable 'm' [-Wunused-variable]
   float m = (ZX3.y - ZX1.y) / (ZX3.x - ZX1.x);
         ^
../example/src/3d_utilities.c:373:22: warning: unused variable 't4' [-Wunused-variable]
  point3D t1, t2, t3, t4;
                      ^~
../example/src/3d_utilities.c:373:18: warning: unused variable 't3' [-Wunused-variable]
  point3D t1, t2, t3, t4;
                  ^~
../example/src/3d_utilities.c: In function 'fillShadow':
../example/src/3d_utilities.c:513:31: warning: unused variable 'temp4' [-Wunused-variable]
  point3D temp1, temp2, temp3, temp4;
                               ^~~~~
../example/src/3d_utilities.c:513:24: warning: unused variable 'temp3' [-Wunused-variable]
  point3D temp1, temp2, temp3, temp4;
                        ^~~~~
../example/src/3d_utilities.c:511:13: warning: unused variable 'ctr' [-Wunused-variable]
  static int ctr = 0;
             ^~~
../example/src/3d_utilities.c: In function 'fillCube':
../example/src/3d_utilities.c:596:22: warning: unused variable 't4' [-Wunused-variable]
  point3D t1, t2, t3, t4;
                      ^~
../example/src/3d_utilities.c:596:18: warning: unused variable 't3' [-Wunused-variable]
  point3D t1, t2, t3, t4;
                  ^~
../example/src/3d_utilities.c: At top level:
../example/src/3d_utilities.c:624:1: warning: "/*" within comment [-Wcomment]
 /**
  
../example/src/3d_utilities.c: In function 'background':
../example/src/3d_utilities.c:640:22: warning: unused variable 'XY4' [-Wunused-variable]
    { 250, -400, 0 }, XY4 = { 150, 300, 0 };
                      ^~~
../example/src/3d_utilities.c: In function 'draw_trees':
../example/src/3d_utilities.c:850:2: warning: implicit declaration of function 'srand'; did you mean 'scanf'? [-Wimplicit-function-declaration]
  srand(time(NULL));
  ^~~~~
  scanf
../example/src/3d_utilities.c:850:8: warning: implicit declaration of function 'time' [-Wimplicit-function-declaration]
  srand(time(NULL));
        ^~~~
../example/src/3d_utilities.c:886:17: warning: passing argument 1 of 'conv_3D_to_2D' from incompatible pointer type [-Wincompatible-pointer-types]
   conv_3D_to_2D(&arr[0].x, &p1);
                 ^
../example/src/3d_utilities.c:155:6: note: expected 'point3D * {aka struct point3D *}' but argument is of type 'float *'
 void conv_3D_to_2D(point3D* a_3d_point, point* a_2d_point) {
      ^~~~~~~~~~~~~
../example/src/3d_utilities.c:889:17: warning: passing argument 1 of 'conv_3D_to_2D' from incompatible pointer type [-Wincompatible-pointer-types]
   conv_3D_to_2D(&arr[1].x, &p2);
                 ^
../example/src/3d_utilities.c:155:6: note: expected 'point3D * {aka struct point3D *}' but argument is of type 'float *'
 void conv_3D_to_2D(point3D* a_3d_point, point* a_2d_point) {
      ^~~~~~~~~~~~~
../example/src/3d_utilities.c:965:9: warning: implicit declaration of function 'rand'; did you mean 'tanh'? [-Wimplicit-function-declaration]
   len = rand() % 20 + 20;
         ^~~~
         tanh
../example/src/3d_utilities.c:844:17: warning: unused variable 'b0' [-Wunused-variable]
  float a0 = 64, b0 = 80; //source coordinate
                 ^~
../example/src/3d_utilities.c:844:8: warning: unused variable 'a0' [-Wunused-variable]
  float a0 = 64, b0 = 80; //source coordinate
        ^~
../example/src/3d_utilities.c:843:20: warning: unused variable 'y1' [-Wunused-variable]
  float x0, x1, y0, y1;
                    ^~
../example/src/3d_utilities.c:843:16: warning: variable 'y0' set but not used [-Wunused-but-set-variable]
  float x0, x1, y0, y1;
                ^~
../example/src/3d_utilities.c:843:12: warning: unused variable 'x1' [-Wunused-variable]
  float x0, x1, y0, y1;
            ^~
../example/src/3d_utilities.c:843:8: warning: variable 'x0' set but not used [-Wunused-but-set-variable]
  float x0, x1, y0, y1;
        ^~
../example/src/lcd_utilities.c: In function 'lcddelay':
../example/src/lcd_utilities.c:152:30: warning: statement with no effect [-Wunused-value]
  for (i = count * ms; i--; i > 0)
                            ~~^~~
At top level:
../example/src/3d_utilities.c:511:13: warning: 'ctr' defined but not used [-Wunused-variable]
  static int ctr = 0;
             ^~~
../example/src/freertos_blinky.c: In function 'vThreeDTask':
../example/src/freertos_blinky.c:67:9: warning: type defaults to 'int' in declaration of 'run' [-Wimplicit-int]
  static run = 0;
         ^~~
Finished building: ../example/src/freertos_blinky.c
Finished building: ../example/src/3d_utilities.c
Finished building: ../example/src/ssp.c
Finished building: ../example/src/lcd_utilities.c
 
 
 
 
Building file: ../example/inc/co_ordinate.c
Invoking: MCU C Compiler
arm-none-eabi-gcc -D__REDLIB__ -DDEBUG -D__CODE_RED -D__USE_LPCOPEN -DCORE_M3 -I"C:\Users\Kartik Chakravarty\Documents\MCUXpressoIDE_10.3.0_2200\workspace3\lpc_chip_175x_6x\inc" -I"C:\Users\Kartik Chakravarty\Documents\MCUXpressoIDE_10.3.0_2200\workspace3\CMSIS_CORE_LPC17xx\inc" -I"C:\Users\Kartik Chakravarty\Documents\MCUXpressoIDE_10.3.0_2200\workspace3\lpc_board_nxp_lpcxpresso_1769\inc" -I"C:\Users\Kartik Chakravarty\Documents\MCUXpressoIDE_10.3.0_2200\workspace3\freertos_blinky\example\inc" -I"C:\Users\Kartik Chakravarty\Documents\MCUXpressoIDE_10.3.0_2200\workspace3\freertos_blinky\freertos\inc" -O0 -g3 -Wall -c -fmessage-length=0 -fno-builtin -ffunction-sections -fdata-sections -mcpu=cortex-m3 -mthumb -specs=redlib.specs -MMD -MP -MF"example/inc/co_ordinate.d" -MT"example/inc/co_ordinate.o" -MT"example/inc/co_ordinate.d" -o "example/inc/co_ordinate.o" "../example/inc/co_ordinate.c"
Finished building: ../example/inc/co_ordinate.c
 
Building target: freertos_blinky.axf
Invoking: MCU Linker
arm-none-eabi-gcc -nostdlib -L"C:\Users\Kartik Chakravarty\Documents\MCUXpressoIDE_10.3.0_2200\workspace3\lpc_chip_175x_6x\Debug" -L"C:\Users\Kartik Chakravarty\Documents\MCUXpressoIDE_10.3.0_2200\workspace3\lpc_board_nxp_lpcxpresso_1769\Debug" -Xlinker -Map="freertos_blinky.map" -Xlinker --gc-sections -mcpu=cortex-m3 -mthumb -T "freertos_blinky_Debug.ld" -o "freertos_blinky.axf"  ./freertos/src/FreeRTOSCommonHooks.o ./freertos/src/heap_3.o ./freertos/src/list.o ./freertos/src/port.o ./freertos/src/queue.o ./freertos/src/tasks.o  ./example/src/3d_utilities.o ./example/src/cr_startup_lpc175x_6x.o ./example/src/freertos_blinky.o ./example/src/lcd_utilities.o ./example/src/ssp.o ./example/src/sysinit.o  ./example/inc/co_ordinate.o   -llpc_board_nxp_lpcxpresso_1769 -llpc_chip_175x_6x
Finished building target: freertos_blinky.axf
 
make --no-print-directory post-build
Performing post-build steps
arm-none-eabi-size "freertos_blinky.axf"; # arm-none-eabi-objcopy -v -O binary "freertos_blinky.axf" "freertos_blinky.bin" ; # checksum -p LPC1769 -d "freertos_blinky.bin";
   text	   data	    bss	    dec	    hex	filename
  37636	   1024	   2104	  40764	   9f3c	freertos_blinky.axf
 
12:10:12 **** Incremental Build of configuration Debug for project CMSIS_CORE_LPC17xx ****
make -r all 
make: Nothing to be done for 'all'.
12:10:13 **** Incremental Build of configuration Debug for project lpc_board_nxp_lpcxpresso_1769 ****
make -r all 
make: Nothing to be done for 'all'.
12:10:15 **** Incremental Build of configuration Debug for project lpc_chip_175x_6x ****
make -r all 
make: Nothing to be done for 'all'.
12:10:16 **** Incremental Build of configuration Debug for project freertos_blinky ****
make -r -j4 all 
make: Nothing to be done for 'all'.
12:10:18 **** Incremental Build of configuration Debug for project freertos_blinky ****
make -r -j4 all 
make: Nothing to be done for 'all'.
